[0.009s][info][gc,init] CardTable entry size: 512
[0.009s][info][gc     ] Using G1
[0.010s][info][gc,init] Version: 25.0.1+8-LTS (release)
[0.010s][info][gc,init] CPUs: 8 total, 8 available
[0.010s][info][gc,init] Memory: 49089M
[0.010s][info][gc,init] Large Page Support: Disabled
[0.010s][info][gc,init] NUMA Support: Disabled
[0.010s][info][gc,init] Compressed Oops: Enabled (32-bit)
[0.010s][info][gc,init] Heap Region Size: 1M
[0.010s][info][gc,init] Heap Min Capacity: 8M
[0.010s][info][gc,init] Heap Initial Capacity: 256M
[0.010s][info][gc,init] Heap Max Capacity: 256M
[0.010s][info][gc,init] Pre-touch: Disabled
[0.011s][info][gc,init] Parallel Workers: 8
[0.011s][info][gc,init] Concurrent Workers: 2
[0.011s][info][gc,init] Concurrent Refinement Workers: 8
[0.011s][info][gc,init] Periodic GC: Disabled
[0.017s][info][gc,metaspace] CDS archive(s) mapped at: [0x000000008a000000-0x000000008add0000-0x000000008add0000), size 14483456, SharedBaseAddress: 0x000000008a000000, ArchiveRelocationMode: 1.
[0.017s][info][gc,metaspace] Compressed class space mapped at: 0x000000008b000000-0x00000000cb000000, reserved size: 1073741824
[0.017s][info][gc,metaspace] UseCompressedClassPointers 1, UseCompactObjectHeaders 0
[0.017s][info][gc,metaspace] Narrow klass pointer bits 32, Max shift 3
[0.017s][info][gc,metaspace] Narrow klass base: 0x000000008a000000, Narrow klass shift: 0
[0.017s][info][gc,metaspace] Encoding Range: [0x000000008a000000 - 0x000000018a000000), (4294967296 bytes)
[0.017s][info][gc,metaspace] Klass Range:    [0x000000008a010000 - 0x00000000cb000000), (1090453504 bytes)
[0.017s][info][gc,metaspace] Klass ID Range:  [65536 - 1090519033) (1090453497)
[0.017s][info][gc,metaspace] Protection zone: [0x000000008a000000 - 0x000000008a010000), (65536 bytes)
[0.334s][info][gc,start    ] GC(0) Pause Young (Normal) (G1 Evacuation Pause)
[0.335s][info][gc,task     ] GC(0) Using 6 workers of 8 for evacuation
[0.337s][info][gc,phases   ] GC(0)   Pre Evacuate Collection Set: 0.13ms
[0.337s][info][gc,phases   ] GC(0)   Merge Heap Roots: 0.07ms
[0.337s][info][gc,phases   ] GC(0)   Evacuate Collection Set: 1.87ms
[0.337s][info][gc,phases   ] GC(0)   Post Evacuate Collection Set: 0.45ms
[0.337s][info][gc,phases   ] GC(0)   Other: 0.22ms
[0.337s][info][gc,heap     ] GC(0) Eden regions: 22->0(107)
[0.337s][info][gc,heap     ] GC(0) Survivor regions: 0->3(3)
[0.337s][info][gc,heap     ] GC(0) Old regions: 2->3
[0.337s][info][gc,heap     ] GC(0) Humongous regions: 0->0
[0.337s][info][gc,metaspace] GC(0) Metaspace: 8561K(8768K)->8561K(8768K) NonClass: 7741K(7872K)->7741K(7872K) Class: 820K(896K)->820K(896K)
[0.337s][info][gc          ] GC(0) Pause Young (Normal) (G1 Evacuation Pause) 23M->5M(256M) 2.982ms
[0.337s][info][gc,cpu      ] GC(0) User=0.00s Sys=0.00s Real=0.00s
[2.601s][info][gc,start    ] GC(1) Pause Young (Concurrent Start) (G1 Humongous Allocation)
[2.601s][info][gc,task     ] GC(1) Using 6 workers of 8 for evacuation
[2.605s][info][gc,phases   ] GC(1)   Pre Evacuate Collection Set: 0.32ms
[2.605s][info][gc,phases   ] GC(1)   Merge Heap Roots: 0.11ms
[2.605s][info][gc,phases   ] GC(1)   Evacuate Collection Set: 2.05ms
[2.605s][info][gc,phases   ] GC(1)   Post Evacuate Collection Set: 0.57ms
[2.605s][info][gc,phases   ] GC(1)   Other: 0.05ms
[2.605s][info][gc,heap     ] GC(1) Eden regions: 12->0(69)
[2.605s][info][gc,heap     ] GC(1) Survivor regions: 3->6(14)
[2.605s][info][gc,heap     ] GC(1) Old regions: 3->3
[2.605s][info][gc,heap     ] GC(1) Humongous regions: 112->112
[2.605s][info][gc,metaspace] GC(1) Metaspace: 10107K(10304K)->10107K(10304K) NonClass: 9082K(9216K)->9082K(9216K) Class: 1025K(1088K)->1025K(1088K)
[2.605s][info][gc          ] GC(1) Pause Young (Concurrent Start) (G1 Humongous Allocation) 128M->119M(256M) 3.289ms
[2.605s][info][gc,cpu      ] GC(1) User=0.00s Sys=0.00s Real=0.00s
[2.605s][info][gc          ] GC(2) Concurrent Undo Cycle
[2.605s][info][gc,marking  ] GC(2) Concurrent Clear Claimed Marks
[2.605s][info][gc,marking  ] GC(2) Concurrent Clear Claimed Marks 0.014ms
[2.605s][info][gc,marking  ] GC(2) Concurrent Cleanup for Next Mark
[2.605s][info][gc,marking  ] GC(2) Concurrent Cleanup for Next Mark 0.123ms
[2.605s][info][gc          ] GC(2) Concurrent Undo Cycle 0.286ms
[2.624s][info][gc,start    ] GC(3) Pause Young (Concurrent Start) (G1 Humongous Allocation)
[2.624s][info][gc,task     ] GC(3) Using 6 workers of 8 for evacuation
[2.627s][info][gc,phases   ] GC(3)   Pre Evacuate Collection Set: 0.30ms
[2.627s][info][gc,phases   ] GC(3)   Merge Heap Roots: 0.12ms
[2.627s][info][gc,phases   ] GC(3)   Evacuate Collection Set: 1.56ms
[2.627s][info][gc,phases   ] GC(3)   Post Evacuate Collection Set: 0.58ms
[2.627s][info][gc,phases   ] GC(3)   Other: 0.05ms
[2.627s][info][gc,heap     ] GC(3) Eden regions: 1->0(83)
[2.627s][info][gc,heap     ] GC(3) Survivor regions: 6->5(10)
[2.627s][info][gc,heap     ] GC(3) Old regions: 3->3
[2.627s][info][gc,heap     ] GC(3) Humongous regions: 113->113
[2.627s][info][gc,metaspace] GC(3) Metaspace: 10109K(10304K)->10109K(10304K) NonClass: 9083K(9216K)->9083K(9216K) Class: 1025K(1088K)->1025K(1088K)
[2.627s][info][gc          ] GC(3) Pause Young (Concurrent Start) (G1 Humongous Allocation) 121M->120M(256M) 2.772ms
[2.627s][info][gc,cpu      ] GC(3) User=0.00s Sys=0.00s Real=0.00s
[2.627s][info][gc          ] GC(4) Concurrent Mark Cycle
[2.627s][info][gc,marking  ] GC(4) Concurrent Scan Root Regions
[2.628s][info][gc,marking  ] GC(4) Concurrent Scan Root Regions 1.443ms
[2.628s][info][gc,marking  ] GC(4) Concurrent Mark
[2.628s][info][gc,marking  ] GC(4) Concurrent Mark From Roots
[2.628s][info][gc,task     ] GC(4) Using 2 workers of 2 for marking
[2.630s][info][gc,marking  ] GC(4) Concurrent Mark From Roots 1.419ms
[2.630s][info][gc,marking  ] GC(4) Concurrent Preclean
[2.630s][info][gc,marking  ] GC(4) Concurrent Preclean 0.011ms
[2.630s][info][gc,start    ] GC(4) Pause Remark
[2.631s][info][gc          ] GC(4) Pause Remark 121M->121M(256M) 0.905ms
[2.631s][info][gc,cpu      ] GC(4) User=0.00s Sys=0.00s Real=0.00s
[2.631s][info][gc,marking  ] GC(4) Concurrent Mark 2.494ms
[2.631s][info][gc,marking  ] GC(4) Concurrent Rebuild Remembered Sets and Scrub Regions
[2.632s][info][gc,marking  ] GC(4) Concurrent Rebuild Remembered Sets and Scrub Regions 0.905ms
[2.632s][info][gc,start    ] GC(4) Pause Cleanup
[2.632s][info][gc          ] GC(4) Pause Cleanup 121M->121M(256M) 0.051ms
[2.632s][info][gc,cpu      ] GC(4) User=0.00s Sys=0.00s Real=0.00s
[2.632s][info][gc,marking  ] GC(4) Concurrent Clear Claimed Marks
[2.632s][info][gc,marking  ] GC(4) Concurrent Clear Claimed Marks 0.015ms
[2.632s][info][gc,marking  ] GC(4) Concurrent Cleanup for Next Mark
[2.632s][info][gc,marking  ] GC(4) Concurrent Cleanup for Next Mark 0.543ms
[2.632s][info][gc          ] GC(4) Concurrent Mark Cycle 5.642ms
[5.185s][info][gc,start    ] GC(5) Pause Young (Prepare Mixed) (G1 Humongous Allocation)
[5.185s][info][gc,task     ] GC(5) Using 6 workers of 8 for evacuation
[5.189s][info][gc,phases   ] GC(5)   Pre Evacuate Collection Set: 0.23ms
[5.189s][info][gc,phases   ] GC(5)   Merge Heap Roots: 0.12ms
[5.189s][info][gc,phases   ] GC(5)   Evacuate Collection Set: 2.10ms
[5.189s][info][gc,phases   ] GC(5)   Post Evacuate Collection Set: 1.23ms
[5.189s][info][gc,phases   ] GC(5)   Other: 0.05ms
[5.189s][info][gc,heap     ] GC(5) Eden regions: 1->0(1)
[5.189s][info][gc,heap     ] GC(5) Survivor regions: 5->0(0)
[5.189s][info][gc,heap     ] GC(5) Old regions: 3->9
[5.189s][info][gc,heap     ] GC(5) Humongous regions: 247->247
[5.189s][info][gc,metaspace] GC(5) Metaspace: 10112K(10304K)->10112K(10304K) NonClass: 9086K(9216K)->9086K(9216K) Class: 1025K(1088K)->1025K(1088K)
[5.189s][info][gc          ] GC(5) Pause Young (Prepare Mixed) (G1 Humongous Allocation) (Evacuation Failure: Allocation) 254M->254M(256M) 3.901ms
[5.189s][info][gc,cpu      ] GC(5) User=0.05s Sys=0.05s Real=0.00s
[5.189s][info][gc,ergo     ] Attempting full compaction
[5.189s][info][gc,start    ] GC(6) Pause Full (G1 Compaction Pause)
[5.189s][info][gc,task     ] GC(6) Using 6 workers of 8 for full compaction
[5.189s][info][gc,phases,start] GC(6) Phase 1: Mark live objects
[5.192s][info][gc,phases      ] GC(6) Phase 1: Mark live objects 2.256ms
[5.192s][info][gc,phases,start] GC(6) Phase 2: Prepare compaction
[5.192s][info][gc,phases      ] GC(6) Phase 2: Prepare compaction 0.415ms
[5.192s][info][gc,phases,start] GC(6) Phase 3: Adjust pointers
[5.193s][info][gc,phases      ] GC(6) Phase 3: Adjust pointers 1.106ms
[5.193s][info][gc,phases,start] GC(6) Phase 4: Compact heap
[5.194s][info][gc,phases      ] GC(6) Phase 4: Compact heap 0.505ms
[5.194s][info][gc,phases,start] GC(6) Phase 5: Reset Metadata
[5.194s][info][gc,phases      ] GC(6) Phase 5: Reset Metadata 0.293ms
[5.195s][info][gc,heap        ] GC(6) Eden regions: 0->0(2)
[5.195s][info][gc,heap        ] GC(6) Survivor regions: 0->0(0)
[5.195s][info][gc,heap        ] GC(6) Old regions: 9->7
[5.195s][info][gc,heap        ] GC(6) Humongous regions: 247->247
[5.195s][info][gc,metaspace   ] GC(6) Metaspace: 10112K(10304K)->10103K(10304K) NonClass: 9086K(9216K)->9080K(9216K) Class: 1025K(1088K)->1023K(1088K)
[5.195s][info][gc             ] GC(6) Pause Full (G1 Compaction Pause) 254M->250M(256M) 6.297ms
[5.195s][info][gc,cpu         ] GC(6) User=0.00s Sys=0.00s Real=0.01s
[5.215s][info][gc,start       ] GC(7) Pause Young (Concurrent Start) (G1 Humongous Allocation)
[5.215s][info][gc,task        ] GC(7) Using 6 workers of 8 for evacuation
[5.216s][info][gc,phases      ] GC(7)   Pre Evacuate Collection Set: 0.29ms
[5.216s][info][gc,phases      ] GC(7)   Merge Heap Roots: 0.11ms
[5.216s][info][gc,phases      ] GC(7)   Evacuate Collection Set: 0.20ms
[5.216s][info][gc,phases      ] GC(7)   Post Evacuate Collection Set: 0.44ms
[5.216s][info][gc,phases      ] GC(7)   Other: 0.04ms
[5.216s][info][gc,heap        ] GC(7) Eden regions: 1->0(1)
[5.216s][info][gc,heap        ] GC(7) Survivor regions: 0->0(0)
[5.216s][info][gc,heap        ] GC(7) Old regions: 7->7
[5.216s][info][gc,heap        ] GC(7) Humongous regions: 248->248
[5.216s][info][gc,metaspace   ] GC(7) Metaspace: 10103K(10304K)->10103K(10304K) NonClass: 9080K(9216K)->9080K(9216K) Class: 1023K(1088K)->1023K(1088K)
[5.216s][info][gc             ] GC(7) Pause Young (Concurrent Start) (G1 Humongous Allocation) 251M->251M(256M) 1.244ms
[5.216s][info][gc,cpu         ] GC(7) User=0.00s Sys=0.00s Real=0.00s
[5.216s][info][gc             ] GC(8) Concurrent Mark Cycle
[5.217s][info][gc,marking     ] GC(8) Concurrent Scan Root Regions
[5.217s][info][gc,marking     ] GC(8) Concurrent Scan Root Regions 0.012ms
[5.217s][info][gc,marking     ] GC(8) Concurrent Mark
[5.217s][info][gc,marking     ] GC(8) Concurrent Mark From Roots
[5.217s][info][gc,task        ] GC(8) Using 2 workers of 2 for marking
[5.217s][info][gc,start       ] GC(9) Pause Young (Normal) (G1 Evacuation Pause)
[5.217s][info][gc,task        ] GC(9) Using 6 workers of 8 for evacuation
[5.217s][info][gc,phases      ] GC(9)   Pre Evacuate Collection Set: 0.16ms
[5.217s][info][gc,phases      ] GC(9)   Merge Heap Roots: 0.10ms
[5.217s][info][gc,phases      ] GC(9)   Evacuate Collection Set: 0.16ms
[5.217s][info][gc,phases      ] GC(9)   Post Evacuate Collection Set: 0.27ms
[5.217s][info][gc,phases      ] GC(9)   Other: 0.03ms
[5.218s][info][gc,heap        ] GC(9) Eden regions: 0->0(1)
[5.218s][info][gc,heap        ] GC(9) Survivor regions: 0->0(0)
[5.218s][info][gc,heap        ] GC(9) Old regions: 7->7
[5.218s][info][gc,heap        ] GC(9) Humongous regions: 249->249
[5.218s][info][gc,metaspace   ] GC(9) Metaspace: 10103K(10304K)->10103K(10304K) NonClass: 9080K(9216K)->9080K(9216K) Class: 1023K(1088K)->1023K(1088K)
[5.218s][info][gc             ] GC(9) Pause Young (Normal) (G1 Evacuation Pause) 252M->252M(256M) 0.836ms
[5.218s][info][gc,cpu         ] GC(9) User=0.06s Sys=0.02s Real=0.00s
[5.218s][info][gc,ergo        ] Attempting full compaction
[5.218s][info][gc,start       ] GC(10) Pause Full (G1 Compaction Pause)
[5.218s][info][gc,task        ] GC(10) Using 6 workers of 8 for full compaction
[5.218s][info][gc,phases,start] GC(10) Phase 1: Mark live objects
[5.220s][info][gc,phases      ] GC(10) Phase 1: Mark live objects 1.708ms
[5.220s][info][gc,phases,start] GC(10) Phase 2: Prepare compaction
[5.220s][info][gc,phases      ] GC(10) Phase 2: Prepare compaction 0.859ms
[5.220s][info][gc,phases,start] GC(10) Phase 3: Adjust pointers
[5.221s][info][gc,phases      ] GC(10) Phase 3: Adjust pointers 0.961ms
[5.221s][info][gc,phases,start] GC(10) Phase 4: Compact heap
[5.222s][info][gc,phases      ] GC(10) Phase 4: Compact heap 0.817ms
[5.222s][info][gc,phases,start] GC(10) Phase 5: Reset Metadata
[5.223s][info][gc,phases      ] GC(10) Phase 5: Reset Metadata 0.293ms
[5.224s][info][gc,heap        ] GC(10) Eden regions: 0->0(3)
[5.224s][info][gc,heap        ] GC(10) Survivor regions: 0->0(0)
[5.224s][info][gc,heap        ] GC(10) Old regions: 7->4
[5.224s][info][gc,heap        ] GC(10) Humongous regions: 249->249
[5.224s][info][gc,metaspace   ] GC(10) Metaspace: 10103K(10304K)->10103K(10304K) NonClass: 9080K(9216K)->9080K(9216K) Class: 1023K(1088K)->1023K(1088K)
[5.224s][info][gc             ] GC(10) Pause Full (G1 Compaction Pause) 252M->252M(256M) 6.087ms
[5.224s][info][gc,cpu         ] GC(10) User=0.00s Sys=0.00s Real=0.01s
[5.224s][info][gc,marking     ] GC(8) Concurrent Mark From Roots 7.277ms
[5.224s][info][gc,marking     ] GC(8) Concurrent Mark Abort
[5.224s][info][gc             ] GC(8) Concurrent Mark Cycle 7.375ms
[5.242s][info][gc,start       ] GC(11) Pause Young (Concurrent Start) (G1 Humongous Allocation)
[5.242s][info][gc,task        ] GC(11) Using 6 workers of 8 for evacuation
[5.243s][info][gc,phases      ] GC(11)   Pre Evacuate Collection Set: 0.19ms
[5.243s][info][gc,phases      ] GC(11)   Merge Heap Roots: 0.10ms
[5.243s][info][gc,phases      ] GC(11)   Evacuate Collection Set: 0.22ms
[5.243s][info][gc,phases      ] GC(11)   Post Evacuate Collection Set: 0.43ms
[5.243s][info][gc,phases      ] GC(11)   Other: 0.05ms
[5.243s][info][gc,heap        ] GC(11) Eden regions: 1->0(3)
[5.243s][info][gc,heap        ] GC(11) Survivor regions: 0->0(1)
[5.243s][info][gc,heap        ] GC(11) Old regions: 4->4
[5.243s][info][gc,heap        ] GC(11) Humongous regions: 249->249
[5.243s][info][gc,metaspace   ] GC(11) Metaspace: 10103K(10304K)->10103K(10304K) NonClass: 9080K(9216K)->9080K(9216K) Class: 1023K(1088K)->1023K(1088K)
[5.243s][info][gc             ] GC(11) Pause Young (Concurrent Start) (G1 Humongous Allocation) 252M->252M(256M) 1.157ms
[5.243s][info][gc,cpu         ] GC(11) User=0.00s Sys=0.00s Real=0.00s
[5.243s][info][gc             ] GC(12) Concurrent Mark Cycle
[5.244s][info][gc,marking     ] GC(12) Concurrent Scan Root Regions
[5.244s][info][gc,marking     ] GC(12) Concurrent Scan Root Regions 0.012ms
[5.244s][info][gc,marking     ] GC(12) Concurrent Mark
[5.244s][info][gc,marking     ] GC(12) Concurrent Mark From Roots
[5.244s][info][gc,task        ] GC(12) Using 2 workers of 2 for marking
[5.247s][info][gc,marking     ] GC(12) Concurrent Mark From Roots 3.186ms
[5.247s][info][gc,marking     ] GC(12) Concurrent Preclean
[5.247s][info][gc,marking     ] GC(12) Concurrent Preclean 0.020ms
[5.247s][info][gc,start       ] GC(12) Pause Remark
[5.248s][info][gc             ] GC(12) Pause Remark 253M->253M(256M) 1.055ms
[5.248s][info][gc,cpu         ] GC(12) User=0.00s Sys=0.00s Real=0.00s
[5.248s][info][gc,marking     ] GC(12) Concurrent Mark 4.455ms
[5.248s][info][gc,marking     ] GC(12) Concurrent Rebuild Remembered Sets and Scrub Regions
[5.249s][info][gc,marking     ] GC(12) Concurrent Rebuild Remembered Sets and Scrub Regions 1.255ms
[5.249s][info][gc,start       ] GC(12) Pause Cleanup
[5.249s][info][gc             ] GC(12) Pause Cleanup 253M->253M(256M) 0.066ms
[5.249s][info][gc,cpu         ] GC(12) User=0.00s Sys=0.00s Real=0.00s
[5.249s][info][gc,marking     ] GC(12) Concurrent Clear Claimed Marks
[5.249s][info][gc,marking     ] GC(12) Concurrent Clear Claimed Marks 0.022ms
[5.249s][info][gc,marking     ] GC(12) Concurrent Cleanup for Next Mark
[5.250s][info][gc,marking     ] GC(12) Concurrent Cleanup for Next Mark 0.295ms
[5.250s][info][gc             ] GC(12) Concurrent Mark Cycle 6.333ms
[5.283s][info][gc,start       ] GC(13) Pause Young (Prepare Mixed) (G1 Humongous Allocation)
[5.283s][info][gc,task        ] GC(13) Using 6 workers of 8 for evacuation
[5.284s][info][gc,phases      ] GC(13)   Pre Evacuate Collection Set: 0.17ms
[5.284s][info][gc,phases      ] GC(13)   Merge Heap Roots: 0.19ms
[5.284s][info][gc,phases      ] GC(13)   Evacuate Collection Set: 0.12ms
[5.284s][info][gc,phases      ] GC(13)   Post Evacuate Collection Set: 0.39ms
[5.284s][info][gc,phases      ] GC(13)   Other: 0.05ms
[5.284s][info][gc,heap        ] GC(13) Eden regions: 1->0(1)
[5.284s][info][gc,heap        ] GC(13) Survivor regions: 0->0(0)
[5.284s][info][gc,heap        ] GC(13) Old regions: 4->4
[5.284s][info][gc,heap        ] GC(13) Humongous regions: 251->251
[5.284s][info][gc,metaspace   ] GC(13) Metaspace: 10103K(10304K)->10103K(10304K) NonClass: 9080K(9216K)->9080K(9216K) Class: 1023K(1088K)->1023K(1088K)
[5.284s][info][gc             ] GC(13) Pause Young (Prepare Mixed) (G1 Humongous Allocation) 254M->254M(256M) 1.106ms
[5.284s][info][gc,cpu         ] GC(13) User=0.00s Sys=0.00s Real=0.00s
[5.284s][info][gc,start       ] GC(14) Pause Young (Mixed) (G1 Evacuation Pause)
[5.284s][info][gc,task        ] GC(14) Using 6 workers of 8 for evacuation
[5.285s][info][gc,phases      ] GC(14)   Pre Evacuate Collection Set: 0.19ms
[5.285s][info][gc,phases      ] GC(14)   Merge Heap Roots: 0.10ms
[5.285s][info][gc,phases      ] GC(14)   Evacuate Collection Set: 0.48ms
[5.285s][info][gc,phases      ] GC(14)   Post Evacuate Collection Set: 0.43ms
[5.285s][info][gc,phases      ] GC(14)   Other: 0.04ms
[5.285s][info][gc,heap        ] GC(14) Eden regions: 0->0(1)
[5.286s][info][gc,heap        ] GC(14) Survivor regions: 0->0(0)
[5.286s][info][gc,heap        ] GC(14) Old regions: 4->4
[5.286s][info][gc,heap        ] GC(14) Humongous regions: 252->252
[5.286s][info][gc,metaspace   ] GC(14) Metaspace: 10103K(10304K)->10103K(10304K) NonClass: 9080K(9216K)->9080K(9216K) Class: 1023K(1088K)->1023K(1088K)
[5.286s][info][gc             ] GC(14) Pause Young (Mixed) (G1 Evacuation Pause) (Evacuation Failure: Allocation) 255M->255M(256M) 1.382ms
[5.286s][info][gc,cpu         ] GC(14) User=0.00s Sys=0.00s Real=0.00s
[5.286s][info][gc,ergo        ] Attempting full compaction
[5.286s][info][gc,start       ] GC(15) Pause Full (G1 Compaction Pause)
[5.286s][info][gc,task        ] GC(15) Using 6 workers of 8 for full compaction
[5.286s][info][gc,phases,start] GC(15) Phase 1: Mark live objects
[5.287s][info][gc,phases      ] GC(15) Phase 1: Mark live objects 1.589ms
[5.287s][info][gc,phases,start] GC(15) Phase 2: Prepare compaction
[5.287s][info][gc,phases      ] GC(15) Phase 2: Prepare compaction 0.143ms
[5.287s][info][gc,phases,start] GC(15) Phase 3: Adjust pointers
[5.288s][info][gc,phases      ] GC(15) Phase 3: Adjust pointers 0.902ms
[5.288s][info][gc,phases,start] GC(15) Phase 4: Compact heap
[5.289s][info][gc,phases      ] GC(15) Phase 4: Compact heap 0.149ms
[5.289s][info][gc,phases,start] GC(15) Phase 5: Reset Metadata
[5.289s][info][gc,phases      ] GC(15) Phase 5: Reset Metadata 0.283ms
[5.290s][info][gc,heap        ] GC(15) Eden regions: 0->0(1)
[5.290s][info][gc,heap        ] GC(15) Survivor regions: 0->0(0)
[5.290s][info][gc,heap        ] GC(15) Old regions: 4->4
[5.290s][info][gc,heap        ] GC(15) Humongous regions: 252->252
[5.290s][info][gc,metaspace   ] GC(15) Metaspace: 10103K(10304K)->10103K(10304K) NonClass: 9080K(9216K)->9080K(9216K) Class: 1023K(1088K)->1023K(1088K)
[5.290s][info][gc             ] GC(15) Pause Full (G1 Compaction Pause) 255M->255M(256M) 4.331ms
[5.290s][info][gc,cpu         ] GC(15) User=0.00s Sys=0.00s Real=0.00s
[5.290s][info][gc,ergo        ] Attempting maximal full compaction clearing soft references
[5.290s][info][gc,start       ] GC(16) Pause Full (G1 Compaction Pause)
[5.290s][info][gc,task        ] GC(16) Using 6 workers of 8 for full compaction
[5.290s][info][gc,phases,start] GC(16) Phase 1: Mark live objects
[5.292s][info][gc,phases      ] GC(16) Phase 1: Mark live objects 1.553ms
[5.292s][info][gc,phases,start] GC(16) Phase 2: Prepare compaction
[5.292s][info][gc,phases      ] GC(16) Phase 2: Prepare compaction 0.774ms
[5.292s][info][gc,phases,start] GC(16) Phase 3: Adjust pointers
[5.293s][info][gc,phases      ] GC(16) Phase 3: Adjust pointers 0.984ms
[5.293s][info][gc,phases,start] GC(16) Phase 4: Compact heap
[5.294s][info][gc,phases      ] GC(16) Phase 4: Compact heap 0.611ms
[5.294s][info][gc,phases,start] GC(16) Phase 5: Reset Metadata
[5.294s][info][gc,phases      ] GC(16) Phase 5: Reset Metadata 0.141ms
[5.295s][info][gc,heap        ] GC(16) Eden regions: 0->0(1)
[5.295s][info][gc,heap        ] GC(16) Survivor regions: 0->0(0)
[5.295s][info][gc,heap        ] GC(16) Old regions: 4->4
[5.295s][info][gc,heap        ] GC(16) Humongous regions: 252->252
[5.295s][info][gc,metaspace   ] GC(16) Metaspace: 10103K(10304K)->10103K(10304K) NonClass: 9080K(9216K)->9080K(9216K) Class: 1023K(1088K)->1023K(1088K)
[5.295s][info][gc             ] GC(16) Pause Full (G1 Compaction Pause) 255M->255M(256M) 5.388ms
[5.295s][info][gc,cpu         ] GC(16) User=0.00s Sys=0.00s Real=0.01s
[5.295s][info][gc,start       ] GC(17) Pause Young (Concurrent Start) (G1 Evacuation Pause)
[5.295s][info][gc,task        ] GC(17) Using 6 workers of 8 for evacuation
[5.296s][info][gc,phases      ] GC(17)   Pre Evacuate Collection Set: 0.24ms
[5.296s][info][gc,phases      ] GC(17)   Merge Heap Roots: 0.08ms
[5.296s][info][gc,phases      ] GC(17)   Evacuate Collection Set: 0.16ms
[5.296s][info][gc,phases      ] GC(17)   Post Evacuate Collection Set: 0.21ms
[5.296s][info][gc,phases      ] GC(17)   Other: 0.04ms
[5.296s][info][gc,heap        ] GC(17) Eden regions: 0->0(1)
[5.296s][info][gc,heap        ] GC(17) Survivor regions: 0->0(0)
[5.296s][info][gc,heap        ] GC(17) Old regions: 4->4
[5.296s][info][gc,heap        ] GC(17) Humongous regions: 252->252
[5.296s][info][gc,metaspace   ] GC(17) Metaspace: 10103K(10304K)->10103K(10304K) NonClass: 9080K(9216K)->9080K(9216K) Class: 1023K(1088K)->1023K(1088K)
[5.296s][info][gc             ] GC(17) Pause Young (Concurrent Start) (G1 Evacuation Pause) 255M->255M(256M) 0.873ms
[5.296s][info][gc,cpu         ] GC(17) User=0.00s Sys=0.00s Real=0.00s
[5.296s][info][gc,ergo        ] Attempting full compaction
[5.296s][info][gc,start       ] GC(18) Pause Full (G1 Compaction Pause)
[5.296s][info][gc             ] GC(19) Concurrent Mark Cycle
[5.296s][info][gc,task        ] GC(18) Using 6 workers of 8 for full compaction
[5.296s][info][gc,marking     ] GC(19) Concurrent Scan Root Regions
[5.296s][info][gc,marking     ] GC(19) Concurrent Scan Root Regions 0.087ms
[5.297s][info][gc,marking     ] GC(19) Concurrent Mark
[5.297s][info][gc,marking     ] GC(19) Concurrent Mark From Roots
[5.297s][info][gc,task        ] GC(19) Using 2 workers of 2 for marking
[5.297s][info][gc,phases,start] GC(18) Phase 1: Mark live objects
[5.298s][info][gc,phases      ] GC(18) Phase 1: Mark live objects 1.529ms
[5.298s][info][gc,phases,start] GC(18) Phase 2: Prepare compaction
[5.298s][info][gc,phases      ] GC(18) Phase 2: Prepare compaction 0.152ms
[5.298s][info][gc,phases,start] GC(18) Phase 3: Adjust pointers
[5.299s][info][gc,phases      ] GC(18) Phase 3: Adjust pointers 0.908ms
[5.299s][info][gc,phases,start] GC(18) Phase 4: Compact heap
[5.300s][info][gc,phases      ] GC(18) Phase 4: Compact heap 0.146ms
[5.300s][info][gc,phases,start] GC(18) Phase 5: Reset Metadata
[5.300s][info][gc,phases      ] GC(18) Phase 5: Reset Metadata 0.307ms
[5.301s][info][gc,heap        ] GC(18) Eden regions: 0->0(1)
[5.301s][info][gc,heap        ] GC(18) Survivor regions: 0->0(0)
[5.301s][info][gc,heap        ] GC(18) Old regions: 4->4
[5.301s][info][gc,heap        ] GC(18) Humongous regions: 252->252
[5.301s][info][gc,metaspace   ] GC(18) Metaspace: 10103K(10304K)->10103K(10304K) NonClass: 9080K(9216K)->9080K(9216K) Class: 1023K(1088K)->1023K(1088K)
[5.301s][info][gc             ] GC(18) Pause Full (G1 Compaction Pause) 255M->255M(256M) 4.498ms
[5.301s][info][gc,cpu         ] GC(18) User=0.00s Sys=0.00s Real=0.01s
[5.301s][info][gc,ergo        ] Attempting maximal full compaction clearing soft references
[5.301s][info][gc,start       ] GC(20) Pause Full (G1 Compaction Pause)
[5.301s][info][gc,task        ] GC(20) Using 6 workers of 8 for full compaction
[5.301s][info][gc,phases,start] GC(20) Phase 1: Mark live objects
[5.303s][info][gc,phases      ] GC(20) Phase 1: Mark live objects 1.622ms
[5.303s][info][gc,phases,start] GC(20) Phase 2: Prepare compaction
[5.304s][info][gc,phases      ] GC(20) Phase 2: Prepare compaction 0.919ms
[5.304s][info][gc,phases,start] GC(20) Phase 3: Adjust pointers
[5.305s][info][gc,phases      ] GC(20) Phase 3: Adjust pointers 1.085ms
[5.305s][info][gc,phases,start] GC(20) Phase 4: Compact heap
[5.306s][info][gc,phases      ] GC(20) Phase 4: Compact heap 0.736ms
[5.306s][info][gc,phases,start] GC(20) Phase 5: Reset Metadata
[5.306s][info][gc,phases      ] GC(20) Phase 5: Reset Metadata 0.164ms
[5.307s][info][gc,heap        ] GC(20) Eden regions: 0->0(1)
[5.307s][info][gc,heap        ] GC(20) Survivor regions: 0->0(0)
[5.307s][info][gc,heap        ] GC(20) Old regions: 4->4
[5.307s][info][gc,heap        ] GC(20) Humongous regions: 252->252
[5.307s][info][gc,metaspace   ] GC(20) Metaspace: 10103K(10304K)->10103K(10304K) NonClass: 9080K(9216K)->9080K(9216K) Class: 1023K(1088K)->1023K(1088K)
[5.307s][info][gc             ] GC(20) Pause Full (G1 Compaction Pause) 255M->255M(256M) 6.010ms
[5.307s][info][gc,cpu         ] GC(20) User=0.00s Sys=0.00s Real=0.01s
[5.307s][info][gc,marking     ] GC(19) Concurrent Mark From Roots 10.518ms
[5.307s][info][gc,marking     ] GC(19) Concurrent Mark Abort
[5.307s][info][gc             ] GC(19) Concurrent Mark Cycle 10.675ms
[5.307s][info][gc,start       ] GC(21) Pause Young (Normal) (G1 Evacuation Pause)
[5.307s][info][gc,task        ] GC(21) Using 6 workers of 8 for evacuation
[5.308s][info][gc,phases      ] GC(21)   Pre Evacuate Collection Set: 0.17ms
[5.308s][info][gc,phases      ] GC(21)   Merge Heap Roots: 0.08ms
[5.308s][info][gc,phases      ] GC(21)   Evacuate Collection Set: 0.14ms
[5.308s][info][gc,phases      ] GC(21)   Post Evacuate Collection Set: 0.32ms
[5.308s][info][gc,phases      ] GC(21)   Other: 0.04ms
[5.308s][info][gc,heap        ] GC(21) Eden regions: 0->0(1)
[5.308s][info][gc,heap        ] GC(21) Survivor regions: 0->0(0)
[5.308s][info][gc,heap        ] GC(21) Old regions: 4->4
[5.308s][info][gc,heap        ] GC(21) Humongous regions: 252->252
[5.308s][info][gc,metaspace   ] GC(21) Metaspace: 10103K(10304K)->10103K(10304K) NonClass: 9080K(9216K)->9080K(9216K) Class: 1023K(1088K)->1023K(1088K)
[5.308s][info][gc             ] GC(21) Pause Young (Normal) (G1 Evacuation Pause) 255M->255M(256M) 0.877ms
[5.308s][info][gc,cpu         ] GC(21) User=0.00s Sys=0.00s Real=0.00s
[5.308s][info][gc,ergo        ] Attempting full compaction
[5.308s][info][gc,start       ] GC(22) Pause Full (G1 Compaction Pause)
[5.308s][info][gc,task        ] GC(22) Using 6 workers of 8 for full compaction
[5.308s][info][gc,phases,start] GC(22) Phase 1: Mark live objects
[5.310s][info][gc,phases      ] GC(22) Phase 1: Mark live objects 1.473ms
[5.310s][info][gc,phases,start] GC(22) Phase 2: Prepare compaction
[5.310s][info][gc,phases      ] GC(22) Phase 2: Prepare compaction 0.136ms
[5.310s][info][gc,phases,start] GC(22) Phase 3: Adjust pointers
[5.311s][info][gc,phases      ] GC(22) Phase 3: Adjust pointers 0.998ms
[5.311s][info][gc,phases,start] GC(22) Phase 4: Compact heap
[5.311s][info][gc,phases      ] GC(22) Phase 4: Compact heap 0.183ms
[5.311s][info][gc,phases,start] GC(22) Phase 5: Reset Metadata
[5.311s][info][gc,phases      ] GC(22) Phase 5: Reset Metadata 0.326ms
[5.312s][info][gc,heap        ] GC(22) Eden regions: 0->0(1)
[5.312s][info][gc,heap        ] GC(22) Survivor regions: 0->0(0)
[5.312s][info][gc,heap        ] GC(22) Old regions: 4->4
[5.312s][info][gc,heap        ] GC(22) Humongous regions: 252->252
[5.312s][info][gc,metaspace   ] GC(22) Metaspace: 10103K(10304K)->10103K(10304K) NonClass: 9080K(9216K)->9080K(9216K) Class: 1023K(1088K)->1023K(1088K)
[5.312s][info][gc             ] GC(22) Pause Full (G1 Compaction Pause) 255M->255M(256M) 4.408ms
[5.312s][info][gc,cpu         ] GC(22) User=0.00s Sys=0.05s Real=0.00s
[5.312s][info][gc,ergo        ] Attempting maximal full compaction clearing soft references
[5.312s][info][gc,start       ] GC(23) Pause Full (G1 Compaction Pause)
[5.312s][info][gc,task        ] GC(23) Using 6 workers of 8 for full compaction
[5.313s][info][gc,phases,start] GC(23) Phase 1: Mark live objects
[5.314s][info][gc,phases      ] GC(23) Phase 1: Mark live objects 1.374ms
[5.314s][info][gc,phases,start] GC(23) Phase 2: Prepare compaction
[5.315s][info][gc,phases      ] GC(23) Phase 2: Prepare compaction 0.726ms
[5.315s][info][gc,phases,start] GC(23) Phase 3: Adjust pointers
[5.316s][info][gc,phases      ] GC(23) Phase 3: Adjust pointers 1.096ms
[5.316s][info][gc,phases,start] GC(23) Phase 4: Compact heap
[5.317s][info][gc,phases      ] GC(23) Phase 4: Compact heap 0.813ms
[5.317s][info][gc,phases,start] GC(23) Phase 5: Reset Metadata
[5.317s][info][gc,phases      ] GC(23) Phase 5: Reset Metadata 0.142ms
[5.318s][info][gc,heap        ] GC(23) Eden regions: 0->0(1)
[5.318s][info][gc,heap        ] GC(23) Survivor regions: 0->0(0)
[5.318s][info][gc,heap        ] GC(23) Old regions: 4->4
[5.318s][info][gc,heap        ] GC(23) Humongous regions: 252->252
[5.318s][info][gc,metaspace   ] GC(23) Metaspace: 10103K(10304K)->10103K(10304K) NonClass: 9080K(9216K)->9080K(9216K) Class: 1023K(1088K)->1023K(1088K)
[5.318s][info][gc             ] GC(23) Pause Full (G1 Compaction Pause) 255M->255M(256M) 5.519ms
[5.318s][info][gc,cpu         ] GC(23) User=0.00s Sys=0.00s Real=0.00s
[5.318s][info][gc,start       ] GC(24) Pause Young (Concurrent Start) (G1 Evacuation Pause)
[5.318s][info][gc,task        ] GC(24) Using 6 workers of 8 for evacuation
[5.319s][info][gc,phases      ] GC(24)   Pre Evacuate Collection Set: 0.33ms
[5.319s][info][gc,phases      ] GC(24)   Merge Heap Roots: 0.09ms
[5.319s][info][gc,phases      ] GC(24)   Evacuate Collection Set: 0.26ms
[5.319s][info][gc,phases      ] GC(24)   Post Evacuate Collection Set: 0.34ms
[5.319s][info][gc,phases      ] GC(24)   Other: 0.03ms
[5.319s][info][gc,heap        ] GC(24) Eden regions: 0->0(1)
[5.319s][info][gc,heap        ] GC(24) Survivor regions: 0->0(0)
[5.319s][info][gc,heap        ] GC(24) Old regions: 4->4
[5.319s][info][gc,heap        ] GC(24) Humongous regions: 252->252
[5.319s][info][gc,metaspace   ] GC(24) Metaspace: 10103K(10304K)->10103K(10304K) NonClass: 9080K(9216K)->9080K(9216K) Class: 1023K(1088K)->1023K(1088K)
[5.319s][info][gc             ] GC(24) Pause Young (Concurrent Start) (G1 Evacuation Pause) 255M->255M(256M) 1.182ms
[5.319s][info][gc,cpu         ] GC(24) User=0.00s Sys=0.00s Real=0.00s
[5.319s][info][gc,ergo        ] Attempting full compaction
[5.319s][info][gc,start       ] GC(25) Pause Full (G1 Compaction Pause)
[5.319s][info][gc             ] GC(26) Concurrent Mark Cycle
[5.319s][info][gc,task        ] GC(25) Using 6 workers of 8 for full compaction
[5.319s][info][gc,marking     ] GC(26) Concurrent Scan Root Regions
[5.319s][info][gc,marking     ] GC(26) Concurrent Scan Root Regions 0.093ms
[5.319s][info][gc,marking     ] GC(26) Concurrent Mark
[5.319s][info][gc,marking     ] GC(26) Concurrent Mark From Roots
[5.319s][info][gc,task        ] GC(26) Using 2 workers of 2 for marking
[5.320s][info][gc,phases,start] GC(25) Phase 1: Mark live objects
[5.321s][info][gc,phases      ] GC(25) Phase 1: Mark live objects 1.559ms
[5.321s][info][gc,phases,start] GC(25) Phase 2: Prepare compaction
[5.321s][info][gc,phases      ] GC(25) Phase 2: Prepare compaction 0.148ms
[5.321s][info][gc,phases,start] GC(25) Phase 3: Adjust pointers
[5.322s][info][gc,phases      ] GC(25) Phase 3: Adjust pointers 0.986ms
[5.322s][info][gc,phases,start] GC(25) Phase 4: Compact heap
[5.323s][info][gc,phases      ] GC(25) Phase 4: Compact heap 0.159ms
[5.323s][info][gc,phases,start] GC(25) Phase 5: Reset Metadata
[5.323s][info][gc,phases      ] GC(25) Phase 5: Reset Metadata 0.307ms
[5.324s][info][gc,heap        ] GC(25) Eden regions: 0->0(1)
[5.324s][info][gc,heap        ] GC(25) Survivor regions: 0->0(0)
[5.324s][info][gc,heap        ] GC(25) Old regions: 4->4
[5.324s][info][gc,heap        ] GC(25) Humongous regions: 252->252
[5.324s][info][gc,metaspace   ] GC(25) Metaspace: 10103K(10304K)->10103K(10304K) NonClass: 9080K(9216K)->9080K(9216K) Class: 1023K(1088K)->1023K(1088K)
[5.324s][info][gc             ] GC(25) Pause Full (G1 Compaction Pause) 255M->255M(256M) 4.732ms
[5.324s][info][gc,cpu         ] GC(25) User=0.00s Sys=0.00s Real=0.01s
[5.324s][info][gc,ergo        ] Attempting maximal full compaction clearing soft references
[5.324s][info][gc,start       ] GC(27) Pause Full (G1 Compaction Pause)
[5.324s][info][gc,task        ] GC(27) Using 6 workers of 8 for full compaction
[5.324s][info][gc,phases,start] GC(27) Phase 1: Mark live objects
[5.326s][info][gc,phases      ] GC(27) Phase 1: Mark live objects 1.520ms
[5.326s][info][gc,phases,start] GC(27) Phase 2: Prepare compaction
[5.327s][info][gc,phases      ] GC(27) Phase 2: Prepare compaction 0.737ms
[5.327s][info][gc,phases,start] GC(27) Phase 3: Adjust pointers
[5.328s][info][gc,phases      ] GC(27) Phase 3: Adjust pointers 0.941ms
[5.328s][info][gc,phases,start] GC(27) Phase 4: Compact heap
[5.328s][info][gc,phases      ] GC(27) Phase 4: Compact heap 0.613ms
[5.328s][info][gc,phases,start] GC(27) Phase 5: Reset Metadata
[5.328s][info][gc,phases      ] GC(27) Phase 5: Reset Metadata 0.178ms
[5.330s][info][gc,heap        ] GC(27) Eden regions: 0->0(1)
[5.330s][info][gc,heap        ] GC(27) Survivor regions: 0->0(0)
[5.330s][info][gc,heap        ] GC(27) Old regions: 4->4
[5.330s][info][gc,heap        ] GC(27) Humongous regions: 252->252
[5.330s][info][gc,metaspace   ] GC(27) Metaspace: 10103K(10304K)->10103K(10304K) NonClass: 9080K(9216K)->9080K(9216K) Class: 1023K(1088K)->1023K(1088K)
[5.330s][info][gc             ] GC(27) Pause Full (G1 Compaction Pause) 255M->255M(256M) 5.587ms
[5.330s][info][gc,cpu         ] GC(27) User=0.02s Sys=0.00s Real=0.00s
[5.330s][info][gc,marking     ] GC(26) Concurrent Mark From Roots 10.321ms
[5.330s][info][gc,marking     ] GC(26) Concurrent Mark Abort
[5.330s][info][gc             ] GC(26) Concurrent Mark Cycle 10.498ms
[5.330s][info][gc,start       ] GC(28) Pause Young (Normal) (G1 Evacuation Pause)
[5.330s][info][gc,task        ] GC(28) Using 6 workers of 8 for evacuation
[5.331s][info][gc,phases      ] GC(28)   Pre Evacuate Collection Set: 0.20ms
[5.331s][info][gc,phases      ] GC(28)   Merge Heap Roots: 0.08ms
[5.331s][info][gc,phases      ] GC(28)   Evacuate Collection Set: 0.07ms
[5.331s][info][gc,phases      ] GC(28)   Post Evacuate Collection Set: 0.34ms
[5.331s][info][gc,phases      ] GC(28)   Other: 0.04ms
[5.331s][info][gc,heap        ] GC(28) Eden regions: 0->0(1)
[5.331s][info][gc,heap        ] GC(28) Survivor regions: 0->0(0)
[5.331s][info][gc,heap        ] GC(28) Old regions: 4->4
[5.331s][info][gc,heap        ] GC(28) Humongous regions: 252->252
[5.331s][info][gc,metaspace   ] GC(28) Metaspace: 10103K(10304K)->10103K(10304K) NonClass: 9080K(9216K)->9080K(9216K) Class: 1023K(1088K)->1023K(1088K)
[5.331s][info][gc             ] GC(28) Pause Young (Normal) (G1 Evacuation Pause) 255M->255M(256M) 0.847ms
[5.331s][info][gc,cpu         ] GC(28) User=0.00s Sys=0.00s Real=0.00s
[5.331s][info][gc,ergo        ] Attempting full compaction
[5.331s][info][gc,start       ] GC(29) Pause Full (G1 Compaction Pause)
[5.331s][info][gc,task        ] GC(29) Using 6 workers of 8 for full compaction
[5.331s][info][gc,phases,start] GC(29) Phase 1: Mark live objects
[5.332s][info][gc,phases      ] GC(29) Phase 1: Mark live objects 1.584ms
[5.332s][info][gc,phases,start] GC(29) Phase 2: Prepare compaction
[5.333s][info][gc,phases      ] GC(29) Phase 2: Prepare compaction 0.408ms
[5.333s][info][gc,phases,start] GC(29) Phase 3: Adjust pointers
[5.334s][info][gc,phases      ] GC(29) Phase 3: Adjust pointers 0.919ms
[5.334s][info][gc,phases,start] GC(29) Phase 4: Compact heap
[5.334s][info][gc,phases      ] GC(29) Phase 4: Compact heap 0.227ms
[5.334s][info][gc,phases,start] GC(29) Phase 5: Reset Metadata
[5.334s][info][gc,phases      ] GC(29) Phase 5: Reset Metadata 0.422ms
[5.336s][info][gc,heap        ] GC(29) Eden regions: 0->0(8)
[5.336s][info][gc,heap        ] GC(29) Survivor regions: 0->0(0)
[5.336s][info][gc,heap        ] GC(29) Old regions: 4->4
[5.336s][info][gc,heap        ] GC(29) Humongous regions: 252->0
[5.336s][info][gc,metaspace   ] GC(29) Metaspace: 10103K(10304K)->10103K(10304K) NonClass: 9080K(9216K)->9080K(9216K) Class: 1023K(1088K)->1023K(1088K)
[5.336s][info][gc             ] GC(29) Pause Full (G1 Compaction Pause) 255M->3M(14M) 5.048ms
[5.336s][info][gc,cpu         ] GC(29) User=0.00s Sys=0.00s Real=0.00s
[5.346s][info][gc,exit        ] Heap
[5.346s][info][gc,exit        ]  garbage-first heap   total reserved 262144K, committed 14336K, used 3673K [0x00000000f0000000, 0x0000000100000000)
[5.346s][info][gc,exit        ]   region size 1024K, 1 young (1024K), 0 survivors (0K)
[5.346s][info][gc,exit        ]  Metaspace       used 10111K, committed 10304K, reserved 1114112K
[5.346s][info][gc,exit        ]   class space    used 1024K, committed 1088K, reserved 1048576K
