[0.009s][info][gc,init] CardTable entry size: 512
[0.009s][info][gc     ] Using G1
[0.010s][info][gc,init] Version: 25.0.1+8-LTS (release)
[0.010s][info][gc,init] CPUs: 8 total, 8 available
[0.010s][info][gc,init] Memory: 49089M
[0.010s][info][gc,init] Large Page Support: Disabled
[0.010s][info][gc,init] NUMA Support: Disabled
[0.010s][info][gc,init] Compressed Oops: Enabled (32-bit)
[0.010s][info][gc,init] Heap Region Size: 1M
[0.010s][info][gc,init] Heap Min Capacity: 8M
[0.010s][info][gc,init] Heap Initial Capacity: 256M
[0.010s][info][gc,init] Heap Max Capacity: 256M
[0.010s][info][gc,init] Pre-touch: Disabled
[0.010s][info][gc,init] Parallel Workers: 8
[0.010s][info][gc,init] Concurrent Workers: 2
[0.010s][info][gc,init] Concurrent Refinement Workers: 8
[0.011s][info][gc,init] Periodic GC: Disabled
[0.017s][info][gc,metaspace] CDS archive(s) mapped at: [0x000000008b000000-0x000000008bdd0000-0x000000008bdd0000), size 14483456, SharedBaseAddress: 0x000000008b000000, ArchiveRelocationMode: 1.
[0.017s][info][gc,metaspace] Compressed class space mapped at: 0x000000008c000000-0x00000000cc000000, reserved size: 1073741824
[0.017s][info][gc,metaspace] UseCompressedClassPointers 1, UseCompactObjectHeaders 0
[0.017s][info][gc,metaspace] Narrow klass pointer bits 32, Max shift 3
[0.017s][info][gc,metaspace] Narrow klass base: 0x000000008b000000, Narrow klass shift: 0
[0.017s][info][gc,metaspace] Encoding Range: [0x000000008b000000 - 0x000000018b000000), (4294967296 bytes)
[0.017s][info][gc,metaspace] Klass Range:    [0x000000008b010000 - 0x00000000cc000000), (1090453504 bytes)
[0.017s][info][gc,metaspace] Klass ID Range:  [65536 - 1090519033) (1090453497)
[0.017s][info][gc,metaspace] Protection zone: [0x000000008b000000 - 0x000000008b010000), (65536 bytes)
[0.043s][info][gc,exit     ] Heap
[0.043s][info][gc,exit     ]  garbage-first heap   total reserved 262144K, committed 262144K, used 2707K [0x00000000f0000000, 0x0000000100000000)
[0.043s][info][gc,exit     ]   region size 1024K, 2 young (2048K), 0 survivors (0K)
[0.043s][info][gc,exit     ]  Metaspace       used 357K, committed 576K, reserved 1114112K
[0.043s][info][gc,exit     ]   class space    used 23K, committed 128K, reserved 1048576K
