[0.010s][info][gc,init] Initializing The Z Garbage Collector
[0.010s][info][gc,init] Version: 25.0.1+8-LTS (release)
[0.011s][info][gc,init] NUMA Support: Disabled
[0.011s][info][gc,init] CPUs: 8 total, 8 available
[0.011s][info][gc,init] Memory: 49089M
[0.011s][info][gc,init] Large Page Support: Disabled
[0.011s][info][gc,init] Address Space Size: limited (137434242352K)
[0.011s][info][gc,init] Reserved Space Type: Contiguous/Unrestricted/Complete
[0.011s][info][gc,init] Reserved Space Size: 4G
[0.011s][info][gc,init] Min Capacity: 8M
[0.011s][info][gc,init] Initial Capacity: 256M
[0.011s][info][gc,init] Max Capacity: 256M
[0.011s][info][gc,init] Soft Max Capacity: 256M
[0.011s][info][gc,init] Page Size Medium: Range [2M, 8M]
[0.011s][info][gc,init] Pre-touch: Disabled
[0.011s][info][gc,init] Uncommit: Enabled
[0.011s][info][gc,init] Uncommit Delay: 300s
[0.012s][info][gc,init] GC Workers for Old Generation: 2 (dynamic)
[0.012s][info][gc,init] GC Workers for Young Generation: 2 (dynamic)
[0.016s][info][gc,init] GC Workers Max: 2 (dynamic)
[0.016s][info][gc,init] Runtime Workers: 2
[0.016s][info][gc     ] Using The Z Garbage Collector
[0.035s][info][gc,metaspace] CDS archive(s) mapped at: [0x000000000a000000-0x000000000add0000-0x000000000add0000), size 14483456, SharedBaseAddress: 0x000000000a000000, ArchiveRelocationMode: 1.
[0.035s][info][gc,metaspace] Compressed class space mapped at: 0x000000000b000000-0x000000004b000000, reserved size: 1073741824
[0.035s][info][gc,metaspace] UseCompressedClassPointers 1, UseCompactObjectHeaders 0
[0.035s][info][gc,metaspace] Narrow klass pointer bits 32, Max shift 3
[0.035s][info][gc,metaspace] Narrow klass base: 0x000000000a000000, Narrow klass shift: 0
[0.035s][info][gc,metaspace] Encoding Range: [0x000000000a000000 - 0x000000010a000000), (4294967296 bytes)
[0.035s][info][gc,metaspace] Klass Range:    [0x000000000a010000 - 0x000000004b000000), (1090453504 bytes)
[0.035s][info][gc,metaspace] Klass ID Range:  [65536 - 1090519033) (1090453497)
[0.035s][info][gc,metaspace] Protection zone: [0x000000000a000000 - 0x000000000a010000), (65536 bytes)
[0.328s][info][gc          ] GC(0) Major Collection (Warmup)
[0.328s][info][gc,task     ] GC(0) Using 2 Workers for Young Generation
[0.328s][info][gc,task     ] GC(0) Using 1 Workers for Old Generation
[0.328s][info][gc,phases   ] GC(0) Y: Young Generation
[0.328s][info][gc,phases   ] GC(0) Y: Pause Mark Start (Major) 0.009ms
[0.333s][info][gc,phases   ] GC(0) Y: Concurrent Mark 4.229ms
[0.333s][info][gc,phases   ] GC(0) Y: Pause Mark End 0.012ms
[0.333s][info][gc,phases   ] GC(0) Y: Concurrent Mark Free 0.001ms
[0.333s][info][gc,phases   ] GC(0) Y: Concurrent Reset Relocation Set 0.000ms
[0.333s][info][gc,reloc    ] GC(0) Y: Using tenuring threshold: 1 (Computed)
[0.333s][info][gc,phases   ] GC(0) Y: Concurrent Select Relocation Set 0.591ms
[0.334s][info][gc,phases   ] GC(0) Y: Pause Relocate Start 0.005ms
[0.336s][info][gc,phases   ] GC(0) Y: Concurrent Relocate 2.284ms
[0.336s][info][gc,alloc    ] GC(0) Y:                         Mark Start        Mark End      Relocate Start    Relocate End   
[0.336s][info][gc,alloc    ] GC(0) Y: Allocation Stalls:          0                0                0                0         
[0.336s][info][gc,load     ] GC(0) Y: Load: 0.00 (0%) / 0.00 (0%) / 0.00 (0%)
[0.336s][info][gc,mmu      ] GC(0) Y: MMU: 2ms/99.2%, 5ms/99.6%, 10ms/99.7%, 20ms/99.9%, 50ms/99.9%, 100ms/100.0%
[0.336s][info][gc,marking  ] GC(0) Y: Mark: 2 stripe(s), 3 proactive flush(es), 1 terminate flush(es), 0 completion(s), 0 continuation(s) 
[0.336s][info][gc,nmethod  ] GC(0) Y: NMethods: 1219 registered, 0 unregistered
[0.336s][info][gc,metaspace] GC(0) Y: Metaspace: 8M used, 8M committed, 1088M reserved
[0.336s][info][gc,reloc    ] GC(0) Y:                        Candidates     Selected     In-Place         Size        Empty    Relocated 
[0.336s][info][gc,reloc    ] GC(0) Y: Small Pages:                    9            6            0          18M           0M           2M 
[0.336s][info][gc,reloc    ] GC(0) Y: Medium Pages:                   1            0            0           8M           0M           0M 
[0.336s][info][gc,reloc    ] GC(0) Y: Large Pages:                    0            0            0           0M           0M           0M 
[0.336s][info][gc,reloc    ] GC(0) Y: Forwarding Usage: 1M
[0.336s][info][gc,reloc    ] GC(0) Y: Age Table:
[0.336s][info][gc,reloc    ] GC(0) Y:                    Live             Garbage             Small              Medium             Large        
[0.336s][info][gc,reloc    ] GC(0) Y: Eden               4M (2%)           21M (9%)           9 / 6              1 / 0              0 / 0        
[0.336s][info][gc,heap     ] GC(0) Y: Min Capacity: 8M(3%)
[0.336s][info][gc,heap     ] GC(0) Y: Max Capacity: 256M(100%)
[0.336s][info][gc,heap     ] GC(0) Y: Soft Max Capacity: 256M(100%)
[0.336s][info][gc,heap     ] GC(0) Y: Heap Statistics:
[0.336s][info][gc,heap     ] GC(0) Y:                Mark Start          Mark End        Relocate Start      Relocate End           High               Low         
[0.336s][info][gc,heap     ] GC(0) Y:  Capacity:      256M (100%)        256M (100%)        256M (100%)        256M (100%)        256M (100%)        256M (100%)   
[0.336s][info][gc,heap     ] GC(0) Y:      Free:      230M (90%)         228M (89%)         228M (89%)         238M (93%)         238M (93%)         222M (87%)    
[0.336s][info][gc,heap     ] GC(0) Y:      Used:       26M (10%)          28M (11%)          28M (11%)          18M (7%)           34M (13%)          18M (7%)     
[0.336s][info][gc,heap     ] GC(0) Y: Young Generation Statistics:
[0.336s][info][gc,heap     ] GC(0) Y:                Mark Start          Mark End        Relocate Start      Relocate End    
[0.336s][info][gc,heap     ] GC(0) Y:      Used:       26M (10%)          28M (11%)          28M (11%)          18M (7%)     
[0.336s][info][gc,heap     ] GC(0) Y:      Live:         -                 4M (2%)            4M (2%)            4M (2%)     
[0.336s][info][gc,heap     ] GC(0) Y:   Garbage:         -                21M (9%)           21M (9%)            9M (4%)     
[0.336s][info][gc,heap     ] GC(0) Y: Allocated:         -                 2M (1%)            2M (1%)            4M (2%)     
[0.336s][info][gc,heap     ] GC(0) Y: Reclaimed:         -                  -                 0M (0%)           12M (5%)     
[0.336s][info][gc,heap     ] GC(0) Y:  Promoted:         -                  -                 0M (0%)            0M (0%)     
[0.336s][info][gc,heap     ] GC(0) Y: Compacted:         -                  -                  -                 3M (1%)     
[0.336s][info][gc,phases   ] GC(0) Y: Young Generation 26M(10%)->18M(7%) 0.008s
[0.336s][info][gc,phases   ] GC(0) O: Old Generation
[0.337s][info][gc,phases   ] GC(0) O: Concurrent Mark 0.465ms
[0.337s][info][gc,phases   ] GC(0) O: Pause Mark End 0.006ms
[0.337s][info][gc,phases   ] GC(0) O: Concurrent Mark Free 0.000ms
[0.339s][info][gc,phases   ] GC(0) O: Concurrent Process Non-Strong 1.706ms
[0.339s][info][gc,phases   ] GC(0) O: Concurrent Reset Relocation Set 0.000ms
[0.339s][info][gc,phases   ] GC(0) O: Concurrent Select Relocation Set 0.138ms
[0.339s][info][gc,task     ] GC(0) O: Using 2 Workers for Old Generation
[0.339s][info][gc,task     ] GC(0) O: Using 1 Workers for Old Generation
[0.339s][info][gc,phases   ] GC(0) O: Concurrent Remap Roots 0.451ms
[0.339s][info][gc,phases   ] GC(0) O: Pause Relocate Start 0.169ms
[0.340s][info][gc,phases   ] GC(0) O: Concurrent Relocate 0.159ms
[0.340s][info][gc,alloc    ] GC(0) O:                         Mark Start        Mark End      Relocate Start    Relocate End   
[0.340s][info][gc,alloc    ] GC(0) O: Allocation Stalls:          0                0                0                0         
[0.340s][info][gc,load     ] GC(0) O: Load: 0.00 (0%) / 0.00 (0%) / 0.00 (0%)
[0.340s][info][gc,mmu      ] GC(0) O: MMU: 2ms/91.6%, 5ms/96.5%, 10ms/98.1%, 20ms/99.0%, 50ms/99.6%, 100ms/99.8%
[0.340s][info][gc,marking  ] GC(0) O: Mark: 1 stripe(s), 1 proactive flush(es), 1 terminate flush(es), 0 completion(s), 0 continuation(s) 
[0.340s][info][gc,nmethod  ] GC(0) O: NMethods: 1174 registered, 78 unregistered
[0.340s][info][gc,metaspace] GC(0) O: Metaspace: 8M used, 8M committed, 1088M reserved
[0.340s][info][gc,ref      ] GC(0) O:                       Encountered   Discovered     Enqueued 
[0.340s][info][gc,ref      ] GC(0) O: Soft References:              157            0            0 
[0.340s][info][gc,ref      ] GC(0) O: Weak References:              809            0            0 
[0.340s][info][gc,ref      ] GC(0) O: Final References:               0            0            0 
[0.340s][info][gc,ref      ] GC(0) O: Phantom References:             3            0            0 
[0.340s][info][gc,heap     ] GC(0) O: Min Capacity: 8M(3%)
[0.340s][info][gc,heap     ] GC(0) O: Max Capacity: 256M(100%)
[0.340s][info][gc,heap     ] GC(0) O: Soft Max Capacity: 256M(100%)
[0.340s][info][gc,heap     ] GC(0) O: Heap Statistics:
[0.340s][info][gc,heap     ] GC(0) O:                Mark Start          Mark End        Relocate Start      Relocate End           High               Low         
[0.340s][info][gc,heap     ] GC(0) O:  Capacity:      256M (100%)        256M (100%)        256M (100%)        256M (100%)        256M (100%)        256M (100%)   
[0.340s][info][gc,heap     ] GC(0) O:      Free:      230M (90%)         236M (92%)         236M (92%)         236M (92%)         238M (93%)         222M (87%)    
[0.340s][info][gc,heap     ] GC(0) O:      Used:       26M (10%)          20M (8%)           20M (8%)           20M (8%)           34M (13%)          18M (7%)     
[0.340s][info][gc,heap     ] GC(0) O: Old Generation Statistics:
[0.340s][info][gc,heap     ] GC(0) O:                Mark Start          Mark End        Relocate Start      Relocate End    
[0.340s][info][gc,heap     ] GC(0) O:      Used:        0M (0%)            0M (0%)            0M (0%)            0M (0%)     
[0.340s][info][gc,heap     ] GC(0) O:      Live:         -                 0M (0%)            0M (0%)            0M (0%)     
[0.340s][info][gc,heap     ] GC(0) O:   Garbage:         -                 0M (0%)            0M (0%)            0M (0%)     
[0.340s][info][gc,heap     ] GC(0) O: Allocated:         -                 0M (0%)            0M (0%)            0M (0%)     
[0.340s][info][gc,heap     ] GC(0) O: Reclaimed:         -                  -                 0M (0%)            0M (0%)     
[0.340s][info][gc,heap     ] GC(0) O: Compacted:         -                  -                  -                 0M (0%)     
[0.340s][info][gc,phases   ] GC(0) O: Old Generation 18M(7%)->20M(8%) 0.003s
[0.340s][info][gc          ] GC(0) Major Collection (Warmup) 26M(10%)->20M(8%) 0.012s
[0.618s][info][gc          ] GC(1) Major Collection (Warmup)
[0.618s][info][gc,task     ] GC(1) Using 2 Workers for Young Generation
[0.618s][info][gc,task     ] GC(1) Using 1 Workers for Old Generation
[0.619s][info][gc,phases   ] GC(1) Y: Young Generation
[0.619s][info][gc,phases   ] GC(1) Y: Pause Mark Start (Major) 0.008ms
[0.624s][info][gc,phases   ] GC(1) Y: Concurrent Mark 5.382ms
[0.624s][info][gc,phases   ] GC(1) Y: Pause Mark End 0.007ms
[0.624s][info][gc,phases   ] GC(1) Y: Concurrent Mark Free 0.002ms
[0.624s][info][gc,phases   ] GC(1) Y: Concurrent Reset Relocation Set 0.001ms
[0.624s][info][gc,reloc    ] GC(1) Y: Using tenuring threshold: 2 (Computed)
[0.625s][info][gc,phases   ] GC(1) Y: Concurrent Select Relocation Set 0.737ms
[0.625s][info][gc,phases   ] GC(1) Y: Pause Relocate Start 0.005ms
[0.627s][info][gc,phases   ] GC(1) Y: Concurrent Relocate 1.721ms
[0.627s][info][gc,alloc    ] GC(1) Y:                         Mark Start        Mark End      Relocate Start    Relocate End   
[0.627s][info][gc,alloc    ] GC(1) Y: Allocation Stalls:          0                0                0                0         
[0.627s][info][gc,load     ] GC(1) Y: Load: 0.00 (0%) / 0.00 (0%) / 0.00 (0%)
[0.627s][info][gc,mmu      ] GC(1) Y: MMU: 2ms/91.6%, 5ms/96.5%, 10ms/98.1%, 20ms/99.0%, 50ms/99.6%, 100ms/99.8%
[0.627s][info][gc,marking  ] GC(1) Y: Mark: 2 stripe(s), 2 proactive flush(es), 1 terminate flush(es), 0 completion(s), 0 continuation(s) 
[0.627s][info][gc,nmethod  ] GC(1) Y: NMethods: 1750 registered, 0 unregistered
[0.627s][info][gc,metaspace] GC(1) Y: Metaspace: 9M used, 9M committed, 1088M reserved
[0.627s][info][gc,reloc    ] GC(1) Y:                        Candidates     Selected     In-Place         Size        Empty    Relocated 
[0.627s][info][gc,reloc    ] GC(1) Y: Small Pages:                   16           13            0          32M           0M           2M 
[0.627s][info][gc,reloc    ] GC(1) Y: Medium Pages:                   3            0            0          24M           8M           0M 
[0.627s][info][gc,reloc    ] GC(1) Y: Large Pages:                    0            0            0           0M           0M           0M 
[0.627s][info][gc,reloc    ] GC(1) Y: Forwarding Usage: 1M
[0.627s][info][gc,reloc    ] GC(1) Y: Age Table:
[0.627s][info][gc,reloc    ] GC(1) Y:                    Live             Garbage             Small              Medium             Large        
[0.627s][info][gc,reloc    ] GC(1) Y: Eden              10M (4%)           29M (12%)         12 / 12             2 / 0              0 / 0        
[0.627s][info][gc,reloc    ] GC(1) Y: Survivor 1         2M (1%)           13M (5%)           4 / 1              1 / 0              0 / 0        
[0.627s][info][gc,heap     ] GC(1) Y: Min Capacity: 8M(3%)
[0.627s][info][gc,heap     ] GC(1) Y: Max Capacity: 256M(100%)
[0.627s][info][gc,heap     ] GC(1) Y: Soft Max Capacity: 256M(100%)
[0.627s][info][gc,heap     ] GC(1) Y: Heap Statistics:
[0.627s][info][gc,heap     ] GC(1) Y:                Mark Start          Mark End        Relocate Start      Relocate End           High               Low         
[0.627s][info][gc,heap     ] GC(1) Y:  Capacity:      256M (100%)        256M (100%)        256M (100%)        256M (100%)        256M (100%)        256M (100%)   
[0.627s][info][gc,heap     ] GC(1) Y:      Free:      200M (78%)         198M (77%)         206M (80%)         228M (89%)         228M (89%)         198M (77%)    
[0.627s][info][gc,heap     ] GC(1) Y:      Used:       56M (22%)          58M (23%)          50M (20%)          28M (11%)          58M (23%)          28M (11%)    
[0.627s][info][gc,heap     ] GC(1) Y: Young Generation Statistics:
[0.627s][info][gc,heap     ] GC(1) Y:                Mark Start          Mark End        Relocate Start      Relocate End    
[0.627s][info][gc,heap     ] GC(1) Y:      Used:       56M (22%)          58M (23%)          50M (20%)          28M (11%)    
[0.627s][info][gc,heap     ] GC(1) Y:      Live:         -                12M (5%)           12M (5%)           12M (5%)     
[0.627s][info][gc,heap     ] GC(1) Y:   Garbage:         -                43M (17%)          35M (14%)           8M (3%)     
[0.627s][info][gc,heap     ] GC(1) Y: Allocated:         -                 2M (1%)            2M (1%)            7M (3%)     
[0.627s][info][gc,heap     ] GC(1) Y: Reclaimed:         -                  -                 8M (3%)           35M (14%)    
[0.627s][info][gc,heap     ] GC(1) Y:  Promoted:         -                  -                 0M (0%)            0M (0%)     
[0.627s][info][gc,heap     ] GC(1) Y: Compacted:         -                  -                  -                 2M (1%)     
[0.627s][info][gc,phases   ] GC(1) Y: Young Generation 56M(22%)->28M(11%) 0.008s
[0.627s][info][gc,phases   ] GC(1) O: Old Generation
[0.628s][info][gc,phases   ] GC(1) O: Concurrent Mark 0.504ms
[0.628s][info][gc,phases   ] GC(1) O: Pause Mark End 0.006ms
[0.628s][info][gc,phases   ] GC(1) O: Concurrent Mark Free 0.000ms
[0.630s][info][gc,phases   ] GC(1) O: Concurrent Process Non-Strong 2.515ms
[0.630s][info][gc,phases   ] GC(1) O: Concurrent Reset Relocation Set 0.000ms
[0.630s][info][gc,phases   ] GC(1) O: Concurrent Select Relocation Set 0.051ms
[0.630s][info][gc,task     ] GC(1) O: Using 2 Workers for Old Generation
[0.631s][info][gc,task     ] GC(1) O: Using 1 Workers for Old Generation
[0.631s][info][gc,phases   ] GC(1) O: Concurrent Remap Roots 0.685ms
[0.631s][info][gc,phases   ] GC(1) O: Pause Relocate Start 0.007ms
[0.631s][info][gc,phases   ] GC(1) O: Concurrent Relocate 0.090ms
[0.631s][info][gc,alloc    ] GC(1) O:                         Mark Start        Mark End      Relocate Start    Relocate End   
[0.631s][info][gc,alloc    ] GC(1) O: Allocation Stalls:          0                0                0                0         
[0.631s][info][gc,load     ] GC(1) O: Load: 0.00 (0%) / 0.00 (0%) / 0.00 (0%)
[0.631s][info][gc,mmu      ] GC(1) O: MMU: 2ms/91.6%, 5ms/96.5%, 10ms/98.1%, 20ms/99.0%, 50ms/99.6%, 100ms/99.8%
[0.631s][info][gc,marking  ] GC(1) O: Mark: 1 stripe(s), 1 proactive flush(es), 1 terminate flush(es), 0 completion(s), 0 continuation(s) 
[0.631s][info][gc,nmethod  ] GC(1) O: NMethods: 1643 registered, 107 unregistered
[0.631s][info][gc,metaspace] GC(1) O: Metaspace: 9M used, 9M committed, 1088M reserved
[0.631s][info][gc,ref      ] GC(1) O:                       Encountered   Discovered     Enqueued 
[0.631s][info][gc,ref      ] GC(1) O: Soft References:              224            0            0 
[0.631s][info][gc,ref      ] GC(1) O: Weak References:             1225            0            0 
[0.631s][info][gc,ref      ] GC(1) O: Final References:               0            0            0 
[0.631s][info][gc,ref      ] GC(1) O: Phantom References:             3            0            0 
[0.631s][info][gc,heap     ] GC(1) O: Min Capacity: 8M(3%)
[0.631s][info][gc,heap     ] GC(1) O: Max Capacity: 256M(100%)
[0.631s][info][gc,heap     ] GC(1) O: Soft Max Capacity: 256M(100%)
[0.631s][info][gc,heap     ] GC(1) O: Heap Statistics:
[0.631s][info][gc,heap     ] GC(1) O:                Mark Start          Mark End        Relocate Start      Relocate End           High               Low         
[0.631s][info][gc,heap     ] GC(1) O:  Capacity:      256M (100%)        256M (100%)        256M (100%)        256M (100%)        256M (100%)        256M (100%)   
[0.631s][info][gc,heap     ] GC(1) O:      Free:      200M (78%)         228M (89%)         228M (89%)         228M (89%)         228M (89%)         198M (77%)    
[0.631s][info][gc,heap     ] GC(1) O:      Used:       56M (22%)          28M (11%)          28M (11%)          28M (11%)          58M (23%)          28M (11%)    
[0.631s][info][gc,heap     ] GC(1) O: Old Generation Statistics:
[0.631s][info][gc,heap     ] GC(1) O:                Mark Start          Mark End        Relocate Start      Relocate End    
[0.631s][info][gc,heap     ] GC(1) O:      Used:        0M (0%)            0M (0%)            0M (0%)            0M (0%)     
[0.631s][info][gc,heap     ] GC(1) O:      Live:         -                 0M (0%)            0M (0%)            0M (0%)     
[0.632s][info][gc,heap     ] GC(1) O:   Garbage:         -                 0M (0%)            0M (0%)            0M (0%)     
[0.632s][info][gc,heap     ] GC(1) O: Allocated:         -                 0M (0%)            0M (0%)            0M (0%)     
[0.632s][info][gc,heap     ] GC(1) O: Reclaimed:         -                  -                 0M (0%)            0M (0%)     
[0.632s][info][gc,heap     ] GC(1) O: Compacted:         -                  -                  -                 0M (0%)     
[0.632s][info][gc,phases   ] GC(1) O: Old Generation 28M(11%)->28M(11%) 0.004s
[0.632s][info][gc          ] GC(1) Major Collection (Warmup) 56M(22%)->28M(11%) 0.013s
[1.556s][info][gc          ] GC(2) Major Collection (Warmup)
[1.556s][info][gc,task     ] GC(2) Using 2 Workers for Young Generation
[1.556s][info][gc,task     ] GC(2) Using 1 Workers for Old Generation
[1.556s][info][gc,phases   ] GC(2) Y: Young Generation
[1.556s][info][gc,phases   ] GC(2) Y: Pause Mark Start (Major) 0.008ms
[1.561s][info][gc,phases   ] GC(2) Y: Concurrent Mark 4.940ms
[1.561s][info][gc,phases   ] GC(2) Y: Pause Mark End 0.008ms
[1.561s][info][gc,phases   ] GC(2) Y: Concurrent Mark Free 0.002ms
[1.561s][info][gc,phases   ] GC(2) Y: Concurrent Reset Relocation Set 0.002ms
[1.561s][info][gc,reloc    ] GC(2) Y: Using tenuring threshold: 3 (Computed)
[1.562s][info][gc,phases   ] GC(2) Y: Concurrent Select Relocation Set 0.611ms
[1.562s][info][gc,phases   ] GC(2) Y: Pause Relocate Start 0.013ms
[1.564s][info][gc,phases   ] GC(2) Y: Concurrent Relocate 1.811ms
[1.564s][info][gc,alloc    ] GC(2) Y:                         Mark Start        Mark End      Relocate Start    Relocate End   
[1.564s][info][gc,alloc    ] GC(2) Y: Allocation Stalls:          0                0                0                0         
[1.564s][info][gc,load     ] GC(2) Y: Load: 0.00 (0%) / 0.00 (0%) / 0.00 (0%)
[1.564s][info][gc,mmu      ] GC(2) Y: MMU: 2ms/91.6%, 5ms/96.5%, 10ms/98.1%, 20ms/99.0%, 50ms/99.6%, 100ms/99.8%
[1.564s][info][gc,marking  ] GC(2) Y: Mark: 2 stripe(s), 2 proactive flush(es), 1 terminate flush(es), 0 completion(s), 0 continuation(s) 
[1.564s][info][gc,nmethod  ] GC(2) Y: NMethods: 1743 registered, 107 unregistered
[1.564s][info][gc,metaspace] GC(2) Y: Metaspace: 9M used, 10M committed, 1088M reserved
[1.564s][info][gc,reloc    ] GC(2) Y:                        Candidates     Selected     In-Place         Size        Empty    Relocated 
[1.564s][info][gc,reloc    ] GC(2) Y: Small Pages:                    6            3            0          12M           0M           1M 
[1.564s][info][gc,reloc    ] GC(2) Y: Medium Pages:                   9            1            0          72M           0M           0M 
[1.564s][info][gc,reloc    ] GC(2) Y: Large Pages:                    0            0            0           0M           0M           0M 
[1.564s][info][gc,reloc    ] GC(2) Y: Forwarding Usage: 1M
[1.564s][info][gc,reloc    ] GC(2) Y: Age Table:
[1.564s][info][gc,reloc    ] GC(2) Y:                    Live             Garbage             Small              Medium             Large        
[1.564s][info][gc,reloc    ] GC(2) Y: Eden              46M (18%)          11M (4%)           1 / 0              7 / 1              0 / 0        
[1.564s][info][gc,reloc    ] GC(2) Y: Survivor 1        10M (4%)            9M (4%)           2 / 2              2 / 0              0 / 0        
[1.564s][info][gc,reloc    ] GC(2) Y: Survivor 2         2M (1%)            3M (1%)           3 / 1              0 / 0              0 / 0        
[1.564s][info][gc,heap     ] GC(2) Y: Min Capacity: 8M(3%)
[1.564s][info][gc,heap     ] GC(2) Y: Max Capacity: 256M(100%)
[1.564s][info][gc,heap     ] GC(2) Y: Soft Max Capacity: 256M(100%)
[1.564s][info][gc,heap     ] GC(2) Y: Heap Statistics:
[1.564s][info][gc,heap     ] GC(2) Y:                Mark Start          Mark End        Relocate Start      Relocate End           High               Low         
[1.564s][info][gc,heap     ] GC(2) Y:  Capacity:      256M (100%)        256M (100%)        256M (100%)        256M (100%)        256M (100%)        256M (100%)   
[1.564s][info][gc,heap     ] GC(2) Y:      Free:      172M (67%)         170M (66%)         170M (66%)         170M (66%)         172M (67%)         154M (60%)    
[1.564s][info][gc,heap     ] GC(2) Y:      Used:       84M (33%)          86M (34%)          86M (34%)          86M (34%)         102M (40%)          84M (33%)    
[1.564s][info][gc,heap     ] GC(2) Y: Young Generation Statistics:
[1.564s][info][gc,heap     ] GC(2) Y:                Mark Start          Mark End        Relocate Start      Relocate End    
[1.564s][info][gc,heap     ] GC(2) Y:      Used:       84M (33%)          86M (34%)          86M (34%)          86M (34%)    
[1.564s][info][gc,heap     ] GC(2) Y:      Live:         -                59M (23%)          59M (23%)          59M (23%)    
[1.564s][info][gc,heap     ] GC(2) Y:   Garbage:         -                24M (10%)          24M (10%)           3M (1%)     
[1.564s][info][gc,heap     ] GC(2) Y: Allocated:         -                 2M (1%)            2M (1%)           23M (9%)     
[1.564s][info][gc,heap     ] GC(2) Y: Reclaimed:         -                  -                 0M (0%)           21M (8%)     
[1.564s][info][gc,heap     ] GC(2) Y:  Promoted:         -                  -                 0M (0%)            0M (0%)     
[1.564s][info][gc,heap     ] GC(2) Y: Compacted:         -                  -                  -                 4M (2%)     
[1.564s][info][gc,phases   ] GC(2) Y: Young Generation 84M(33%)->86M(34%) 0.008s
[1.564s][info][gc,phases   ] GC(2) O: Old Generation
[1.564s][info][gc,phases   ] GC(2) O: Concurrent Mark 0.576ms
[1.565s][info][gc,phases   ] GC(2) O: Pause Mark End 0.008ms
[1.565s][info][gc,phases   ] GC(2) O: Concurrent Mark Free 0.000ms
[1.567s][info][gc,phases   ] GC(2) O: Concurrent Process Non-Strong 2.690ms
[1.567s][info][gc,phases   ] GC(2) O: Concurrent Reset Relocation Set 0.000ms
[1.567s][info][gc,phases   ] GC(2) O: Concurrent Select Relocation Set 0.086ms
[1.567s][info][gc,task     ] GC(2) O: Using 2 Workers for Old Generation
[1.568s][info][gc,task     ] GC(2) O: Using 1 Workers for Old Generation
[1.568s][info][gc,phases   ] GC(2) O: Concurrent Remap Roots 0.563ms
[1.568s][info][gc,phases   ] GC(2) O: Pause Relocate Start 0.007ms
[1.568s][info][gc,phases   ] GC(2) O: Concurrent Relocate 0.107ms
[1.568s][info][gc,alloc    ] GC(2) O:                         Mark Start        Mark End      Relocate Start    Relocate End   
[1.568s][info][gc,alloc    ] GC(2) O: Allocation Stalls:          0                0                0                0         
[1.568s][info][gc,load     ] GC(2) O: Load: 0.00 (0%) / 0.00 (0%) / 0.00 (0%)
[1.568s][info][gc,mmu      ] GC(2) O: MMU: 2ms/91.6%, 5ms/96.5%, 10ms/98.1%, 20ms/99.0%, 50ms/99.6%, 100ms/99.8%
[1.568s][info][gc,marking  ] GC(2) O: Mark: 1 stripe(s), 1 proactive flush(es), 1 terminate flush(es), 0 completion(s), 0 continuation(s) 
[1.568s][info][gc,nmethod  ] GC(2) O: NMethods: 1742 registered, 108 unregistered
[1.568s][info][gc,metaspace] GC(2) O: Metaspace: 9M used, 10M committed, 1088M reserved
[1.568s][info][gc,ref      ] GC(2) O:                       Encountered   Discovered     Enqueued 
[1.568s][info][gc,ref      ] GC(2) O: Soft References:              224            0            0 
[1.568s][info][gc,ref      ] GC(2) O: Weak References:             1225            0            0 
[1.568s][info][gc,ref      ] GC(2) O: Final References:               0            0            0 
[1.568s][info][gc,ref      ] GC(2) O: Phantom References:             3            0            0 
[1.568s][info][gc,heap     ] GC(2) O: Min Capacity: 8M(3%)
[1.568s][info][gc,heap     ] GC(2) O: Max Capacity: 256M(100%)
[1.568s][info][gc,heap     ] GC(2) O: Soft Max Capacity: 256M(100%)
[1.568s][info][gc,heap     ] GC(2) O: Heap Statistics:
[1.568s][info][gc,heap     ] GC(2) O:                Mark Start          Mark End        Relocate Start      Relocate End           High               Low         
[1.568s][info][gc,heap     ] GC(2) O:  Capacity:      256M (100%)        256M (100%)        256M (100%)        256M (100%)        256M (100%)        256M (100%)   
[1.568s][info][gc,heap     ] GC(2) O:      Free:      172M (67%)         170M (66%)         170M (66%)         170M (66%)         172M (67%)         154M (60%)    
[1.568s][info][gc,heap     ] GC(2) O:      Used:       84M (33%)          86M (34%)          86M (34%)          86M (34%)         102M (40%)          84M (33%)    
[1.568s][info][gc,heap     ] GC(2) O: Old Generation Statistics:
[1.568s][info][gc,heap     ] GC(2) O:                Mark Start          Mark End        Relocate Start      Relocate End    
[1.568s][info][gc,heap     ] GC(2) O:      Used:        0M (0%)            0M (0%)            0M (0%)            0M (0%)     
[1.568s][info][gc,heap     ] GC(2) O:      Live:         -                 0M (0%)            0M (0%)            0M (0%)     
[1.568s][info][gc,heap     ] GC(2) O:   Garbage:         -                 0M (0%)            0M (0%)            0M (0%)     
[1.568s][info][gc,heap     ] GC(2) O: Allocated:         -                 0M (0%)            0M (0%)            0M (0%)     
[1.569s][info][gc,heap     ] GC(2) O: Reclaimed:         -                  -                 0M (0%)            0M (0%)     
[1.569s][info][gc,heap     ] GC(2) O: Compacted:         -                  -                  -                 0M (0%)     
[1.569s][info][gc,phases   ] GC(2) O: Old Generation 86M(34%)->86M(34%) 0.004s
[1.569s][info][gc          ] GC(2) Major Collection (Warmup) 84M(33%)->86M(34%) 0.013s
[2.668s][info][gc          ] GC(3) Major Collection (Proactive)
[2.668s][info][gc,task     ] GC(3) Using 1 Workers for Young Generation
[2.668s][info][gc,task     ] GC(3) Using 1 Workers for Old Generation
[2.668s][info][gc,phases   ] GC(3) Y: Young Generation
[2.668s][info][gc,phases   ] GC(3) Y: Pause Mark Start (Major) 0.008ms
[2.677s][info][gc,phases   ] GC(3) Y: Concurrent Mark 8.786ms
[2.677s][info][gc,phases   ] GC(3) Y: Pause Mark End 0.011ms
[2.677s][info][gc,phases   ] GC(3) Y: Concurrent Mark Free 0.002ms
[2.677s][info][gc,phases   ] GC(3) Y: Concurrent Reset Relocation Set 0.001ms
[2.677s][info][gc,reloc    ] GC(3) Y: Using tenuring threshold: 1 (Computed)
[2.680s][info][gc,phases   ] GC(3) Y: Concurrent Select Relocation Set 2.696ms
[2.680s][info][gc,phases   ] GC(3) Y: Pause Relocate Start 0.007ms
[2.687s][info][gc,phases   ] GC(3) Y: Concurrent Relocate 7.152ms
[2.687s][info][gc,alloc    ] GC(3) Y:                         Mark Start        Mark End      Relocate Start    Relocate End   
[2.687s][info][gc,alloc    ] GC(3) Y: Allocation Stalls:          0                0                0                0         
[2.687s][info][gc,load     ] GC(3) Y: Load: 0.00 (0%) / 0.00 (0%) / 0.00 (0%)
[2.687s][info][gc,mmu      ] GC(3) Y: MMU: 2ms/91.6%, 5ms/96.5%, 10ms/98.1%, 20ms/99.0%, 50ms/99.6%, 100ms/99.8%
[2.687s][info][gc,marking  ] GC(3) Y: Mark: 1 stripe(s), 1 proactive flush(es), 1 terminate flush(es), 0 completion(s), 0 continuation(s) 
[2.687s][info][gc,nmethod  ] GC(3) Y: NMethods: 1753 registered, 108 unregistered
[2.687s][info][gc,metaspace] GC(3) Y: Metaspace: 9M used, 10M committed, 1088M reserved
[2.687s][info][gc,reloc    ] GC(3) Y:                        Candidates     Selected     In-Place         Size        Empty    Relocated 
[2.687s][info][gc,reloc    ] GC(3) Y: Small Pages:                    7            4            0          14M           0M           1M 
[2.687s][info][gc,reloc    ] GC(3) Y: Medium Pages:                  16            1            0         128M           0M           0M 
[2.687s][info][gc,reloc    ] GC(3) Y: Large Pages:                    0            0            0           0M           0M           0M 
[2.687s][info][gc,reloc    ] GC(3) Y: Forwarding Usage: 1M
[2.687s][info][gc,reloc    ] GC(3) Y: Age Table:
[2.687s][info][gc,reloc    ] GC(3) Y:                    Live             Garbage             Small              Medium             Large        
[2.687s][info][gc,reloc    ] GC(3) Y: Eden              53M (21%)           4M (2%)           1 / 1              7 / 0              0 / 0        
[2.687s][info][gc,reloc    ] GC(3) Y: Survivor 1        46M (18%)          11M (4%)           1 / 0              7 / 1              0 / 0        
[2.687s][info][gc,reloc    ] GC(3) Y: Survivor 2        10M (4%)            9M (4%)           2 / 2              2 / 0              0 / 0        
[2.687s][info][gc,reloc    ] GC(3) Y: Survivor 3         2M (1%)            3M (1%)           3 / 1              0 / 0              0 / 0        
[2.687s][info][gc,heap     ] GC(3) Y: Min Capacity: 8M(3%)
[2.687s][info][gc,heap     ] GC(3) Y: Max Capacity: 256M(100%)
[2.687s][info][gc,heap     ] GC(3) Y: Soft Max Capacity: 256M(100%)
[2.687s][info][gc,heap     ] GC(3) Y: Heap Statistics:
[2.687s][info][gc,heap     ] GC(3) Y:                Mark Start          Mark End        Relocate Start      Relocate End           High               Low         
[2.687s][info][gc,heap     ] GC(3) Y:  Capacity:      256M (100%)        256M (100%)        256M (100%)        256M (100%)        256M (100%)        256M (100%)   
[2.687s][info][gc,heap     ] GC(3) Y:      Free:      114M (45%)         104M (41%)         104M (41%)         118M (46%)         118M (46%)          96M (38%)    
[2.687s][info][gc,heap     ] GC(3) Y:      Used:      142M (55%)         152M (59%)         152M (59%)         138M (54%)         160M (62%)         138M (54%)    
[2.687s][info][gc,heap     ] GC(3) Y: Young Generation Statistics:
[2.687s][info][gc,heap     ] GC(3) Y:                Mark Start          Mark End        Relocate Start      Relocate End    
[2.687s][info][gc,heap     ] GC(3) Y:      Used:      142M (55%)         152M (59%)          94M (37%)          68M (27%)    
[2.687s][info][gc,heap     ] GC(3) Y:      Live:         -               112M (44%)          58M (23%)          53M (21%)    
[2.687s][info][gc,heap     ] GC(3) Y:   Garbage:         -                29M (11%)          25M (10%)           2M (1%)     
[2.687s][info][gc,heap     ] GC(3) Y: Allocated:         -                10M (4%)           10M (4%)           11M (5%)     
[2.687s][info][gc,heap     ] GC(3) Y: Reclaimed:         -                  -                 3M (1%)           26M (10%)    
[2.687s][info][gc,heap     ] GC(3) Y:  Promoted:         -                  -                54M (21%)          59M (23%)    
[2.687s][info][gc,heap     ] GC(3) Y: Compacted:         -                  -                  -                 0M (0%)     
[2.687s][info][gc,phases   ] GC(3) Y: Young Generation 142M(55%)->138M(54%) 0.019s
[2.687s][info][gc,phases   ] GC(3) O: Old Generation
[2.688s][info][gc,phases   ] GC(3) O: Concurrent Mark 0.589ms
[2.688s][info][gc,phases   ] GC(3) O: Pause Mark End 0.007ms
[2.688s][info][gc,phases   ] GC(3) O: Concurrent Mark Free 0.000ms
[2.691s][info][gc,phases   ] GC(3) O: Concurrent Process Non-Strong 2.400ms
[2.691s][info][gc,phases   ] GC(3) O: Concurrent Reset Relocation Set 0.000ms
[2.691s][info][gc,phases   ] GC(3) O: Concurrent Select Relocation Set 0.081ms
[2.691s][info][gc,task     ] GC(3) O: Using 2 Workers for Old Generation
[2.692s][info][gc,task     ] GC(3) O: Using 1 Workers for Old Generation
[2.692s][info][gc,phases   ] GC(3) O: Concurrent Remap Roots 1.232ms
[2.692s][info][gc,phases   ] GC(3) O: Pause Relocate Start 0.006ms
[2.692s][info][gc,phases   ] GC(3) O: Concurrent Relocate 0.150ms
[2.692s][info][gc,alloc    ] GC(3) O:                         Mark Start        Mark End      Relocate Start    Relocate End   
[2.692s][info][gc,alloc    ] GC(3) O: Allocation Stalls:          0                0                0                0         
[2.692s][info][gc,load     ] GC(3) O: Load: 0.00 (0%) / 0.00 (0%) / 0.00 (0%)
[2.692s][info][gc,mmu      ] GC(3) O: MMU: 2ms/91.6%, 5ms/96.5%, 10ms/98.1%, 20ms/99.0%, 50ms/99.6%, 100ms/99.8%
[2.692s][info][gc,marking  ] GC(3) O: Mark: 1 stripe(s), 1 proactive flush(es), 1 terminate flush(es), 0 completion(s), 0 continuation(s) 
[2.692s][info][gc,nmethod  ] GC(3) O: NMethods: 1750 registered, 111 unregistered
[2.692s][info][gc,metaspace] GC(3) O: Metaspace: 9M used, 10M committed, 1088M reserved
[2.692s][info][gc,ref      ] GC(3) O:                       Encountered   Discovered     Enqueued 
[2.692s][info][gc,ref      ] GC(3) O: Soft References:              224            0            0 
[2.692s][info][gc,ref      ] GC(3) O: Weak References:             1225            0            0 
[2.692s][info][gc,ref      ] GC(3) O: Final References:               0            0            0 
[2.692s][info][gc,ref      ] GC(3) O: Phantom References:             3            0            0 
[2.692s][info][gc,heap     ] GC(3) O: Min Capacity: 8M(3%)
[2.692s][info][gc,heap     ] GC(3) O: Max Capacity: 256M(100%)
[2.692s][info][gc,heap     ] GC(3) O: Soft Max Capacity: 256M(100%)
[2.692s][info][gc,heap     ] GC(3) O: Heap Statistics:
[2.692s][info][gc,heap     ] GC(3) O:                Mark Start          Mark End        Relocate Start      Relocate End           High               Low         
[2.692s][info][gc,heap     ] GC(3) O:  Capacity:      256M (100%)        256M (100%)        256M (100%)        256M (100%)        256M (100%)        256M (100%)   
[2.692s][info][gc,heap     ] GC(3) O:      Free:      114M (45%)         118M (46%)         118M (46%)         118M (46%)         118M (46%)          96M (38%)    
[2.692s][info][gc,heap     ] GC(3) O:      Used:      142M (55%)         138M (54%)         138M (54%)         138M (54%)         160M (62%)         138M (54%)    
[2.692s][info][gc,heap     ] GC(3) O: Old Generation Statistics:
[2.692s][info][gc,heap     ] GC(3) O:                Mark Start          Mark End        Relocate Start      Relocate End    
[2.692s][info][gc,heap     ] GC(3) O:      Used:        0M (0%)           70M (27%)          70M (27%)          70M (27%)    
[2.692s][info][gc,heap     ] GC(3) O:      Live:         -                 0M (0%)            0M (0%)            0M (0%)     
[2.692s][info][gc,heap     ] GC(3) O:   Garbage:         -                 0M (0%)            0M (0%)            0M (0%)     
[2.692s][info][gc,heap     ] GC(3) O: Allocated:         -                70M (27%)          70M (27%)          70M (27%)    
[2.692s][info][gc,heap     ] GC(3) O: Reclaimed:         -                  -                 0M (0%)            0M (0%)     
[2.692s][info][gc,heap     ] GC(3) O: Compacted:         -                  -                  -                 0M (0%)     
[2.692s][info][gc,phases   ] GC(3) O: Old Generation 138M(54%)->138M(54%) 0.005s
[2.692s][info][gc          ] GC(3) Major Collection (Proactive) 142M(55%)->138M(54%) 0.025s
[4.324s][info][gc          ] GC(4) Major Collection (Proactive)
[4.324s][info][gc,task     ] GC(4) Using 1 Workers for Young Generation
[4.324s][info][gc,task     ] GC(4) Using 1 Workers for Old Generation
[4.324s][info][gc,phases   ] GC(4) Y: Young Generation
[4.324s][info][gc,phases   ] GC(4) Y: Pause Mark Start (Major) 0.010ms
[4.326s][info][gc,phases   ] GC(4) Y: Concurrent Mark 1.964ms
[4.326s][info][gc,phases   ] GC(4) Y: Pause Mark End 0.007ms
[4.326s][info][gc,phases   ] GC(4) Y: Concurrent Mark Free 0.001ms
[4.326s][info][gc,phases   ] GC(4) Y: Concurrent Reset Relocation Set 0.006ms
[4.326s][info][gc,reloc    ] GC(4) Y: Using tenuring threshold: 1 (Computed)
[4.327s][info][gc,phases   ] GC(4) Y: Concurrent Select Relocation Set 0.843ms
[4.327s][info][gc,phases   ] GC(4) Y: Pause Relocate Start 0.004ms
[4.327s][info][gc,phases   ] GC(4) Y: Concurrent Relocate 0.245ms
[4.327s][info][gc,alloc    ] GC(4) Y:                         Mark Start        Mark End      Relocate Start    Relocate End   
[4.327s][info][gc,alloc    ] GC(4) Y: Allocation Stalls:          0                0                0                0         
[4.327s][info][gc,load     ] GC(4) Y: Load: 0.00 (0%) / 0.00 (0%) / 0.00 (0%)
[4.327s][info][gc,mmu      ] GC(4) Y: MMU: 2ms/91.6%, 5ms/96.5%, 10ms/98.1%, 20ms/99.0%, 50ms/99.6%, 100ms/99.8%
[4.327s][info][gc,marking  ] GC(4) Y: Mark: 1 stripe(s), 1 proactive flush(es), 1 terminate flush(es), 0 completion(s), 0 continuation(s) 
[4.327s][info][gc,nmethod  ] GC(4) Y: NMethods: 1760 registered, 111 unregistered
[4.327s][info][gc,metaspace] GC(4) Y: Metaspace: 9M used, 10M committed, 1088M reserved
[4.327s][info][gc,reloc    ] GC(4) Y:                        Candidates     Selected     In-Place         Size        Empty    Relocated 
[4.328s][info][gc,reloc    ] GC(4) Y: Small Pages:                    2            0            0           4M           2M           0M 
[4.328s][info][gc,reloc    ] GC(4) Y: Medium Pages:                  18            0            0         144M           0M           0M 
[4.328s][info][gc,reloc    ] GC(4) Y: Large Pages:                    0            0            0           0M           0M           0M 
[4.328s][info][gc,reloc    ] GC(4) Y: Forwarding Usage: 0M
[4.328s][info][gc,reloc    ] GC(4) Y: Age Table:
[4.328s][info][gc,reloc    ] GC(4) Y:                    Live             Garbage             Small              Medium             Large        
[4.328s][info][gc,reloc    ] GC(4) Y: Eden              82M (32%)           7M (3%)           1 / 0             11 / 0              0 / 0        
[4.328s][info][gc,reloc    ] GC(4) Y: Survivor 1        53M (21%)           4M (2%)           1 / 0              7 / 0              0 / 0        
[4.328s][info][gc,heap     ] GC(4) Y: Min Capacity: 8M(3%)
[4.328s][info][gc,heap     ] GC(4) Y: Max Capacity: 256M(100%)
[4.328s][info][gc,heap     ] GC(4) Y: Soft Max Capacity: 256M(100%)
[4.328s][info][gc,heap     ] GC(4) Y: Heap Statistics:
[4.328s][info][gc,heap     ] GC(4) Y:                Mark Start          Mark End        Relocate Start      Relocate End           High               Low         
[4.328s][info][gc,heap     ] GC(4) Y:  Capacity:      256M (100%)        256M (100%)        256M (100%)        256M (100%)        256M (100%)        256M (100%)   
[4.328s][info][gc,heap     ] GC(4) Y:      Free:       38M (15%)          28M (11%)          30M (12%)          30M (12%)          38M (15%)          28M (11%)    
[4.328s][info][gc,heap     ] GC(4) Y:      Used:      218M (85%)         228M (89%)         226M (88%)         226M (88%)         228M (89%)         218M (85%)    
[4.328s][info][gc,heap     ] GC(4) Y: Young Generation Statistics:
[4.328s][info][gc,heap     ] GC(4) Y:                Mark Start          Mark End        Relocate Start      Relocate End    
[4.328s][info][gc,heap     ] GC(4) Y:      Used:      148M (58%)         158M (62%)         100M (39%)         100M (39%)    
[4.328s][info][gc,heap     ] GC(4) Y:      Live:         -               135M (53%)          82M (32%)          82M (32%)    
[4.328s][info][gc,heap     ] GC(4) Y:   Garbage:         -                12M (5%)            7M (3%)            7M (3%)     
[4.328s][info][gc,heap     ] GC(4) Y: Allocated:         -                10M (4%)           10M (4%)           10M (4%)     
[4.328s][info][gc,heap     ] GC(4) Y: Reclaimed:         -                  -                 4M (2%)            4M (2%)     
[4.328s][info][gc,heap     ] GC(4) Y:  Promoted:         -                  -                53M (21%)          53M (21%)    
[4.328s][info][gc,heap     ] GC(4) Y: Compacted:         -                  -                  -                 0M (0%)     
[4.328s][info][gc,phases   ] GC(4) Y: Young Generation 218M(85%)->226M(88%) 0.003s
[4.328s][info][gc,phases   ] GC(4) O: Old Generation
[4.334s][info][gc,phases   ] GC(4) O: Concurrent Mark 6.760ms
[4.335s][info][gc,phases   ] GC(4) O: Pause Mark End 0.009ms
[4.335s][info][gc,phases   ] GC(4) O: Concurrent Mark Free 0.001ms
[4.337s][info][gc,phases   ] GC(4) O: Concurrent Process Non-Strong 2.340ms
[4.337s][info][gc,phases   ] GC(4) O: Concurrent Reset Relocation Set 0.000ms
[4.337s][info][gc,phases   ] GC(4) O: Concurrent Select Relocation Set 0.067ms
[4.337s][info][gc,task     ] GC(4) O: Using 2 Workers for Old Generation
[4.338s][info][gc,task     ] GC(4) O: Using 1 Workers for Old Generation
[4.338s][info][gc,phases   ] GC(4) O: Concurrent Remap Roots 0.595ms
[4.338s][info][gc,phases   ] GC(4) O: Pause Relocate Start 0.006ms
[4.338s][info][gc,phases   ] GC(4) O: Concurrent Relocate 0.157ms
[4.338s][info][gc,alloc    ] GC(4) O:                         Mark Start        Mark End      Relocate Start    Relocate End   
[4.338s][info][gc,alloc    ] GC(4) O: Allocation Stalls:          0                0                0                0         
[4.338s][info][gc,load     ] GC(4) O: Load: 0.00 (0%) / 0.00 (0%) / 0.00 (0%)
[4.338s][info][gc,mmu      ] GC(4) O: MMU: 2ms/91.6%, 5ms/96.5%, 10ms/98.1%, 20ms/99.0%, 50ms/99.6%, 100ms/99.8%
[4.338s][info][gc,marking  ] GC(4) O: Mark: 1 stripe(s), 2 proactive flush(es), 1 terminate flush(es), 0 completion(s), 0 continuation(s) 
[4.338s][info][gc,nmethod  ] GC(4) O: NMethods: 1761 registered, 114 unregistered
[4.338s][info][gc,metaspace] GC(4) O: Metaspace: 9M used, 10M committed, 1088M reserved
[4.338s][info][gc,ref      ] GC(4) O:                       Encountered   Discovered     Enqueued 
[4.338s][info][gc,ref      ] GC(4) O: Soft References:              224            0            0 
[4.338s][info][gc,ref      ] GC(4) O: Weak References:             1225         1165          298 
[4.338s][info][gc,ref      ] GC(4) O: Final References:               0            0            0 
[4.338s][info][gc,ref      ] GC(4) O: Phantom References:             3            3            0 
[4.338s][info][gc,reloc    ] GC(4) O:                        Candidates     Selected     In-Place         Size        Empty    Relocated 
[4.338s][info][gc,reloc    ] GC(4) O: Small Pages:                    3            0            0           6M           0M           0M 
[4.338s][info][gc,reloc    ] GC(4) O: Medium Pages:                   8            0            0          64M           0M           0M 
[4.338s][info][gc,reloc    ] GC(4) O: Large Pages:                    0            0            0           0M           0M           0M 
[4.338s][info][gc,reloc    ] GC(4) O: Forwarding Usage: 0M
[4.338s][info][gc,heap     ] GC(4) O: Min Capacity: 8M(3%)
[4.338s][info][gc,heap     ] GC(4) O: Max Capacity: 256M(100%)
[4.338s][info][gc,heap     ] GC(4) O: Soft Max Capacity: 256M(100%)
[4.338s][info][gc,heap     ] GC(4) O: Heap Statistics:
[4.338s][info][gc,heap     ] GC(4) O:                Mark Start          Mark End        Relocate Start      Relocate End           High               Low         
[4.338s][info][gc,heap     ] GC(4) O:  Capacity:      256M (100%)        256M (100%)        256M (100%)        256M (100%)        256M (100%)        256M (100%)   
[4.338s][info][gc,heap     ] GC(4) O:      Free:       38M (15%)          30M (12%)          30M (12%)          30M (12%)          38M (15%)          28M (11%)    
[4.338s][info][gc,heap     ] GC(4) O:      Used:      218M (85%)         226M (88%)         226M (88%)         226M (88%)         228M (89%)         218M (85%)    
[4.338s][info][gc,heap     ] GC(4) O: Old Generation Statistics:
[4.338s][info][gc,heap     ] GC(4) O:                Mark Start          Mark End        Relocate Start      Relocate End    
[4.338s][info][gc,heap     ] GC(4) O:      Used:       70M (27%)         126M (49%)         126M (49%)         126M (49%)    
[4.338s][info][gc,heap     ] GC(4) O:      Live:         -                59M (23%)          59M (23%)          59M (23%)    
[4.338s][info][gc,heap     ] GC(4) O:   Garbage:         -                10M (4%)           10M (4%)           10M (4%)     
[4.338s][info][gc,heap     ] GC(4) O: Allocated:         -                56M (22%)          56M (22%)          56M (22%)    
[4.338s][info][gc,heap     ] GC(4) O: Reclaimed:         -                  -                 0M (0%)            0M (0%)     
[4.338s][info][gc,heap     ] GC(4) O: Compacted:         -                  -                  -                 0M (0%)     
[4.338s][info][gc,phases   ] GC(4) O: Old Generation 226M(88%)->226M(88%) 0.010s
[4.338s][info][gc          ] GC(4) Major Collection (Proactive) 218M(85%)->226M(88%) 0.014s
[4.482s][info][gc          ] GC(5) Minor Collection (High Usage)
[4.482s][info][gc,task     ] GC(5) Using 1 Workers for Young Generation
[4.482s][info][gc,phases   ] GC(5) y: Young Generation
[4.482s][info][gc,phases   ] GC(5) y: Pause Mark Start 0.006ms
[4.484s][info][gc,phases   ] GC(5) y: Concurrent Mark 1.769ms
[4.484s][info][gc,phases   ] GC(5) y: Pause Mark End 0.005ms
[4.484s][info][gc,phases   ] GC(5) y: Concurrent Mark Free 0.001ms
[4.484s][info][gc,phases   ] GC(5) y: Concurrent Reset Relocation Set 0.002ms
[4.484s][info][gc,reloc    ] GC(5) y: Using tenuring threshold: 1 (Computed)
[4.485s][info][gc,phases   ] GC(5) y: Concurrent Select Relocation Set 1.083ms
[4.485s][info][gc,phases   ] GC(5) y: Pause Relocate Start 0.004ms
[4.488s][info][gc,phases   ] GC(5) y: Concurrent Relocate 2.584ms
[4.488s][info][gc,alloc    ] GC(5) y:                         Mark Start        Mark End      Relocate Start    Relocate End   
[4.488s][info][gc,alloc    ] GC(5) y: Allocation Stalls:          0                0                0                0         
[4.488s][info][gc,load     ] GC(5) y: Load: 0.00 (0%) / 0.00 (0%) / 0.00 (0%)
[4.488s][info][gc,mmu      ] GC(5) y: MMU: 2ms/91.6%, 5ms/96.5%, 10ms/98.1%, 20ms/99.0%, 50ms/99.6%, 100ms/99.8%
[4.488s][info][gc,marking  ] GC(5) y: Mark: 1 stripe(s), 2 proactive flush(es), 1 terminate flush(es), 0 completion(s), 0 continuation(s) 
[4.488s][info][gc,nmethod  ] GC(5) y: NMethods: 1761 registered, 114 unregistered
[4.488s][info][gc,metaspace] GC(5) y: Metaspace: 9M used, 10M committed, 1088M reserved
[4.488s][info][gc,reloc    ] GC(5) y:                        Candidates     Selected     In-Place         Size        Empty    Relocated 
[4.488s][info][gc,reloc    ] GC(5) y: Small Pages:                    2            0            0           4M           2M           0M 
[4.488s][info][gc,reloc    ] GC(5) y: Medium Pages:                  13            1            0         104M           0M           5M 
[4.488s][info][gc,reloc    ] GC(5) y: Large Pages:                    0            0            0           0M           0M           0M 
[4.488s][info][gc,reloc    ] GC(5) y: Forwarding Usage: 0M
[4.488s][info][gc,reloc    ] GC(5) y: Age Table:
[4.488s][info][gc,reloc    ] GC(5) y:                    Live             Garbage             Small              Medium             Large        
[4.488s][info][gc,reloc    ] GC(5) y: Eden               8M (3%)            9M (4%)           1 / 0              2 / 0              0 / 0        
[4.488s][info][gc,reloc    ] GC(5) y: Survivor 1        82M (32%)           7M (3%)           1 / 0             11 / 1              0 / 0        
[4.488s][info][gc,heap     ] GC(5) y: Min Capacity: 8M(3%)
[4.488s][info][gc,heap     ] GC(5) y: Max Capacity: 256M(100%)
[4.488s][info][gc,heap     ] GC(5) y: Soft Max Capacity: 256M(100%)
[4.488s][info][gc,heap     ] GC(5) y: Heap Statistics:
[4.488s][info][gc,heap     ] GC(5) y:                Mark Start          Mark End        Relocate Start      Relocate End           High               Low         
[4.488s][info][gc,heap     ] GC(5) y:  Capacity:      256M (100%)        256M (100%)        256M (100%)        256M (100%)        256M (100%)        256M (100%)   
[4.488s][info][gc,heap     ] GC(5) y:      Free:       22M (9%)           20M (8%)           22M (9%)           22M (9%)           22M (9%)           14M (5%)     
[4.488s][info][gc,heap     ] GC(5) y:      Used:      234M (91%)         236M (92%)         234M (91%)         234M (91%)         242M (95%)         234M (91%)    
[4.488s][info][gc,heap     ] GC(5) y: Young Generation Statistics:
[4.488s][info][gc,heap     ] GC(5) y:                Mark Start          Mark End        Relocate Start      Relocate End    
[4.488s][info][gc,heap     ] GC(5) y:      Used:      108M (42%)         110M (43%)          26M (10%)          18M (7%)     
[4.488s][info][gc,heap     ] GC(5) y:      Live:         -                90M (35%)          14M (6%)            8M (3%)     
[4.488s][info][gc,heap     ] GC(5) y:   Garbage:         -                17M (7%)            9M (4%)            0M (0%)     
[4.488s][info][gc,heap     ] GC(5) y: Allocated:         -                 2M (1%)            2M (1%)            9M (4%)     
[4.488s][info][gc,heap     ] GC(5) y: Reclaimed:         -                  -                 7M (3%)           16M (7%)     
[4.488s][info][gc,heap     ] GC(5) y:  Promoted:         -                  -                76M (30%)          82M (32%)    
[4.488s][info][gc,heap     ] GC(5) y: Compacted:         -                  -                  -                 0M (0%)     
[4.488s][info][gc,phases   ] GC(5) y: Young Generation 234M(91%)->234M(91%) 0.006s
[4.488s][info][gc          ] GC(5) Minor Collection (High Usage) 234M(91%)->234M(91%) 0.006s
[4.488s][info][gc          ] GC(6) Major Collection (Allocation Rate)
[4.488s][info][gc,task     ] GC(6) Using 1 Workers for Young Generation
[4.488s][info][gc,task     ] GC(6) Using 1 Workers for Old Generation
[4.488s][info][gc,phases   ] GC(6) Y: Young Generation
[4.488s][info][gc,phases   ] GC(6) Y: Pause Mark Start (Major) 0.008ms
[4.490s][info][gc,phases   ] GC(6) Y: Concurrent Mark 1.339ms
[4.490s][info][gc,phases   ] GC(6) Y: Pause Mark End 0.004ms
[4.490s][info][gc,phases   ] GC(6) Y: Concurrent Mark Free 0.001ms
[4.490s][info][gc,phases   ] GC(6) Y: Concurrent Reset Relocation Set 0.004ms
[4.490s][info][gc,reloc    ] GC(6) Y: Using tenuring threshold: 2 (Computed)
[4.490s][info][gc,phases   ] GC(6) Y: Concurrent Select Relocation Set 0.297ms
[4.490s][info][gc,phases   ] GC(6) Y: Pause Relocate Start 0.003ms
[4.490s][info][gc,phases   ] GC(6) Y: Concurrent Relocate 0.223ms
[4.490s][info][gc,alloc    ] GC(6) Y:                         Mark Start        Mark End      Relocate Start    Relocate End   
[4.490s][info][gc,alloc    ] GC(6) Y: Allocation Stalls:          0                0                0                0         
[4.490s][info][gc,load     ] GC(6) Y: Load: 0.00 (0%) / 0.00 (0%) / 0.00 (0%)
[4.490s][info][gc,mmu      ] GC(6) Y: MMU: 2ms/91.6%, 5ms/96.5%, 10ms/98.1%, 20ms/99.0%, 50ms/99.6%, 100ms/99.8%
[4.490s][info][gc,marking  ] GC(6) Y: Mark: 1 stripe(s), 1 proactive flush(es), 1 terminate flush(es), 0 completion(s), 0 continuation(s) 
[4.490s][info][gc,nmethod  ] GC(6) Y: NMethods: 1761 registered, 114 unregistered
[4.490s][info][gc,metaspace] GC(6) Y: Metaspace: 9M used, 10M committed, 1088M reserved
[4.490s][info][gc,reloc    ] GC(6) Y:                        Candidates     Selected     In-Place         Size        Empty    Relocated 
[4.490s][info][gc,reloc    ] GC(6) Y: Small Pages:                    1            0            0           2M           2M           0M 
[4.490s][info][gc,reloc    ] GC(6) Y: Medium Pages:                   2            0            0          16M           0M           0M 
[4.490s][info][gc,reloc    ] GC(6) Y: Large Pages:                    0            0            0           0M           0M           0M 
[4.490s][info][gc,reloc    ] GC(6) Y: Forwarding Usage: 0M
[4.490s][info][gc,reloc    ] GC(6) Y: Age Table:
[4.490s][info][gc,reloc    ] GC(6) Y:                    Live             Garbage             Small              Medium             Large        
[4.490s][info][gc,reloc    ] GC(6) Y: Eden                -                 2M (1%)           1 / 0              0 / 0              0 / 0        
[4.490s][info][gc,reloc    ] GC(6) Y: Survivor 1         8M (3%)            7M (3%)           0 / 0              2 / 0              0 / 0        
[4.490s][info][gc,heap     ] GC(6) Y: Min Capacity: 8M(3%)
[4.490s][info][gc,heap     ] GC(6) Y: Max Capacity: 256M(100%)
[4.490s][info][gc,heap     ] GC(6) Y: Soft Max Capacity: 256M(100%)
[4.490s][info][gc,heap     ] GC(6) Y: Heap Statistics:
[4.490s][info][gc,heap     ] GC(6) Y:                Mark Start          Mark End        Relocate Start      Relocate End           High               Low         
[4.490s][info][gc,heap     ] GC(6) Y:  Capacity:      256M (100%)        256M (100%)        256M (100%)        256M (100%)        256M (100%)        256M (100%)   
[4.491s][info][gc,heap     ] GC(6) Y:      Free:       22M (9%)           22M (9%)           24M (9%)           24M (9%)           24M (9%)           22M (9%)     
[4.491s][info][gc,heap     ] GC(6) Y:      Used:      234M (91%)         234M (91%)         232M (91%)         232M (91%)         234M (91%)         232M (91%)    
[4.491s][info][gc,heap     ] GC(6) Y: Young Generation Statistics:
[4.491s][info][gc,heap     ] GC(6) Y:                Mark Start          Mark End        Relocate Start      Relocate End    
[4.491s][info][gc,heap     ] GC(6) Y:      Used:       18M (7%)           18M (7%)           16M (6%)           16M (6%)     
[4.491s][info][gc,heap     ] GC(6) Y:      Live:         -                 8M (3%)            8M (3%)            8M (3%)     
[4.491s][info][gc,heap     ] GC(6) Y:   Garbage:         -                 9M (4%)            7M (3%)            7M (3%)     
[4.491s][info][gc,heap     ] GC(6) Y: Allocated:         -                 0M (0%)            0M (0%)            0M (0%)     
[4.491s][info][gc,heap     ] GC(6) Y: Reclaimed:         -                  -                 2M (1%)            2M (1%)     
[4.491s][info][gc,heap     ] GC(6) Y:  Promoted:         -                  -                 0M (0%)            0M (0%)     
[4.491s][info][gc,heap     ] GC(6) Y: Compacted:         -                  -                  -                 0M (0%)     
[4.491s][info][gc,phases   ] GC(6) Y: Young Generation 234M(91%)->232M(91%) 0.002s
[4.491s][info][gc,phases   ] GC(6) O: Old Generation
[4.497s][info][gc,phases   ] GC(6) O: Concurrent Mark 6.617ms
[4.497s][info][gc,phases   ] GC(6) O: Pause Mark End 0.009ms
[4.497s][info][gc,phases   ] GC(6) O: Concurrent Mark Free 0.000ms
[4.498s][info][gc          ] GC(7) Minor Collection (High Usage)
[4.498s][info][gc,task     ] GC(7) Using 1 Workers for Young Generation
[4.498s][info][gc,phases   ] GC(7) y: Young Generation
[4.500s][info][gc,phases   ] GC(7) y: Pause Mark Start 0.006ms
[4.501s][info][gc,phases   ] GC(6) O: Concurrent Process Non-Strong 3.230ms
[4.501s][info][gc,phases   ] GC(6) O: Concurrent Reset Relocation Set 0.000ms
[4.501s][info][gc,phases   ] GC(6) O: Concurrent Select Relocation Set 0.164ms
[4.501s][info][gc,phases   ] GC(7) y: Concurrent Mark 1.587ms
[4.502s][info][gc,phases   ] GC(7) y: Pause Mark End 0.005ms
[4.502s][info][gc,phases   ] GC(7) y: Concurrent Mark Free 0.001ms
[4.502s][info][gc,phases   ] GC(7) y: Concurrent Reset Relocation Set 0.000ms
[4.502s][info][gc,reloc    ] GC(7) y: Using tenuring threshold: 1 (Computed)
[4.502s][info][gc,phases   ] GC(7) y: Concurrent Select Relocation Set 0.484ms
[4.502s][info][gc,phases   ] GC(7) y: Pause Relocate Start 0.004ms
[4.502s][info][gc,phases   ] GC(7) y: Concurrent Relocate 0.237ms
[4.502s][info][gc,alloc    ] GC(7) y:                         Mark Start        Mark End      Relocate Start    Relocate End   
[4.502s][info][gc,alloc    ] GC(7) y: Allocation Stalls:          0                0                0                0         
[4.503s][info][gc,load     ] GC(7) y: Load: 0.00 (0%) / 0.00 (0%) / 0.00 (0%)
[4.503s][info][gc,mmu      ] GC(7) y: MMU: 2ms/91.6%, 5ms/96.5%, 10ms/98.1%, 20ms/99.0%, 50ms/99.6%, 100ms/99.8%
[4.503s][info][gc,marking  ] GC(7) y: Mark: 1 stripe(s), 1 proactive flush(es), 1 terminate flush(es), 0 completion(s), 0 continuation(s) 
[4.503s][info][gc,nmethod  ] GC(7) y: NMethods: 1761 registered, 114 unregistered
[4.503s][info][gc,metaspace] GC(7) y: Metaspace: 9M used, 10M committed, 1088M reserved
[4.503s][info][gc,reloc    ] GC(7) y:                        Candidates     Selected     In-Place         Size        Empty    Relocated 
[4.503s][info][gc,reloc    ] GC(7) y: Small Pages:                    0            0            0           0M           0M           0M 
[4.503s][info][gc,reloc    ] GC(7) y: Medium Pages:                   2            0            0          16M           0M           0M 
[4.503s][info][gc,reloc    ] GC(7) y: Large Pages:                    0            0            0           0M           0M           0M 
[4.503s][info][gc,reloc    ] GC(7) y: Forwarding Usage: 0M
[4.503s][info][gc,reloc    ] GC(7) y: Age Table:
[4.503s][info][gc,reloc    ] GC(7) y:                    Live             Garbage             Small              Medium             Large        
[4.503s][info][gc,reloc    ] GC(7) y: Eden                -                 0M (0%)           0 / 0              0 / 0              0 / 0        
[4.503s][info][gc,reloc    ] GC(7) y: Survivor 1          -                 0M (0%)           0 / 0              0 / 0              0 / 0        
[4.503s][info][gc,reloc    ] GC(7) y: Survivor 2         8M (3%)            7M (3%)           0 / 0              2 / 0              0 / 0        
[4.503s][info][gc,heap     ] GC(7) y: Min Capacity: 8M(3%)
[4.503s][info][gc,heap     ] GC(7) y: Max Capacity: 256M(100%)
[4.503s][info][gc,heap     ] GC(7) y: Soft Max Capacity: 256M(100%)
[4.503s][info][gc,heap     ] GC(7) y: Heap Statistics:
[4.503s][info][gc,heap     ] GC(7) y:                Mark Start          Mark End        Relocate Start      Relocate End           High               Low         
[4.503s][info][gc,heap     ] GC(7) y:  Capacity:      256M (100%)        256M (100%)        256M (100%)        256M (100%)        256M (100%)        256M (100%)   
[4.503s][info][gc,heap     ] GC(7) y:      Free:       24M (9%)           14M (5%)           14M (5%)           14M (5%)           24M (9%)           14M (5%)     
[4.503s][info][gc,heap     ] GC(7) y:      Used:      232M (91%)         242M (95%)         242M (95%)         242M (95%)         242M (95%)         232M (91%)    
[4.503s][info][gc,heap     ] GC(7) y: Young Generation Statistics:
[4.503s][info][gc,heap     ] GC(7) y:                Mark Start          Mark End        Relocate Start      Relocate End    
[4.503s][info][gc,heap     ] GC(7) y:      Used:       16M (6%)           26M (10%)          10M (4%)           10M (4%)     
[4.503s][info][gc,heap     ] GC(7) y:      Live:         -                 8M (3%)            0M (0%)            0M (0%)     
[4.503s][info][gc,heap     ] GC(7) y:   Garbage:         -                 7M (3%)            0M (0%)            0M (0%)     
[4.503s][info][gc,heap     ] GC(7) y: Allocated:         -                10M (4%)           10M (4%)           10M (4%)     
[4.503s][info][gc,heap     ] GC(7) y: Reclaimed:         -                  -                 7M (3%)            7M (3%)     
[4.503s][info][gc,heap     ] GC(7) y:  Promoted:         -                  -                 8M (3%)            8M (3%)     
[4.503s][info][gc,heap     ] GC(7) y: Compacted:         -                  -                  -                 0M (0%)     
[4.503s][info][gc,phases   ] GC(7) y: Young Generation 232M(91%)->242M(95%) 0.004s
[4.503s][info][gc          ] GC(7) Minor Collection (High Usage) 232M(91%)->242M(95%) 0.005s
[4.503s][info][gc,task     ] GC(6) O: Using 2 Workers for Old Generation
[4.504s][info][gc,task     ] GC(6) O: Using 1 Workers for Old Generation
[4.504s][info][gc,phases   ] GC(6) O: Concurrent Remap Roots 0.764ms
[4.504s][info][gc,phases   ] GC(6) O: Pause Relocate Start 0.004ms
[4.505s][info][gc,phases   ] GC(6) O: Concurrent Relocate 0.909ms
[4.505s][info][gc,alloc    ] GC(6) O:                         Mark Start        Mark End      Relocate Start    Relocate End   
[4.505s][info][gc,alloc    ] GC(6) O: Allocation Stalls:          0                0                0                0         
[4.505s][info][gc,load     ] GC(6) O: Load: 0.00 (0%) / 0.00 (0%) / 0.00 (0%)
[4.505s][info][gc,mmu      ] GC(6) O: MMU: 2ms/91.6%, 5ms/96.5%, 10ms/98.1%, 20ms/99.0%, 50ms/99.6%, 100ms/99.8%
[4.505s][info][gc,marking  ] GC(6) O: Mark: 1 stripe(s), 1 proactive flush(es), 1 terminate flush(es), 0 completion(s), 0 continuation(s) 
[4.505s][info][gc,nmethod  ] GC(6) O: NMethods: 1761 registered, 114 unregistered
[4.505s][info][gc,metaspace] GC(6) O: Metaspace: 9M used, 10M committed, 1088M reserved
[4.505s][info][gc,ref      ] GC(6) O:                       Encountered   Discovered     Enqueued 
[4.505s][info][gc,ref      ] GC(6) O: Soft References:              224            0            0 
[4.505s][info][gc,ref      ] GC(6) O: Weak References:              927          867            0 
[4.505s][info][gc,ref      ] GC(6) O: Final References:               0            0            0 
[4.505s][info][gc,ref      ] GC(6) O: Phantom References:             3            3            0 
[4.505s][info][gc,reloc    ] GC(6) O:                        Candidates     Selected     In-Place         Size        Empty    Relocated 
[4.505s][info][gc,reloc    ] GC(6) O: Small Pages:                    4            1            0           8M           0M           0M 
[4.505s][info][gc,reloc    ] GC(6) O: Medium Pages:                  26            0            0         208M           0M           0M 
[4.505s][info][gc,reloc    ] GC(6) O: Large Pages:                    0            0            0           0M           0M           0M 
[4.505s][info][gc,reloc    ] GC(6) O: Forwarding Usage: 0M
[4.505s][info][gc,heap     ] GC(6) O: Min Capacity: 8M(3%)
[4.505s][info][gc,heap     ] GC(6) O: Max Capacity: 256M(100%)
[4.505s][info][gc,heap     ] GC(6) O: Soft Max Capacity: 256M(100%)
[4.505s][info][gc,heap     ] GC(6) O: Heap Statistics:
[4.505s][info][gc,heap     ] GC(6) O:                Mark Start          Mark End        Relocate Start      Relocate End           High               Low         
[4.505s][info][gc,heap     ] GC(6) O:  Capacity:      256M (100%)        256M (100%)        256M (100%)        256M (100%)        256M (100%)        256M (100%)   
[4.505s][info][gc,heap     ] GC(6) O:      Free:       22M (9%)           24M (9%)           14M (5%)           16M (6%)           24M (9%)           12M (5%)     
[4.505s][info][gc,heap     ] GC(6) O:      Used:      234M (91%)         232M (91%)         242M (95%)         240M (94%)         244M (95%)         232M (91%)    
[4.505s][info][gc,heap     ] GC(6) O: Old Generation Statistics:
[4.505s][info][gc,heap     ] GC(6) O:                Mark Start          Mark End        Relocate Start      Relocate End    
[4.505s][info][gc,heap     ] GC(6) O:      Used:      216M (84%)         216M (84%)         232M (91%)         230M (90%)    
[4.505s][info][gc,heap     ] GC(6) O:      Live:         -               194M (76%)         194M (76%)         194M (76%)    
[4.505s][info][gc,heap     ] GC(6) O:   Garbage:         -                21M (8%)           21M (8%)           17M (7%)     
[4.505s][info][gc,heap     ] GC(6) O: Allocated:         -                 0M (0%)           16M (6%)           17M (7%)     
[4.505s][info][gc,heap     ] GC(6) O: Reclaimed:         -                  -                 0M (0%)            3M (1%)     
[4.505s][info][gc,heap     ] GC(6) O: Compacted:         -                  -                  -                 0M (0%)     
[4.505s][info][gc,phases   ] GC(6) O: Old Generation 232M(91%)->240M(94%) 0.014s
[4.505s][info][gc          ] GC(6) Major Collection (Allocation Rate) 234M(91%)->240M(94%) 0.017s
[4.653s][info][gc          ] GC(8) Major Collection (Allocation Rate)
[4.653s][info][gc,task     ] GC(8) Using 2 Workers for Young Generation
[4.653s][info][gc,task     ] GC(8) Using 1 Workers for Old Generation
[4.653s][info][gc,phases   ] GC(8) Y: Young Generation
[4.653s][info][gc,phases   ] GC(8) Y: Pause Mark Start (Major) 0.009ms
[4.655s][info][gc,phases   ] GC(8) Y: Concurrent Mark 1.774ms
[4.655s][info][gc,phases   ] GC(8) Y: Pause Mark End 0.008ms
[4.655s][info][gc,phases   ] GC(8) Y: Concurrent Mark Free 0.001ms
[4.655s][info][gc,phases   ] GC(8) Y: Concurrent Reset Relocation Set 0.001ms
[4.655s][info][gc,reloc    ] GC(8) Y: Using tenuring threshold: 1 (Computed)
[4.656s][info][gc,phases   ] GC(8) Y: Concurrent Select Relocation Set 0.343ms
[4.656s][info][gc,phases   ] GC(8) Y: Pause Relocate Start 0.003ms
[4.656s][info][gc,phases   ] GC(8) Y: Concurrent Relocate 0.167ms
[4.656s][info][gc,alloc    ] GC(8) Y:                         Mark Start        Mark End      Relocate Start    Relocate End   
[4.656s][info][gc,alloc    ] GC(8) Y: Allocation Stalls:          0                0                0                0         
[4.656s][info][gc,load     ] GC(8) Y: Load: 0.00 (0%) / 0.00 (0%) / 0.00 (0%)
[4.656s][info][gc,mmu      ] GC(8) Y: MMU: 2ms/91.6%, 5ms/96.5%, 10ms/98.1%, 20ms/99.0%, 50ms/99.6%, 100ms/99.8%
[4.656s][info][gc,marking  ] GC(8) Y: Mark: 2 stripe(s), 2 proactive flush(es), 1 terminate flush(es), 0 completion(s), 0 continuation(s) 
[4.656s][info][gc,nmethod  ] GC(8) Y: NMethods: 1761 registered, 114 unregistered
[4.656s][info][gc,metaspace] GC(8) Y: Metaspace: 9M used, 10M committed, 1088M reserved
[4.656s][info][gc,reloc    ] GC(8) Y:                        Candidates     Selected     In-Place         Size        Empty    Relocated 
[4.656s][info][gc,reloc    ] GC(8) Y: Small Pages:                    1            0            0           2M           0M           0M 
[4.656s][info][gc,reloc    ] GC(8) Y: Medium Pages:                   2            0            0          12M           0M           0M 
[4.656s][info][gc,reloc    ] GC(8) Y: Large Pages:                    0            0            0           0M           0M           0M 
[4.656s][info][gc,reloc    ] GC(8) Y: Forwarding Usage: 0M
[4.656s][info][gc,reloc    ] GC(8) Y: Age Table:
[4.656s][info][gc,reloc    ] GC(8) Y:                    Live             Garbage             Small              Medium             Large        
[4.656s][info][gc,reloc    ] GC(8) Y: Eden               8M (3%)            5M (2%)           1 / 0              2 / 0              0 / 0        
[4.656s][info][gc,heap     ] GC(8) Y: Min Capacity: 8M(3%)
[4.656s][info][gc,heap     ] GC(8) Y: Max Capacity: 256M(100%)
[4.656s][info][gc,heap     ] GC(8) Y: Soft Max Capacity: 256M(100%)
[4.656s][info][gc,heap     ] GC(8) Y: Heap Statistics:
[4.656s][info][gc,heap     ] GC(8) Y:                Mark Start          Mark End        Relocate Start      Relocate End           High               Low         
[4.656s][info][gc,heap     ] GC(8) Y:  Capacity:      256M (100%)        256M (100%)        256M (100%)        256M (100%)        256M (100%)        256M (100%)   
[4.656s][info][gc,heap     ] GC(8) Y:      Free:       12M (5%)           10M (4%)           10M (4%)           10M (4%)           12M (5%)           10M (4%)     
[4.656s][info][gc,heap     ] GC(8) Y:      Used:      244M (95%)         246M (96%)         246M (96%)         246M (96%)         246M (96%)         244M (95%)    
[4.656s][info][gc,heap     ] GC(8) Y: Young Generation Statistics:
[4.656s][info][gc,heap     ] GC(8) Y:                Mark Start          Mark End        Relocate Start      Relocate End    
[4.656s][info][gc,heap     ] GC(8) Y:      Used:       14M (5%)           16M (6%)           16M (6%)           16M (6%)     
[4.656s][info][gc,heap     ] GC(8) Y:      Live:         -                 8M (3%)            8M (3%)            8M (3%)     
[4.656s][info][gc,heap     ] GC(8) Y:   Garbage:         -                 5M (2%)            5M (2%)            5M (2%)     
[4.656s][info][gc,heap     ] GC(8) Y: Allocated:         -                 2M (1%)            2M (1%)            2M (1%)     
[4.656s][info][gc,heap     ] GC(8) Y: Reclaimed:         -                  -                 0M (0%)            0M (0%)     
[4.656s][info][gc,heap     ] GC(8) Y:  Promoted:         -                  -                 0M (0%)            0M (0%)     
[4.656s][info][gc,heap     ] GC(8) Y: Compacted:         -                  -                  -                 0M (0%)     
[4.656s][info][gc,phases   ] GC(8) Y: Young Generation 244M(95%)->246M(96%) 0.003s
[4.656s][info][gc,phases   ] GC(8) O: Old Generation
[4.663s][info][gc          ] GC(9) Minor Collection (Allocation Rate)
[4.663s][info][gc,task     ] GC(9) Using 1 Workers for Young Generation
[4.663s][info][gc,phases   ] GC(9) y: Young Generation
[4.663s][info][gc,phases   ] GC(9) y: Pause Mark Start 0.006ms
[4.664s][info][gc,phases   ] GC(8) O: Concurrent Mark 7.518ms
[4.664s][info][gc,phases   ] GC(8) O: Pause Mark End 0.006ms
[4.664s][info][gc,phases   ] GC(8) O: Concurrent Mark Free 0.002ms
[4.665s][info][gc,phases   ] GC(9) y: Concurrent Mark 1.636ms
[4.667s][info][gc,phases   ] GC(9) y: Pause Mark End 0.009ms
[4.667s][info][gc,phases   ] GC(9) y: Concurrent Mark Free 0.001ms
[4.667s][info][gc,phases   ] GC(9) y: Concurrent Reset Relocation Set 0.000ms
[4.667s][info][gc,reloc    ] GC(9) y: Using tenuring threshold: 2 (Computed)
[4.667s][info][gc,phases   ] GC(8) O: Concurrent Process Non-Strong 2.369ms
[4.667s][info][gc,phases   ] GC(8) O: Concurrent Reset Relocation Set 0.001ms
[4.667s][info][gc,phases   ] GC(8) O: Concurrent Select Relocation Set 0.091ms
[4.667s][info][gc,phases   ] GC(9) y: Concurrent Select Relocation Set 0.359ms
[4.667s][info][gc,phases   ] GC(9) y: Pause Relocate Start 0.004ms
[4.667s][info][gc,phases   ] GC(9) y: Concurrent Relocate 0.235ms
[4.667s][info][gc,alloc    ] GC(9) y:                         Mark Start        Mark End      Relocate Start    Relocate End   
[4.667s][info][gc,alloc    ] GC(9) y: Allocation Stalls:          0                0                0                0         
[4.667s][info][gc,load     ] GC(9) y: Load: 0.00 (0%) / 0.00 (0%) / 0.00 (0%)
[4.667s][info][gc,mmu      ] GC(9) y: MMU: 2ms/91.6%, 5ms/96.5%, 10ms/98.1%, 20ms/99.0%, 50ms/99.6%, 100ms/99.8%
[4.667s][info][gc,marking  ] GC(9) y: Mark: 1 stripe(s), 1 proactive flush(es), 1 terminate flush(es), 0 completion(s), 0 continuation(s) 
[4.667s][info][gc,nmethod  ] GC(9) y: NMethods: 1761 registered, 114 unregistered
[4.667s][info][gc,metaspace] GC(9) y: Metaspace: 9M used, 10M committed, 1088M reserved
[4.667s][info][gc,reloc    ] GC(9) y:                        Candidates     Selected     In-Place         Size        Empty    Relocated 
[4.667s][info][gc,reloc    ] GC(9) y: Small Pages:                    2            0            0           4M           4M           0M 
[4.667s][info][gc,reloc    ] GC(9) y: Medium Pages:                   2            0            0          12M           0M           0M 
[4.667s][info][gc,reloc    ] GC(9) y: Large Pages:                    0            0            0           0M           0M           0M 
[4.667s][info][gc,reloc    ] GC(9) y: Forwarding Usage: 0M
[4.668s][info][gc,reloc    ] GC(9) y: Age Table:
[4.668s][info][gc,reloc    ] GC(9) y:                    Live             Garbage             Small              Medium             Large        
[4.668s][info][gc,reloc    ] GC(9) y: Eden                -                 2M (1%)           1 / 0              0 / 0              0 / 0        
[4.668s][info][gc,reloc    ] GC(9) y: Survivor 1         8M (3%)            5M (2%)           1 / 0              2 / 0              0 / 0        
[4.668s][info][gc,heap     ] GC(9) y: Min Capacity: 8M(3%)
[4.668s][info][gc,heap     ] GC(9) y: Max Capacity: 256M(100%)
[4.668s][info][gc,heap     ] GC(9) y: Soft Max Capacity: 256M(100%)
[4.668s][info][gc,heap     ] GC(9) y: Heap Statistics:
[4.668s][info][gc,heap     ] GC(9) y:                Mark Start          Mark End        Relocate Start      Relocate End           High               Low         
[4.668s][info][gc,heap     ] GC(9) y:  Capacity:      256M (100%)        256M (100%)        256M (100%)        256M (100%)        256M (100%)        256M (100%)   
[4.668s][info][gc,heap     ] GC(9) y:      Free:       10M (4%)           10M (4%)           14M (5%)           14M (5%)           14M (5%)           10M (4%)     
[4.668s][info][gc,heap     ] GC(9) y:      Used:      246M (96%)         246M (96%)         242M (95%)         242M (95%)         246M (96%)         242M (95%)    
[4.668s][info][gc,heap     ] GC(9) y: Young Generation Statistics:
[4.668s][info][gc,heap     ] GC(9) y:                Mark Start          Mark End        Relocate Start      Relocate End    
[4.668s][info][gc,heap     ] GC(9) y:      Used:       16M (6%)           16M (6%)           12M (5%)           12M (5%)     
[4.668s][info][gc,heap     ] GC(9) y:      Live:         -                 8M (3%)            8M (3%)            8M (3%)     
[4.668s][info][gc,heap     ] GC(9) y:   Garbage:         -                 7M (3%)            3M (1%)            3M (1%)     
[4.668s][info][gc,heap     ] GC(9) y: Allocated:         -                 0M (0%)            0M (0%)            0M (0%)     
[4.668s][info][gc,heap     ] GC(9) y: Reclaimed:         -                  -                 4M (2%)            4M (2%)     
[4.668s][info][gc,heap     ] GC(9) y:  Promoted:         -                  -                 0M (0%)            0M (0%)     
[4.668s][info][gc,heap     ] GC(9) y: Compacted:         -                  -                  -                 0M (0%)     
[4.668s][info][gc,phases   ] GC(9) y: Young Generation 246M(96%)->242M(95%) 0.004s
[4.668s][info][gc          ] GC(9) Minor Collection (Allocation Rate) 246M(96%)->242M(95%) 0.004s
[4.668s][info][gc,task     ] GC(8) O: Using 2 Workers for Old Generation
[4.668s][info][gc,task     ] GC(8) O: Using 1 Workers for Old Generation
[4.669s][info][gc,phases   ] GC(8) O: Concurrent Remap Roots 0.755ms
[4.669s][info][gc,phases   ] GC(8) O: Pause Relocate Start 0.004ms
[4.670s][info][gc,phases   ] GC(8) O: Concurrent Relocate 1.711ms
[4.670s][info][gc,alloc    ] GC(8) O:                         Mark Start        Mark End      Relocate Start    Relocate End   
[4.670s][info][gc,alloc    ] GC(8) O: Allocation Stalls:          0                0                0                0         
[4.670s][info][gc,load     ] GC(8) O: Load: 0.00 (0%) / 0.00 (0%) / 0.00 (0%)
[4.670s][info][gc,mmu      ] GC(8) O: MMU: 2ms/91.6%, 5ms/96.5%, 10ms/98.1%, 20ms/99.0%, 50ms/99.6%, 100ms/99.8%
[4.670s][info][gc,marking  ] GC(8) O: Mark: 1 stripe(s), 2 proactive flush(es), 1 terminate flush(es), 0 completion(s), 0 continuation(s) 
[4.670s][info][gc,nmethod  ] GC(8) O: NMethods: 1761 registered, 114 unregistered
[4.670s][info][gc,metaspace] GC(8) O: Metaspace: 9M used, 10M committed, 1088M reserved
[4.670s][info][gc,ref      ] GC(8) O:                       Encountered   Discovered     Enqueued 
[4.670s][info][gc,ref      ] GC(8) O: Soft References:              224            0            0 
[4.670s][info][gc,ref      ] GC(8) O: Weak References:              927          867            0 
[4.670s][info][gc,ref      ] GC(8) O: Final References:               0            0            0 
[4.670s][info][gc,ref      ] GC(8) O: Phantom References:             3            3            0 
[4.670s][info][gc,reloc    ] GC(8) O:                        Candidates     Selected     In-Place         Size        Empty    Relocated 
[4.670s][info][gc,reloc    ] GC(8) O: Small Pages:                    3            0            0           6M           0M           0M 
[4.670s][info][gc,reloc    ] GC(8) O: Medium Pages:                  28            1            0         224M           0M           1M 
[4.670s][info][gc,reloc    ] GC(8) O: Large Pages:                    0            0            0           0M           0M           0M 
[4.670s][info][gc,reloc    ] GC(8) O: Forwarding Usage: 0M
[4.670s][info][gc,heap     ] GC(8) O: Min Capacity: 8M(3%)
[4.670s][info][gc,heap     ] GC(8) O: Max Capacity: 256M(100%)
[4.670s][info][gc,heap     ] GC(8) O: Soft Max Capacity: 256M(100%)
[4.670s][info][gc,heap     ] GC(8) O: Heap Statistics:
[4.671s][info][gc,heap     ] GC(8) O:                Mark Start          Mark End        Relocate Start      Relocate End           High               Low         
[4.671s][info][gc,heap     ] GC(8) O:  Capacity:      256M (100%)        256M (100%)        256M (100%)        256M (100%)        256M (100%)        256M (100%)   
[4.671s][info][gc,heap     ] GC(8) O:      Free:       12M (5%)           10M (4%)           14M (5%)           22M (9%)           22M (9%)            6M (2%)     
[4.671s][info][gc,heap     ] GC(8) O:      Used:      244M (95%)         246M (96%)         242M (95%)         234M (91%)         250M (98%)         234M (91%)    
[4.671s][info][gc,heap     ] GC(8) O: Old Generation Statistics:
[4.671s][info][gc,heap     ] GC(8) O:                Mark Start          Mark End        Relocate Start      Relocate End    
[4.671s][info][gc,heap     ] GC(8) O:      Used:      230M (90%)         230M (90%)         230M (90%)         222M (87%)    
[4.671s][info][gc,heap     ] GC(8) O:      Live:         -               203M (79%)         203M (79%)         203M (79%)    
[4.671s][info][gc,heap     ] GC(8) O:   Garbage:         -                26M (10%)          26M (10%)          13M (5%)     
[4.671s][info][gc,heap     ] GC(8) O: Allocated:         -                 0M (0%)            0M (0%)            5M (2%)     
[4.671s][info][gc,heap     ] GC(8) O: Reclaimed:         -                  -                 0M (0%)           13M (5%)     
[4.671s][info][gc,heap     ] GC(8) O: Compacted:         -                  -                  -                 2M (1%)     
[4.671s][info][gc,phases   ] GC(8) O: Old Generation 246M(96%)->234M(91%) 0.014s
[4.671s][info][gc          ] GC(8) Major Collection (Allocation Rate) 244M(95%)->234M(91%) 0.017s
[4.671s][info][gc          ] GC(10) Major Collection (Allocation Rate)
[4.671s][info][gc,task     ] GC(10) Using 2 Workers for Young Generation
[4.671s][info][gc,task     ] GC(10) Using 1 Workers for Old Generation
[4.671s][info][gc,phases   ] GC(10) Y: Young Generation
[4.671s][info][gc,phases   ] GC(10) Y: Pause Mark Start (Major) 0.004ms
[4.673s][info][gc,phases   ] GC(10) Y: Concurrent Mark 1.424ms
[4.673s][info][gc,phases   ] GC(10) Y: Pause Mark End 0.005ms
[4.673s][info][gc,phases   ] GC(10) Y: Concurrent Mark Free 0.001ms
[4.673s][info][gc,phases   ] GC(10) Y: Concurrent Reset Relocation Set 0.000ms
[4.673s][info][gc,reloc    ] GC(10) Y: Using tenuring threshold: 2 (Computed)
[4.673s][info][gc,phases   ] GC(10) Y: Concurrent Select Relocation Set 0.320ms
[4.673s][info][gc,phases   ] GC(10) Y: Pause Relocate Start 0.003ms
[4.674s][info][gc,phases   ] GC(10) Y: Concurrent Relocate 0.406ms
[4.674s][info][gc,alloc    ] GC(10) Y:                         Mark Start        Mark End      Relocate Start    Relocate End   
[4.674s][info][gc,alloc    ] GC(10) Y: Allocation Stalls:          0                0                0                0         
[4.674s][info][gc,load     ] GC(10) Y: Load: 0.00 (0%) / 0.00 (0%) / 0.00 (0%)
[4.674s][info][gc,mmu      ] GC(10) Y: MMU: 2ms/91.6%, 5ms/96.5%, 10ms/98.1%, 20ms/99.0%, 50ms/99.6%, 100ms/99.8%
[4.674s][info][gc,marking  ] GC(10) Y: Mark: 2 stripe(s), 2 proactive flush(es), 1 terminate flush(es), 0 completion(s), 0 continuation(s) 
[4.674s][info][gc,nmethod  ] GC(10) Y: NMethods: 1761 registered, 114 unregistered
[4.674s][info][gc,metaspace] GC(10) Y: Metaspace: 9M used, 10M committed, 1088M reserved
[4.674s][info][gc,reloc    ] GC(10) Y:                        Candidates     Selected     In-Place         Size        Empty    Relocated 
[4.674s][info][gc,reloc    ] GC(10) Y: Small Pages:                    1            0            0           2M           0M           0M 
[4.674s][info][gc,reloc    ] GC(10) Y: Medium Pages:                   3            1            1          20M           0M           0M 
[4.674s][info][gc,reloc    ] GC(10) Y: Large Pages:                    0            0            0           0M           0M           0M 
[4.674s][info][gc,reloc    ] GC(10) Y: Forwarding Usage: 0M
[4.674s][info][gc,reloc    ] GC(10) Y: Age Table:
[4.674s][info][gc,reloc    ] GC(10) Y:                    Live             Garbage             Small              Medium             Large        
[4.674s][info][gc,reloc    ] GC(10) Y: Eden               0M (0%)            9M (4%)           1 / 0              1 / 0              0 / 0        
[4.674s][info][gc,reloc    ] GC(10) Y: Survivor 1          -                 0M (0%)           0 / 0              0 / 0              0 / 0        
[4.674s][info][gc,reloc    ] GC(10) Y: Survivor 2         8M (3%)            3M (1%)           0 / 0              2 / 1              0 / 0        
[4.674s][info][gc,heap     ] GC(10) Y: Min Capacity: 8M(3%)
[4.674s][info][gc,heap     ] GC(10) Y: Max Capacity: 256M(100%)
[4.674s][info][gc,heap     ] GC(10) Y: Soft Max Capacity: 256M(100%)
[4.674s][info][gc,heap     ] GC(10) Y: Heap Statistics:
[4.674s][info][gc,heap     ] GC(10) Y:                Mark Start          Mark End        Relocate Start      Relocate End           High               Low         
[4.674s][info][gc,heap     ] GC(10) Y:  Capacity:      256M (100%)        256M (100%)        256M (100%)        256M (100%)        256M (100%)        256M (100%)   
[4.674s][info][gc,heap     ] GC(10) Y:      Free:       12M (5%)           10M (4%)           10M (4%)           10M (4%)           12M (5%)            2M (1%)     
[4.674s][info][gc,heap     ] GC(10) Y:      Used:      244M (95%)         246M (96%)         246M (96%)         246M (96%)         254M (99%)         244M (95%)    
[4.674s][info][gc,heap     ] GC(10) Y: Young Generation Statistics:
[4.674s][info][gc,heap     ] GC(10) Y:                Mark Start          Mark End        Relocate Start      Relocate End    
[4.674s][info][gc,heap     ] GC(10) Y:      Used:       22M (9%)           24M (9%)           16M (6%)           12M (5%)     
[4.674s][info][gc,heap     ] GC(10) Y:      Live:         -                 9M (4%)            1M (1%)            0M (0%)     
[4.674s][info][gc,heap     ] GC(10) Y:   Garbage:         -                12M (5%)           12M (5%)            1M (1%)     
[4.674s][info][gc,heap     ] GC(10) Y: Allocated:         -                 2M (1%)            2M (1%)            9M (4%)     
[4.674s][info][gc,heap     ] GC(10) Y: Reclaimed:         -                  -                 0M (0%)           10M (4%)     
[4.674s][info][gc,heap     ] GC(10) Y:  Promoted:         -                  -                 7M (3%)            8M (3%)     
[4.674s][info][gc,heap     ] GC(10) Y: Compacted:         -                  -                  -                 0M (0%)     
[4.674s][info][gc,phases   ] GC(10) Y: Young Generation 244M(95%)->246M(96%) 0.002s
[4.674s][info][gc,phases   ] GC(10) O: Old Generation
[4.681s][info][gc,phases   ] GC(10) O: Concurrent Mark 6.460ms
[4.681s][info][gc,phases   ] GC(10) O: Pause Mark End 0.008ms
[4.681s][info][gc,phases   ] GC(10) O: Concurrent Mark Free 0.002ms
[4.683s][info][gc,phases   ] GC(10) O: Concurrent Process Non-Strong 2.315ms
[4.683s][info][gc,phases   ] GC(10) O: Concurrent Reset Relocation Set 0.001ms
[4.683s][info][gc,phases   ] GC(10) O: Concurrent Select Relocation Set 0.087ms
[4.683s][info][gc,task     ] GC(10) O: Using 2 Workers for Old Generation
[4.684s][info][gc,task     ] GC(10) O: Using 1 Workers for Old Generation
[4.684s][info][gc,phases   ] GC(10) O: Concurrent Remap Roots 0.572ms
[4.684s][info][gc,phases   ] GC(10) O: Pause Relocate Start 0.005ms
[4.684s][info][gc,phases   ] GC(10) O: Concurrent Relocate 0.169ms
[4.684s][info][gc,alloc    ] GC(10) O:                         Mark Start        Mark End      Relocate Start    Relocate End   
[4.684s][info][gc,alloc    ] GC(10) O: Allocation Stalls:          0                0                0                0         
[4.684s][info][gc,load     ] GC(10) O: Load: 0.00 (0%) / 0.00 (0%) / 0.00 (0%)
[4.684s][info][gc,mmu      ] GC(10) O: MMU: 2ms/91.6%, 5ms/96.5%, 10ms/98.1%, 20ms/99.0%, 50ms/99.6%, 100ms/99.8%
[4.684s][info][gc,marking  ] GC(10) O: Mark: 1 stripe(s), 2 proactive flush(es), 1 terminate flush(es), 0 completion(s), 0 continuation(s) 
[4.684s][info][gc,nmethod  ] GC(10) O: NMethods: 1761 registered, 114 unregistered
[4.684s][info][gc,metaspace] GC(10) O: Metaspace: 9M used, 10M committed, 1088M reserved
[4.684s][info][gc,ref      ] GC(10) O:                       Encountered   Discovered     Enqueued 
[4.684s][info][gc,ref      ] GC(10) O: Soft References:              224            0            0 
[4.684s][info][gc,ref      ] GC(10) O: Weak References:              927          867            0 
[4.684s][info][gc,ref      ] GC(10) O: Final References:               0            0            0 
[4.684s][info][gc,ref      ] GC(10) O: Phantom References:             3            3            0 
[4.684s][info][gc,reloc    ] GC(10) O:                        Candidates     Selected     In-Place         Size        Empty    Relocated 
[4.684s][info][gc,reloc    ] GC(10) O: Small Pages:                    3            0            0           6M           0M           0M 
[4.684s][info][gc,reloc    ] GC(10) O: Medium Pages:                  27            0            0         216M           0M           0M 
[4.684s][info][gc,reloc    ] GC(10) O: Large Pages:                    0            0            0           0M           0M           0M 
[4.684s][info][gc,reloc    ] GC(10) O: Forwarding Usage: 0M
[4.684s][info][gc,heap     ] GC(10) O: Min Capacity: 8M(3%)
[4.684s][info][gc,heap     ] GC(10) O: Max Capacity: 256M(100%)
[4.684s][info][gc,heap     ] GC(10) O: Soft Max Capacity: 256M(100%)
[4.684s][info][gc,heap     ] GC(10) O: Heap Statistics:
[4.684s][info][gc,heap     ] GC(10) O:                Mark Start          Mark End        Relocate Start      Relocate End           High               Low         
[4.684s][info][gc,heap     ] GC(10) O:  Capacity:      256M (100%)        256M (100%)        256M (100%)        256M (100%)        256M (100%)        256M (100%)   
[4.684s][info][gc,heap     ] GC(10) O:      Free:       12M (5%)           10M (4%)           10M (4%)           10M (4%)           12M (5%)            2M (1%)     
[4.684s][info][gc,heap     ] GC(10) O:      Used:      244M (95%)         246M (96%)         246M (96%)         246M (96%)         254M (99%)         244M (95%)    
[4.684s][info][gc,heap     ] GC(10) O: Old Generation Statistics:
[4.684s][info][gc,heap     ] GC(10) O:                Mark Start          Mark End        Relocate Start      Relocate End    
[4.684s][info][gc,heap     ] GC(10) O:      Used:      222M (87%)         234M (91%)         234M (91%)         234M (91%)    
[4.684s][info][gc,heap     ] GC(10) O:      Live:         -               203M (79%)         203M (79%)         203M (79%)    
[4.684s][info][gc,heap     ] GC(10) O:   Garbage:         -                18M (7%)           18M (7%)           18M (7%)     
[4.684s][info][gc,heap     ] GC(10) O: Allocated:         -                12M (5%)           12M (5%)           12M (5%)     
[4.684s][info][gc,heap     ] GC(10) O: Reclaimed:         -                  -                 0M (0%)            0M (0%)     
[4.684s][info][gc,heap     ] GC(10) O: Compacted:         -                  -                  -                 0M (0%)     
[4.684s][info][gc,phases   ] GC(10) O: Old Generation 246M(96%)->246M(96%) 0.010s
[4.684s][info][gc          ] GC(10) Major Collection (Allocation Rate) 244M(95%)->246M(96%) 0.013s
[4.691s][info][gc          ] GC(11) Minor Collection (Allocation Rate)
[4.691s][info][gc,task     ] GC(11) Using 2 Workers for Young Generation
[4.691s][info][gc,phases   ] GC(11) y: Young Generation
[4.691s][info][gc,phases   ] GC(11) y: Pause Mark Start 0.006ms
[4.693s][info][gc,phases   ] GC(11) y: Concurrent Mark 1.599ms
[4.693s][info][gc,phases   ] GC(11) y: Pause Mark End 0.006ms
[4.693s][info][gc,phases   ] GC(11) y: Concurrent Mark Free 0.002ms
[4.693s][info][gc,phases   ] GC(11) y: Concurrent Reset Relocation Set 0.002ms
[4.693s][info][gc,reloc    ] GC(11) y: Using tenuring threshold: 2 (Computed)
[4.694s][info][gc,phases   ] GC(11) y: Concurrent Select Relocation Set 0.348ms
[4.694s][info][gc,phases   ] GC(11) y: Pause Relocate Start 0.004ms
[4.694s][info][gc,phases   ] GC(11) y: Concurrent Relocate 0.276ms
[4.694s][info][gc,alloc    ] GC(11) y:                         Mark Start        Mark End      Relocate Start    Relocate End   
[4.694s][info][gc,alloc    ] GC(11) y: Allocation Stalls:          0                0                0                0         
[4.694s][info][gc,load     ] GC(11) y: Load: 0.00 (0%) / 0.00 (0%) / 0.00 (0%)
[4.694s][info][gc,mmu      ] GC(11) y: MMU: 2ms/91.6%, 5ms/96.5%, 10ms/98.1%, 20ms/99.0%, 50ms/99.6%, 100ms/99.8%
[4.694s][info][gc,marking  ] GC(11) y: Mark: 2 stripe(s), 2 proactive flush(es), 1 terminate flush(es), 0 completion(s), 0 continuation(s) 
[4.694s][info][gc,nmethod  ] GC(11) y: NMethods: 1761 registered, 114 unregistered
[4.694s][info][gc,metaspace] GC(11) y: Metaspace: 9M used, 10M committed, 1088M reserved
[4.694s][info][gc,reloc    ] GC(11) y:                        Candidates     Selected     In-Place         Size        Empty    Relocated 
[4.694s][info][gc,reloc    ] GC(11) y: Small Pages:                    2            0            0           4M           2M           0M 
[4.694s][info][gc,reloc    ] GC(11) y: Medium Pages:                   2            1            2          16M           0M           0M 
[4.694s][info][gc,reloc    ] GC(11) y: Large Pages:                    0            0            0           0M           0M           0M 
[4.694s][info][gc,reloc    ] GC(11) y: Forwarding Usage: 0M
[4.694s][info][gc,reloc    ] GC(11) y: Age Table:
[4.694s][info][gc,reloc    ] GC(11) y:                    Live             Garbage             Small              Medium             Large        
[4.694s][info][gc,reloc    ] GC(11) y: Eden               0M (0%)            9M (4%)           1 / 0              1 / 0              0 / 0        
[4.694s][info][gc,reloc    ] GC(11) y: Survivor 1         0M (0%)            9M (4%)           1 / 0              1 / 1              0 / 0        
[4.694s][info][gc,heap     ] GC(11) y: Min Capacity: 8M(3%)
[4.694s][info][gc,heap     ] GC(11) y: Max Capacity: 256M(100%)
[4.694s][info][gc,heap     ] GC(11) y: Soft Max Capacity: 256M(100%)
[4.694s][info][gc,heap     ] GC(11) y: Heap Statistics:
[4.694s][info][gc,heap     ] GC(11) y:                Mark Start          Mark End        Relocate Start      Relocate End           High               Low         
[4.694s][info][gc,heap     ] GC(11) y:  Capacity:      256M (100%)        256M (100%)        256M (100%)        256M (100%)        256M (100%)        256M (100%)   
[4.694s][info][gc,heap     ] GC(11) y:      Free:        2M (1%)            0M (0%)            2M (1%)            2M (1%)            2M (1%)            0M (0%)     
[4.694s][info][gc,heap     ] GC(11) y:      Used:      254M (99%)         256M (100%)        254M (99%)         254M (99%)         256M (100%)        254M (99%)    
[4.694s][info][gc,heap     ] GC(11) y: Young Generation Statistics:
[4.694s][info][gc,heap     ] GC(11) y:                Mark Start          Mark End        Relocate Start      Relocate End    
[4.694s][info][gc,heap     ] GC(11) y:      Used:       20M (8%)           22M (9%)           20M (8%)           20M (8%)     
[4.694s][info][gc,heap     ] GC(11) y:      Live:         -                 1M (1%)            1M (1%)            1M (1%)     
[4.694s][info][gc,heap     ] GC(11) y:   Garbage:         -                18M (7%)           16M (6%)            1M (1%)     
[4.694s][info][gc,heap     ] GC(11) y: Allocated:         -                 2M (1%)            2M (1%)           16M (6%)     
[4.694s][info][gc,heap     ] GC(11) y: Reclaimed:         -                  -                 2M (1%)           16M (6%)     
[4.694s][info][gc,heap     ] GC(11) y:  Promoted:         -                  -                 0M (0%)            0M (0%)     
[4.694s][info][gc,heap     ] GC(11) y: Compacted:         -                  -                  -                 1M (1%)     
[4.694s][info][gc,phases   ] GC(11) y: Young Generation 254M(99%)->254M(99%) 0.003s
[4.694s][info][gc          ] GC(11) Minor Collection (Allocation Rate) 254M(99%)->254M(99%) 0.003s
[4.694s][info][gc          ] GC(12) Minor Collection (Allocation Rate)
[4.694s][info][gc,task     ] GC(12) Using 2 Workers for Young Generation
[4.694s][info][gc,phases   ] GC(12) y: Young Generation
[4.695s][info][gc,phases   ] GC(12) y: Pause Mark Start 0.005ms
[4.696s][info][gc,phases   ] GC(12) y: Concurrent Mark 1.340ms
[4.696s][info][gc,phases   ] GC(12) y: Pause Mark End 0.006ms
[4.696s][info][gc,phases   ] GC(12) y: Concurrent Mark Free 0.001ms
[4.696s][info][gc,phases   ] GC(12) y: Concurrent Reset Relocation Set 0.001ms
[4.696s][info][gc,reloc    ] GC(12) y: Using tenuring threshold: 3 (Computed)
[4.696s][info][gc,phases   ] GC(12) y: Concurrent Select Relocation Set 0.109ms
[4.696s][info][gc,phases   ] GC(12) y: Pause Relocate Start 0.004ms
[4.696s][info][gc,phases   ] GC(12) y: Concurrent Relocate 0.110ms
[4.696s][info][gc,alloc    ] GC(12) y:                         Mark Start        Mark End      Relocate Start    Relocate End   
[4.696s][info][gc,alloc    ] GC(12) y: Allocation Stalls:          0                0                0                0         
[4.696s][info][gc,load     ] GC(12) y: Load: 0.00 (0%) / 0.00 (0%) / 0.00 (0%)
[4.696s][info][gc,mmu      ] GC(12) y: MMU: 2ms/91.6%, 5ms/96.5%, 10ms/98.1%, 20ms/99.0%, 50ms/99.6%, 100ms/99.8%
[4.696s][info][gc,marking  ] GC(12) y: Mark: 2 stripe(s), 1 proactive flush(es), 1 terminate flush(es), 0 completion(s), 0 continuation(s) 
[4.696s][info][gc,nmethod  ] GC(12) y: NMethods: 1761 registered, 114 unregistered
[4.696s][info][gc,metaspace] GC(12) y: Metaspace: 9M used, 10M committed, 1088M reserved
[4.696s][info][gc,reloc    ] GC(12) y:                        Candidates     Selected     In-Place         Size        Empty    Relocated 
[4.696s][info][gc,reloc    ] GC(12) y: Small Pages:                    2            0            0           4M           4M           0M 
[4.696s][info][gc,reloc    ] GC(12) y: Medium Pages:                   2            1            2          16M           0M           0M 
[4.696s][info][gc,reloc    ] GC(12) y: Large Pages:                    0            0            0           0M           0M           0M 
[4.696s][info][gc,reloc    ] GC(12) y: Forwarding Usage: 0M
[4.696s][info][gc,reloc    ] GC(12) y: Age Table:
[4.696s][info][gc,reloc    ] GC(12) y:                    Live             Garbage             Small              Medium             Large        
[4.696s][info][gc,reloc    ] GC(12) y: Eden                -                 2M (1%)           1 / 0              0 / 0              0 / 0        
[4.696s][info][gc,reloc    ] GC(12) y: Survivor 1         0M (0%)            9M (4%)           1 / 0              1 / 0              0 / 0        
[4.696s][info][gc,reloc    ] GC(12) y: Survivor 2         0M (0%)            7M (3%)           0 / 0              1 / 1              0 / 0        
[4.696s][info][gc,heap     ] GC(12) y: Min Capacity: 8M(3%)
[4.696s][info][gc,heap     ] GC(12) y: Max Capacity: 256M(100%)
[4.696s][info][gc,heap     ] GC(12) y: Soft Max Capacity: 256M(100%)
[4.696s][info][gc,heap     ] GC(12) y: Heap Statistics:
[4.696s][info][gc,heap     ] GC(12) y:                Mark Start          Mark End        Relocate Start      Relocate End           High               Low         
[4.697s][info][gc,heap     ] GC(12) y:  Capacity:      256M (100%)        256M (100%)        256M (100%)        256M (100%)        256M (100%)        256M (100%)   
[4.697s][info][gc,heap     ] GC(12) y:      Free:        2M (1%)            2M (1%)            6M (2%)            6M (2%)            6M (2%)            2M (1%)     
[4.697s][info][gc,heap     ] GC(12) y:      Used:      254M (99%)         254M (99%)         250M (98%)         250M (98%)         254M (99%)         250M (98%)    
[4.697s][info][gc,heap     ] GC(12) y: Young Generation Statistics:
[4.697s][info][gc,heap     ] GC(12) y:                Mark Start          Mark End        Relocate Start      Relocate End    
[4.697s][info][gc,heap     ] GC(12) y:      Used:       20M (8%)           20M (8%)           16M (6%)           16M (6%)     
[4.697s][info][gc,heap     ] GC(12) y:      Live:         -                 1M (1%)            1M (1%)            1M (1%)     
[4.697s][info][gc,heap     ] GC(12) y:   Garbage:         -                18M (7%)           14M (6%)            0M (0%)     
[4.697s][info][gc,heap     ] GC(12) y: Allocated:         -                 0M (0%)            0M (0%)           14M (6%)     
[4.697s][info][gc,heap     ] GC(12) y: Reclaimed:         -                  -                 4M (2%)           18M (7%)     
[4.697s][info][gc,heap     ] GC(12) y:  Promoted:         -                  -                 0M (0%)            0M (0%)     
[4.697s][info][gc,heap     ] GC(12) y: Compacted:         -                  -                  -                 1M (1%)     
[4.697s][info][gc,phases   ] GC(12) y: Young Generation 254M(99%)->250M(98%) 0.002s
[4.697s][info][gc          ] GC(12) Minor Collection (Allocation Rate) 254M(99%)->250M(98%) 0.002s
[4.697s][info][gc          ] GC(13) Major Collection (Allocation Rate)
[4.697s][info][gc,task     ] GC(13) Using 2 Workers for Young Generation
[4.697s][info][gc,task     ] GC(13) Using 1 Workers for Old Generation
[4.697s][info][gc,phases   ] GC(13) Y: Young Generation
[4.697s][info][gc,phases   ] GC(13) Y: Pause Mark Start (Major) 0.005ms
[4.698s][info][gc,phases   ] GC(13) Y: Concurrent Mark 1.107ms
[4.698s][info][gc,phases   ] GC(13) Y: Pause Mark End 0.003ms
[4.698s][info][gc,phases   ] GC(13) Y: Concurrent Mark Free 0.001ms
[4.698s][info][gc,phases   ] GC(13) Y: Concurrent Reset Relocation Set 0.001ms
[4.698s][info][gc,reloc    ] GC(13) Y: Using tenuring threshold: 4 (Computed)
[4.698s][info][gc,phases   ] GC(13) Y: Concurrent Select Relocation Set 0.237ms
[4.698s][info][gc,phases   ] GC(13) Y: Pause Relocate Start 0.003ms
[4.699s][info][gc,phases   ] GC(13) Y: Concurrent Relocate 0.120ms
[4.699s][info][gc,alloc    ] GC(13) Y:                         Mark Start        Mark End      Relocate Start    Relocate End   
[4.699s][info][gc,alloc    ] GC(13) Y: Allocation Stalls:          0                0                0                0         
[4.699s][info][gc,load     ] GC(13) Y: Load: 0.00 (0%) / 0.00 (0%) / 0.00 (0%)
[4.699s][info][gc,mmu      ] GC(13) Y: MMU: 2ms/91.6%, 5ms/96.5%, 10ms/98.1%, 20ms/99.0%, 50ms/99.6%, 100ms/99.8%
[4.699s][info][gc,marking  ] GC(13) Y: Mark: 2 stripe(s), 1 proactive flush(es), 1 terminate flush(es), 0 completion(s), 0 continuation(s) 
[4.699s][info][gc,nmethod  ] GC(13) Y: NMethods: 1761 registered, 114 unregistered
[4.699s][info][gc,metaspace] GC(13) Y: Metaspace: 9M used, 10M committed, 1088M reserved
[4.699s][info][gc,reloc    ] GC(13) Y:                        Candidates     Selected     In-Place         Size        Empty    Relocated 
[4.699s][info][gc,reloc    ] GC(13) Y: Small Pages:                    0            0            0           0M           0M           0M 
[4.699s][info][gc,reloc    ] GC(13) Y: Medium Pages:                   2            1            2          16M           0M           0M 
[4.699s][info][gc,reloc    ] GC(13) Y: Large Pages:                    0            0            0           0M           0M           0M 
[4.699s][info][gc,reloc    ] GC(13) Y: Forwarding Usage: 0M
[4.699s][info][gc,reloc    ] GC(13) Y: Age Table:
[4.699s][info][gc,reloc    ] GC(13) Y:                    Live             Garbage             Small              Medium             Large        
[4.699s][info][gc,reloc    ] GC(13) Y: Eden                -                 0M (0%)           0 / 0              0 / 0              0 / 0        
[4.699s][info][gc,reloc    ] GC(13) Y: Survivor 1          -                 0M (0%)           0 / 0              0 / 0              0 / 0        
[4.699s][info][gc,reloc    ] GC(13) Y: Survivor 2         0M (0%)            7M (3%)           0 / 0              1 / 0              0 / 0        
[4.699s][info][gc,reloc    ] GC(13) Y: Survivor 3         0M (0%)            7M (3%)           0 / 0              1 / 1              0 / 0        
[4.699s][info][gc,heap     ] GC(13) Y: Min Capacity: 8M(3%)
[4.699s][info][gc,heap     ] GC(13) Y: Max Capacity: 256M(100%)
[4.699s][info][gc,heap     ] GC(13) Y: Soft Max Capacity: 256M(100%)
[4.699s][info][gc,heap     ] GC(13) Y: Heap Statistics:
[4.699s][info][gc,heap     ] GC(13) Y:                Mark Start          Mark End        Relocate Start      Relocate End           High               Low         
[4.699s][info][gc,heap     ] GC(13) Y:  Capacity:      256M (100%)        256M (100%)        256M (100%)        256M (100%)        256M (100%)        256M (100%)   
[4.699s][info][gc,heap     ] GC(13) Y:      Free:        6M (2%)            6M (2%)            6M (2%)            6M (2%)            6M (2%)            6M (2%)     
[4.699s][info][gc,heap     ] GC(13) Y:      Used:      250M (98%)         250M (98%)         250M (98%)         250M (98%)         250M (98%)         250M (98%)    
[4.699s][info][gc,heap     ] GC(13) Y: Young Generation Statistics:
[4.699s][info][gc,heap     ] GC(13) Y:                Mark Start          Mark End        Relocate Start      Relocate End    
[4.699s][info][gc,heap     ] GC(13) Y:      Used:       16M (6%)           16M (6%)           16M (6%)           16M (6%)     
[4.699s][info][gc,heap     ] GC(13) Y:      Live:         -                 1M (1%)            1M (1%)            1M (1%)     
[4.699s][info][gc,heap     ] GC(13) Y:   Garbage:         -                14M (6%)           14M (6%)            0M (0%)     
[4.699s][info][gc,heap     ] GC(13) Y: Allocated:         -                 0M (0%)            0M (0%)           14M (6%)     
[4.699s][info][gc,heap     ] GC(13) Y: Reclaimed:         -                  -                 0M (0%)           14M (6%)     
[4.699s][info][gc,heap     ] GC(13) Y:  Promoted:         -                  -                 0M (0%)            0M (0%)     
[4.699s][info][gc,heap     ] GC(13) Y: Compacted:         -                  -                  -                 1M (1%)     
[4.699s][info][gc,phases   ] GC(13) Y: Young Generation 250M(98%)->250M(98%) 0.002s
[4.699s][info][gc,phases   ] GC(13) O: Old Generation
[4.706s][info][gc,phases   ] GC(13) O: Concurrent Mark 7.163ms
[4.706s][info][gc,phases   ] GC(13) O: Pause Mark End 0.008ms
[4.706s][info][gc,phases   ] GC(13) O: Concurrent Mark Free 0.000ms
[4.706s][info][gc          ] GC(14) Minor Collection (Allocation Rate)
[4.706s][info][gc,task     ] GC(14) Using 1 Workers for Young Generation
[4.706s][info][gc,phases   ] GC(14) y: Young Generation
[4.706s][info][gc,phases   ] GC(14) y: Pause Mark Start 0.004ms
[4.708s][info][gc,phases   ] GC(14) y: Concurrent Mark 1.877ms
[4.708s][info][gc,phases   ] GC(14) y: Pause Mark End 0.004ms
[4.708s][info][gc,phases   ] GC(14) y: Concurrent Mark Free 0.001ms
[4.708s][info][gc,phases   ] GC(14) y: Concurrent Reset Relocation Set 0.001ms
[4.708s][info][gc,reloc    ] GC(14) y: Using tenuring threshold: 5 (Computed)
[4.709s][info][gc,phases   ] GC(13) O: Concurrent Process Non-Strong 2.372ms
[4.709s][info][gc,phases   ] GC(13) O: Concurrent Reset Relocation Set 0.000ms
[4.709s][info][gc,phases   ] GC(13) O: Concurrent Select Relocation Set 0.090ms
[4.709s][info][gc,phases   ] GC(14) y: Concurrent Select Relocation Set 0.352ms
[4.709s][info][gc,phases   ] GC(14) y: Pause Relocate Start 0.003ms
[4.709s][info][gc,phases   ] GC(14) y: Concurrent Relocate 0.243ms
[4.709s][info][gc,alloc    ] GC(14) y:                         Mark Start        Mark End      Relocate Start    Relocate End   
[4.709s][info][gc,alloc    ] GC(14) y: Allocation Stalls:          0                0                0                0         
[4.709s][info][gc,load     ] GC(14) y: Load: 0.00 (0%) / 0.00 (0%) / 0.00 (0%)
[4.709s][info][gc,mmu      ] GC(14) y: MMU: 2ms/91.6%, 5ms/96.5%, 10ms/98.1%, 20ms/99.0%, 50ms/99.6%, 100ms/99.8%
[4.709s][info][gc,marking  ] GC(14) y: Mark: 1 stripe(s), 1 proactive flush(es), 1 terminate flush(es), 0 completion(s), 0 continuation(s) 
[4.709s][info][gc,nmethod  ] GC(14) y: NMethods: 1761 registered, 114 unregistered
[4.709s][info][gc,metaspace] GC(14) y: Metaspace: 9M used, 10M committed, 1088M reserved
[4.709s][info][gc,reloc    ] GC(14) y:                        Candidates     Selected     In-Place         Size        Empty    Relocated 
[4.709s][info][gc,reloc    ] GC(14) y: Small Pages:                    0            0            0           0M           0M           0M 
[4.709s][info][gc,reloc    ] GC(14) y: Medium Pages:                   2            1            2          16M           0M           0M 
[4.709s][info][gc,reloc    ] GC(14) y: Large Pages:                    0            0            0           0M           0M           0M 
[4.709s][info][gc,reloc    ] GC(14) y: Forwarding Usage: 0M
[4.709s][info][gc,reloc    ] GC(14) y: Age Table:
[4.709s][info][gc,reloc    ] GC(14) y:                    Live             Garbage             Small              Medium             Large        
[4.709s][info][gc,reloc    ] GC(14) y: Eden                -                 0M (0%)           0 / 0              0 / 0              0 / 0        
[4.709s][info][gc,reloc    ] GC(14) y: Survivor 1          -                 0M (0%)           0 / 0              0 / 0              0 / 0        
[4.709s][info][gc,reloc    ] GC(14) y: Survivor 2          -                 0M (0%)           0 / 0              0 / 0              0 / 0        
[4.709s][info][gc,reloc    ] GC(14) y: Survivor 3         0M (0%)            7M (3%)           0 / 0              1 / 0              0 / 0        
[4.709s][info][gc,reloc    ] GC(14) y: Survivor 4         0M (0%)            7M (3%)           0 / 0              1 / 1              0 / 0        
[4.709s][info][gc,heap     ] GC(14) y: Min Capacity: 8M(3%)
[4.709s][info][gc,heap     ] GC(14) y: Max Capacity: 256M(100%)
[4.709s][info][gc,heap     ] GC(14) y: Soft Max Capacity: 256M(100%)
[4.709s][info][gc,heap     ] GC(14) y: Heap Statistics:
[4.709s][info][gc,heap     ] GC(14) y:                Mark Start          Mark End        Relocate Start      Relocate End           High               Low         
[4.709s][info][gc,heap     ] GC(14) y:  Capacity:      256M (100%)        256M (100%)        256M (100%)        256M (100%)        256M (100%)        256M (100%)   
[4.709s][info][gc,heap     ] GC(14) y:      Free:        6M (2%)            6M (2%)            6M (2%)            6M (2%)            6M (2%)            6M (2%)     
[4.709s][info][gc,heap     ] GC(14) y:      Used:      250M (98%)         250M (98%)         250M (98%)         250M (98%)         250M (98%)         250M (98%)    
[4.709s][info][gc,heap     ] GC(14) y: Young Generation Statistics:
[4.709s][info][gc,heap     ] GC(14) y:                Mark Start          Mark End        Relocate Start      Relocate End    
[4.709s][info][gc,heap     ] GC(14) y:      Used:       16M (6%)           16M (6%)           16M (6%)           16M (6%)     
[4.709s][info][gc,heap     ] GC(14) y:      Live:         -                 1M (1%)            1M (1%)            1M (1%)     
[4.709s][info][gc,heap     ] GC(14) y:   Garbage:         -                14M (6%)           14M (6%)            0M (0%)     
[4.709s][info][gc,heap     ] GC(14) y: Allocated:         -                 0M (0%)            0M (0%)           14M (6%)     
[4.709s][info][gc,heap     ] GC(14) y: Reclaimed:         -                  -                 0M (0%)           14M (6%)     
[4.709s][info][gc,heap     ] GC(14) y:  Promoted:         -                  -                 0M (0%)            0M (0%)     
[4.709s][info][gc,heap     ] GC(14) y: Compacted:         -                  -                  -                 1M (1%)     
[4.709s][info][gc,phases   ] GC(14) y: Young Generation 250M(98%)->250M(98%) 0.003s
[4.709s][info][gc          ] GC(14) Minor Collection (Allocation Rate) 250M(98%)->250M(98%) 0.003s
[4.710s][info][gc,task     ] GC(13) O: Using 2 Workers for Old Generation
[4.710s][info][gc,task     ] GC(13) O: Using 1 Workers for Old Generation
[4.710s][info][gc,phases   ] GC(13) O: Concurrent Remap Roots 0.696ms
[4.710s][info][gc,phases   ] GC(13) O: Pause Relocate Start 0.003ms
[4.710s][info][gc          ] GC(15) Minor Collection (Allocation Rate)
[4.710s][info][gc,task     ] GC(15) Using 1 Workers for Young Generation
[4.710s][info][gc,phases   ] GC(15) y: Young Generation
[4.710s][info][gc,phases   ] GC(15) y: Pause Mark Start 0.005ms
[4.712s][info][gc,phases   ] GC(15) y: Concurrent Mark 1.379ms
[4.712s][info][gc,phases   ] GC(15) y: Pause Mark End 0.007ms
[4.712s][info][gc,phases   ] GC(15) y: Concurrent Mark Free 0.001ms
[4.712s][info][gc,phases   ] GC(15) y: Concurrent Reset Relocation Set 0.001ms
[4.712s][info][gc,phases   ] GC(13) O: Concurrent Relocate 1.956ms
[4.712s][info][gc,reloc    ] GC(15) y: Using tenuring threshold: 3 (Computed)
[4.713s][info][gc,phases   ] GC(15) y: Concurrent Select Relocation Set 0.238ms
[4.713s][info][gc,phases   ] GC(15) y: Pause Relocate Start 0.003ms
[4.713s][info][gc,phases   ] GC(15) y: Concurrent Relocate 0.320ms
[4.713s][info][gc,alloc    ] GC(15) y:                         Mark Start        Mark End      Relocate Start    Relocate End   
[4.713s][info][gc,alloc    ] GC(15) y: Allocation Stalls:          0                0                0                0         
[4.713s][info][gc,load     ] GC(15) y: Load: 0.00 (0%) / 0.00 (0%) / 0.00 (0%)
[4.713s][info][gc,mmu      ] GC(15) y: MMU: 2ms/91.6%, 5ms/96.5%, 10ms/98.1%, 20ms/99.0%, 50ms/99.6%, 100ms/99.8%
[4.713s][info][gc,marking  ] GC(15) y: Mark: 1 stripe(s), 1 proactive flush(es), 1 terminate flush(es), 0 completion(s), 0 continuation(s) 
[4.713s][info][gc,nmethod  ] GC(15) y: NMethods: 1761 registered, 114 unregistered
[4.713s][info][gc,metaspace] GC(15) y: Metaspace: 9M used, 10M committed, 1088M reserved
[4.713s][info][gc,reloc    ] GC(15) y:                        Candidates     Selected     In-Place         Size        Empty    Relocated 
[4.713s][info][gc,reloc    ] GC(15) y: Small Pages:                    0            0            0           0M           0M           0M 
[4.713s][info][gc,reloc    ] GC(15) y: Medium Pages:                   2            1            0          16M           0M           0M 
[4.713s][info][gc,reloc    ] GC(15) y: Large Pages:                    0            0            0           0M           0M           0M 
[4.713s][info][gc,reloc    ] GC(15) y: Forwarding Usage: 0M
[4.713s][info][gc,reloc    ] GC(15) y: Age Table:
[4.713s][info][gc,reloc    ] GC(15) y:                    Live             Garbage             Small              Medium             Large        
[4.713s][info][gc,reloc    ] GC(15) y: Eden                -                 0M (0%)           0 / 0              0 / 0              0 / 0        
[4.713s][info][gc,reloc    ] GC(15) y: Survivor 1          -                 0M (0%)           0 / 0              0 / 0              0 / 0        
[4.713s][info][gc,reloc    ] GC(15) y: Survivor 2          -                 0M (0%)           0 / 0              0 / 0              0 / 0        
[4.713s][info][gc,reloc    ] GC(15) y: Survivor 3          -                 0M (0%)           0 / 0              0 / 0              0 / 0        
[4.713s][info][gc,reloc    ] GC(15) y: Survivor 4         0M (0%)            7M (3%)           0 / 0              1 / 0              0 / 0        
[4.713s][info][gc,reloc    ] GC(15) y: Survivor 5         0M (0%)            7M (3%)           0 / 0              1 / 1              0 / 0        
[4.713s][info][gc,heap     ] GC(15) y: Min Capacity: 8M(3%)
[4.713s][info][gc,heap     ] GC(15) y: Max Capacity: 256M(100%)
[4.713s][info][gc,heap     ] GC(15) y: Soft Max Capacity: 256M(100%)
[4.713s][info][gc,heap     ] GC(15) y: Heap Statistics:
[4.713s][info][gc,heap     ] GC(15) y:                Mark Start          Mark End        Relocate Start      Relocate End           High               Low         
[4.713s][info][gc,heap     ] GC(15) y:  Capacity:      256M (100%)        256M (100%)        256M (100%)        256M (100%)        256M (100%)        256M (100%)   
[4.713s][info][gc,heap     ] GC(15) y:      Free:        6M (2%)            8M (3%)            8M (3%)           16M (6%)           16M (6%)            0M (0%)     
[4.713s][info][gc,heap     ] GC(15) y:      Used:      250M (98%)         248M (97%)         248M (97%)         240M (94%)         256M (100%)        240M (94%)    
[4.713s][info][gc,heap     ] GC(15) y: Young Generation Statistics:
[4.713s][info][gc,heap     ] GC(15) y:                Mark Start          Mark End        Relocate Start      Relocate End    
[4.713s][info][gc,heap     ] GC(15) y:      Used:       16M (6%)           22M (9%)           22M (9%)            6M (2%)     
[4.713s][info][gc,heap     ] GC(15) y:      Live:         -                 1M (1%)            1M (1%)            0M (0%)     
[4.713s][info][gc,heap     ] GC(15) y:   Garbage:         -                14M (6%)           14M (6%)            0M (0%)     
[4.713s][info][gc,heap     ] GC(15) y: Allocated:         -                 6M (2%)            6M (2%)            6M (2%)     
[4.713s][info][gc,heap     ] GC(15) y: Reclaimed:         -                  -                 0M (0%)           14M (6%)     
[4.713s][info][gc,heap     ] GC(15) y:  Promoted:         -                  -                 0M (0%)            1M (1%)     
[4.713s][info][gc,heap     ] GC(15) y: Compacted:         -                  -                  -                 0M (0%)     
[4.713s][info][gc,phases   ] GC(15) y: Young Generation 250M(98%)->240M(94%) 0.003s
[4.713s][info][gc          ] GC(15) Minor Collection (Allocation Rate) 250M(98%)->240M(94%) 0.003s
[4.713s][info][gc,alloc    ] GC(13) O:                         Mark Start        Mark End      Relocate Start    Relocate End   
[4.713s][info][gc,alloc    ] GC(13) O: Allocation Stalls:          0                0                0                0         
[4.713s][info][gc,load     ] GC(13) O: Load: 0.00 (0%) / 0.00 (0%) / 0.00 (0%)
[4.713s][info][gc,mmu      ] GC(13) O: MMU: 2ms/91.6%, 5ms/96.5%, 10ms/98.1%, 20ms/99.0%, 50ms/99.6%, 100ms/99.8%
[4.713s][info][gc,marking  ] GC(13) O: Mark: 1 stripe(s), 1 proactive flush(es), 1 terminate flush(es), 0 completion(s), 0 continuation(s) 
[4.713s][info][gc,nmethod  ] GC(13) O: NMethods: 1761 registered, 114 unregistered
[4.713s][info][gc,metaspace] GC(13) O: Metaspace: 9M used, 10M committed, 1088M reserved
[4.713s][info][gc,ref      ] GC(13) O:                       Encountered   Discovered     Enqueued 
[4.713s][info][gc,ref      ] GC(13) O: Soft References:              224            0            0 
[4.713s][info][gc,ref      ] GC(13) O: Weak References:              927          867            0 
[4.713s][info][gc,ref      ] GC(13) O: Final References:               0            0            0 
[4.713s][info][gc,ref      ] GC(13) O: Phantom References:             3            3            0 
[4.713s][info][gc,reloc    ] GC(13) O:                        Candidates     Selected     In-Place         Size        Empty    Relocated 
[4.713s][info][gc,reloc    ] GC(13) O: Small Pages:                    3            0            0           6M           0M           0M 
[4.714s][info][gc,reloc    ] GC(13) O: Medium Pages:                  29            1            0         228M           0M           2M 
[4.714s][info][gc,reloc    ] GC(13) O: Large Pages:                    0            0            0           0M           0M           0M 
[4.714s][info][gc,reloc    ] GC(13) O: Forwarding Usage: 0M
[4.714s][info][gc,heap     ] GC(13) O: Min Capacity: 8M(3%)
[4.714s][info][gc,heap     ] GC(13) O: Max Capacity: 256M(100%)
[4.714s][info][gc,heap     ] GC(13) O: Soft Max Capacity: 256M(100%)
[4.714s][info][gc,heap     ] GC(13) O: Heap Statistics:
[4.714s][info][gc,heap     ] GC(13) O:                Mark Start          Mark End        Relocate Start      Relocate End           High               Low         
[4.714s][info][gc,heap     ] GC(13) O:  Capacity:      256M (100%)        256M (100%)        256M (100%)        256M (100%)        256M (100%)        256M (100%)   
[4.714s][info][gc,heap     ] GC(13) O:      Free:        6M (2%)            6M (2%)            6M (2%)            8M (3%)            8M (3%)            0M (0%)     
[4.714s][info][gc,heap     ] GC(13) O:      Used:      250M (98%)         250M (98%)         250M (98%)         248M (97%)         256M (100%)        248M (97%)    
[4.714s][info][gc,heap     ] GC(13) O: Old Generation Statistics:
[4.714s][info][gc,heap     ] GC(13) O:                Mark Start          Mark End        Relocate Start      Relocate End    
[4.714s][info][gc,heap     ] GC(13) O:      Used:      234M (91%)         234M (91%)         234M (91%)         226M (88%)    
[4.714s][info][gc,heap     ] GC(13) O:      Live:         -               211M (83%)         211M (83%)         211M (83%)    
[4.714s][info][gc,heap     ] GC(13) O:   Garbage:         -                22M (9%)           22M (9%)           13M (5%)     
[4.714s][info][gc,heap     ] GC(13) O: Allocated:         -                 0M (0%)            0M (0%)            0M (0%)     
[4.714s][info][gc,heap     ] GC(13) O: Reclaimed:         -                  -                 0M (0%)            8M (3%)     
[4.714s][info][gc,heap     ] GC(13) O: Compacted:         -                  -                  -                 3M (1%)     
[4.714s][info][gc,phases   ] GC(13) O: Old Generation 250M(98%)->248M(97%) 0.014s
[4.714s][info][gc          ] GC(13) Major Collection (Allocation Rate) 250M(98%)->240M(94%) 0.017s
[4.789s][info][gc          ] GC(16) Minor Collection (Allocation Rate)
[4.789s][info][gc,task     ] GC(16) Using 2 Workers for Young Generation
[4.789s][info][gc,phases   ] GC(16) y: Young Generation
[4.790s][info][gc,phases   ] GC(16) y: Pause Mark Start 0.008ms
[4.791s][info][gc,phases   ] GC(16) y: Concurrent Mark 1.452ms
[4.791s][info][gc,phases   ] GC(16) y: Pause Mark End 0.006ms
[4.791s][info][gc,phases   ] GC(16) y: Concurrent Mark Free 0.001ms
[4.791s][info][gc,phases   ] GC(16) y: Concurrent Reset Relocation Set 0.001ms
[4.791s][info][gc,reloc    ] GC(16) y: Using tenuring threshold: 1 (Computed)
[4.792s][info][gc,phases   ] GC(16) y: Concurrent Select Relocation Set 0.274ms
[4.792s][info][gc,phases   ] GC(16) y: Pause Relocate Start 0.005ms
[4.792s][info][gc,phases   ] GC(16) y: Concurrent Relocate 0.200ms
[4.792s][info][gc,alloc    ] GC(16) y:                         Mark Start        Mark End      Relocate Start    Relocate End   
[4.792s][info][gc,alloc    ] GC(16) y: Allocation Stalls:          0                0                0                0         
[4.792s][info][gc,load     ] GC(16) y: Load: 0.00 (0%) / 0.00 (0%) / 0.00 (0%)
[4.792s][info][gc,mmu      ] GC(16) y: MMU: 2ms/91.6%, 5ms/96.5%, 10ms/98.1%, 20ms/99.0%, 50ms/99.6%, 100ms/99.8%
[4.792s][info][gc,marking  ] GC(16) y: Mark: 2 stripe(s), 2 proactive flush(es), 1 terminate flush(es), 0 completion(s), 0 continuation(s) 
[4.792s][info][gc,nmethod  ] GC(16) y: NMethods: 1761 registered, 114 unregistered
[4.792s][info][gc,metaspace] GC(16) y: Metaspace: 9M used, 10M committed, 1088M reserved
[4.792s][info][gc,reloc    ] GC(16) y:                        Candidates     Selected     In-Place         Size        Empty    Relocated 
[4.792s][info][gc,reloc    ] GC(16) y: Small Pages:                    1            0            0           2M           0M           0M 
[4.792s][info][gc,reloc    ] GC(16) y: Medium Pages:                   2            0            0          12M           0M           0M 
[4.792s][info][gc,reloc    ] GC(16) y: Large Pages:                    0            0            0           0M           0M           0M 
[4.792s][info][gc,reloc    ] GC(16) y: Forwarding Usage: 0M
[4.792s][info][gc,reloc    ] GC(16) y: Age Table:
[4.792s][info][gc,reloc    ] GC(16) y:                    Live             Garbage             Small              Medium             Large        
[4.792s][info][gc,reloc    ] GC(16) y: Eden               4M (2%)            9M (4%)           1 / 0              2 / 0              0 / 0        
[4.792s][info][gc,heap     ] GC(16) y: Min Capacity: 8M(3%)
[4.792s][info][gc,heap     ] GC(16) y: Max Capacity: 256M(100%)
[4.792s][info][gc,heap     ] GC(16) y: Soft Max Capacity: 256M(100%)
[4.792s][info][gc,heap     ] GC(16) y: Heap Statistics:
[4.792s][info][gc,heap     ] GC(16) y:                Mark Start          Mark End        Relocate Start      Relocate End           High               Low         
[4.792s][info][gc,heap     ] GC(16) y:  Capacity:      256M (100%)        256M (100%)        256M (100%)        256M (100%)        256M (100%)        256M (100%)   
[4.792s][info][gc,heap     ] GC(16) y:      Free:        8M (3%)            6M (2%)            6M (2%)            6M (2%)            8M (3%)            6M (2%)     
[4.792s][info][gc,heap     ] GC(16) y:      Used:      248M (97%)         250M (98%)         250M (98%)         250M (98%)         250M (98%)         248M (97%)    
[4.792s][info][gc,heap     ] GC(16) y: Young Generation Statistics:
[4.792s][info][gc,heap     ] GC(16) y:                Mark Start          Mark End        Relocate Start      Relocate End    
[4.792s][info][gc,heap     ] GC(16) y:      Used:       14M (5%)           16M (6%)           16M (6%)           16M (6%)     
[4.792s][info][gc,heap     ] GC(16) y:      Live:         -                 4M (2%)            4M (2%)            4M (2%)     
[4.792s][info][gc,heap     ] GC(16) y:   Garbage:         -                 9M (4%)            9M (4%)            9M (4%)     
[4.792s][info][gc,heap     ] GC(16) y: Allocated:         -                 2M (1%)            2M (1%)            2M (1%)     
[4.792s][info][gc,heap     ] GC(16) y: Reclaimed:         -                  -                 0M (0%)            0M (0%)     
[4.792s][info][gc,heap     ] GC(16) y:  Promoted:         -                  -                 0M (0%)            0M (0%)     
[4.792s][info][gc,heap     ] GC(16) y: Compacted:         -                  -                  -                 0M (0%)     
[4.792s][info][gc,phases   ] GC(16) y: Young Generation 248M(97%)->250M(98%) 0.002s
[4.792s][info][gc          ] GC(16) Minor Collection (Allocation Rate) 248M(97%)->250M(98%) 0.003s
[4.792s][info][gc          ] GC(17) Major Collection (Allocation Rate)
[4.792s][info][gc,task     ] GC(17) Using 2 Workers for Young Generation
[4.792s][info][gc,task     ] GC(17) Using 1 Workers for Old Generation
[4.792s][info][gc,phases   ] GC(17) Y: Young Generation
[4.792s][info][gc,phases   ] GC(17) Y: Pause Mark Start (Major) 0.006ms
[4.793s][info][gc,phases   ] GC(17) Y: Concurrent Mark 1.103ms
[4.793s][info][gc,phases   ] GC(17) Y: Pause Mark End 0.004ms
[4.793s][info][gc,phases   ] GC(17) Y: Concurrent Mark Free 0.001ms
[4.793s][info][gc,phases   ] GC(17) Y: Concurrent Reset Relocation Set 0.000ms
[4.794s][info][gc,reloc    ] GC(17) Y: Using tenuring threshold: 2 (Computed)
[4.794s][info][gc,phases   ] GC(17) Y: Concurrent Select Relocation Set 0.277ms
[4.794s][info][gc,phases   ] GC(17) Y: Pause Relocate Start 0.003ms
[4.794s][info][gc,phases   ] GC(17) Y: Concurrent Relocate 0.068ms
[4.794s][info][gc,alloc    ] GC(17) Y:                         Mark Start        Mark End      Relocate Start    Relocate End   
[4.794s][info][gc,alloc    ] GC(17) Y: Allocation Stalls:          0                0                0                0         
[4.794s][info][gc,load     ] GC(17) Y: Load: 0.00 (0%) / 0.00 (0%) / 0.00 (0%)
[4.794s][info][gc,mmu      ] GC(17) Y: MMU: 2ms/91.6%, 5ms/96.5%, 10ms/98.1%, 20ms/99.0%, 50ms/99.6%, 100ms/99.8%
[4.794s][info][gc,marking  ] GC(17) Y: Mark: 2 stripe(s), 1 proactive flush(es), 1 terminate flush(es), 0 completion(s), 0 continuation(s) 
[4.794s][info][gc,nmethod  ] GC(17) Y: NMethods: 1761 registered, 114 unregistered
[4.794s][info][gc,metaspace] GC(17) Y: Metaspace: 9M used, 10M committed, 1088M reserved
[4.794s][info][gc,reloc    ] GC(17) Y:                        Candidates     Selected     In-Place         Size        Empty    Relocated 
[4.794s][info][gc,reloc    ] GC(17) Y: Small Pages:                    2            0            0           4M           4M           0M 
[4.794s][info][gc,reloc    ] GC(17) Y: Medium Pages:                   2            0            0          12M           0M           0M 
[4.794s][info][gc,reloc    ] GC(17) Y: Large Pages:                    0            0            0           0M           0M           0M 
[4.794s][info][gc,reloc    ] GC(17) Y: Forwarding Usage: 0M
[4.794s][info][gc,reloc    ] GC(17) Y: Age Table:
[4.794s][info][gc,reloc    ] GC(17) Y:                    Live             Garbage             Small              Medium             Large        
[4.794s][info][gc,reloc    ] GC(17) Y: Eden                -                 2M (1%)           1 / 0              0 / 0              0 / 0        
[4.794s][info][gc,reloc    ] GC(17) Y: Survivor 1         4M (2%)            9M (4%)           1 / 0              2 / 0              0 / 0        
[4.794s][info][gc,heap     ] GC(17) Y: Min Capacity: 8M(3%)
[4.794s][info][gc,heap     ] GC(17) Y: Max Capacity: 256M(100%)
[4.794s][info][gc,heap     ] GC(17) Y: Soft Max Capacity: 256M(100%)
[4.794s][info][gc,heap     ] GC(17) Y: Heap Statistics:
[4.794s][info][gc,heap     ] GC(17) Y:                Mark Start          Mark End        Relocate Start      Relocate End           High               Low         
[4.794s][info][gc,heap     ] GC(17) Y:  Capacity:      256M (100%)        256M (100%)        256M (100%)        256M (100%)        256M (100%)        256M (100%)   
[4.794s][info][gc,heap     ] GC(17) Y:      Free:        6M (2%)            6M (2%)           10M (4%)           10M (4%)           10M (4%)            6M (2%)     
[4.794s][info][gc,heap     ] GC(17) Y:      Used:      250M (98%)         250M (98%)         246M (96%)         246M (96%)         250M (98%)         246M (96%)    
[4.794s][info][gc,heap     ] GC(17) Y: Young Generation Statistics:
[4.794s][info][gc,heap     ] GC(17) Y:                Mark Start          Mark End        Relocate Start      Relocate End    
[4.794s][info][gc,heap     ] GC(17) Y:      Used:       16M (6%)           16M (6%)           12M (5%)           12M (5%)     
[4.794s][info][gc,heap     ] GC(17) Y:      Live:         -                 4M (2%)            4M (2%)            4M (2%)     
[4.794s][info][gc,heap     ] GC(17) Y:   Garbage:         -                11M (4%)            7M (3%)            7M (3%)     
[4.794s][info][gc,heap     ] GC(17) Y: Allocated:         -                 0M (0%)            0M (0%)            0M (0%)     
[4.794s][info][gc,heap     ] GC(17) Y: Reclaimed:         -                  -                 4M (2%)            4M (2%)     
[4.794s][info][gc,heap     ] GC(17) Y:  Promoted:         -                  -                 0M (0%)            0M (0%)     
[4.794s][info][gc,heap     ] GC(17) Y: Compacted:         -                  -                  -                 0M (0%)     
[4.794s][info][gc,phases   ] GC(17) Y: Young Generation 250M(98%)->246M(96%) 0.002s
[4.794s][info][gc,phases   ] GC(17) O: Old Generation
[4.801s][info][gc,phases   ] GC(17) O: Concurrent Mark 6.980ms
[4.801s][info][gc,phases   ] GC(17) O: Pause Mark End 0.008ms
[4.801s][info][gc,phases   ] GC(17) O: Concurrent Mark Free 0.000ms
[4.804s][info][gc,phases   ] GC(17) O: Concurrent Process Non-Strong 2.361ms
[4.804s][info][gc,phases   ] GC(17) O: Concurrent Reset Relocation Set 0.001ms
[4.804s][info][gc,phases   ] GC(17) O: Concurrent Select Relocation Set 0.089ms
[4.804s][info][gc,task     ] GC(17) O: Using 2 Workers for Old Generation
[4.804s][info][gc,task     ] GC(17) O: Using 1 Workers for Old Generation
[4.804s][info][gc,phases   ] GC(17) O: Concurrent Remap Roots 0.563ms
[4.805s][info][gc,phases   ] GC(17) O: Pause Relocate Start 0.006ms
[4.805s][info][gc,phases   ] GC(17) O: Concurrent Relocate 0.170ms
[4.805s][info][gc,alloc    ] GC(17) O:                         Mark Start        Mark End      Relocate Start    Relocate End   
[4.805s][info][gc,alloc    ] GC(17) O: Allocation Stalls:          0                0                0                0         
[4.805s][info][gc,load     ] GC(17) O: Load: 0.00 (0%) / 0.00 (0%) / 0.00 (0%)
[4.805s][info][gc,mmu      ] GC(17) O: MMU: 2ms/91.6%, 5ms/96.5%, 10ms/98.1%, 20ms/99.0%, 50ms/99.6%, 100ms/99.8%
[4.805s][info][gc,marking  ] GC(17) O: Mark: 1 stripe(s), 1 proactive flush(es), 1 terminate flush(es), 0 completion(s), 0 continuation(s) 
[4.805s][info][gc,nmethod  ] GC(17) O: NMethods: 1761 registered, 114 unregistered
[4.805s][info][gc,metaspace] GC(17) O: Metaspace: 9M used, 10M committed, 1088M reserved
[4.805s][info][gc,ref      ] GC(17) O:                       Encountered   Discovered     Enqueued 
[4.805s][info][gc,ref      ] GC(17) O: Soft References:              224            0            0 
[4.805s][info][gc,ref      ] GC(17) O: Weak References:              927          867            0 
[4.805s][info][gc,ref      ] GC(17) O: Final References:               0            0            0 
[4.805s][info][gc,ref      ] GC(17) O: Phantom References:             3            3            0 
[4.805s][info][gc,reloc    ] GC(17) O:                        Candidates     Selected     In-Place         Size        Empty    Relocated 
[4.805s][info][gc,reloc    ] GC(17) O: Small Pages:                    3            0            0           6M           0M           0M 
[4.805s][info][gc,reloc    ] GC(17) O: Medium Pages:                  29            0            0         228M           0M           0M 
[4.805s][info][gc,reloc    ] GC(17) O: Large Pages:                    0            0            0           0M           0M           0M 
[4.805s][info][gc,reloc    ] GC(17) O: Forwarding Usage: 0M
[4.805s][info][gc,heap     ] GC(17) O: Min Capacity: 8M(3%)
[4.805s][info][gc,heap     ] GC(17) O: Max Capacity: 256M(100%)
[4.805s][info][gc,heap     ] GC(17) O: Soft Max Capacity: 256M(100%)
[4.805s][info][gc,heap     ] GC(17) O: Heap Statistics:
[4.805s][info][gc,heap     ] GC(17) O:                Mark Start          Mark End        Relocate Start      Relocate End           High               Low         
[4.805s][info][gc,heap     ] GC(17) O:  Capacity:      256M (100%)        256M (100%)        256M (100%)        256M (100%)        256M (100%)        256M (100%)   
[4.805s][info][gc,heap     ] GC(17) O:      Free:        6M (2%)           10M (4%)           10M (4%)           10M (4%)           10M (4%)            6M (2%)     
[4.805s][info][gc,heap     ] GC(17) O:      Used:      250M (98%)         246M (96%)         246M (96%)         246M (96%)         250M (98%)         246M (96%)    
[4.805s][info][gc,heap     ] GC(17) O: Old Generation Statistics:
[4.805s][info][gc,heap     ] GC(17) O:                Mark Start          Mark End        Relocate Start      Relocate End    
[4.805s][info][gc,heap     ] GC(17) O:      Used:      234M (91%)         234M (91%)         234M (91%)         234M (91%)    
[4.805s][info][gc,heap     ] GC(17) O:      Live:         -               213M (84%)         213M (84%)         213M (84%)    
[4.805s][info][gc,heap     ] GC(17) O:   Garbage:         -                20M (8%)           20M (8%)           20M (8%)     
[4.805s][info][gc,heap     ] GC(17) O: Allocated:         -                 0M (0%)            0M (0%)            0M (0%)     
[4.805s][info][gc,heap     ] GC(17) O: Reclaimed:         -                  -                 0M (0%)            0M (0%)     
[4.805s][info][gc,heap     ] GC(17) O: Compacted:         -                  -                  -                 0M (0%)     
[4.805s][info][gc,phases   ] GC(17) O: Old Generation 246M(96%)->246M(96%) 0.011s
[4.805s][info][gc          ] GC(17) Major Collection (Allocation Rate) 250M(98%)->246M(96%) 0.013s
[4.809s][info][gc          ] GC(18) Minor Collection (Allocation Rate)
[4.809s][info][gc,task     ] GC(18) Using 2 Workers for Young Generation
[4.809s][info][gc,phases   ] GC(18) y: Young Generation
[4.810s][info][gc,phases   ] GC(18) y: Pause Mark Start 0.006ms
[4.811s][info][gc,phases   ] GC(18) y: Concurrent Mark 1.582ms
[4.811s][info][gc,phases   ] GC(18) y: Pause Mark End 0.005ms
[4.811s][info][gc,phases   ] GC(18) y: Concurrent Mark Free 0.001ms
[4.811s][info][gc,phases   ] GC(18) y: Concurrent Reset Relocation Set 0.000ms
[4.811s][info][gc,reloc    ] GC(18) y: Using tenuring threshold: 3 (Computed)
[4.812s][info][gc,phases   ] GC(18) y: Concurrent Select Relocation Set 0.338ms
[4.812s][info][gc,phases   ] GC(18) y: Pause Relocate Start 0.004ms
[4.812s][info][gc,phases   ] GC(18) y: Concurrent Relocate 0.252ms
[4.812s][info][gc,alloc    ] GC(18) y:                         Mark Start        Mark End      Relocate Start    Relocate End   
[4.812s][info][gc,alloc    ] GC(18) y: Allocation Stalls:          0                1                1                1         
[4.812s][info][gc,load     ] GC(18) y: Load: 0.00 (0%) / 0.00 (0%) / 0.00 (0%)
[4.812s][info][gc,mmu      ] GC(18) y: MMU: 2ms/91.6%, 5ms/96.5%, 10ms/98.1%, 20ms/99.0%, 50ms/99.6%, 100ms/99.8%
[4.812s][info][gc,marking  ] GC(18) y: Mark: 2 stripe(s), 2 proactive flush(es), 1 terminate flush(es), 0 completion(s), 0 continuation(s) 
[4.812s][info][gc,nmethod  ] GC(18) y: NMethods: 1761 registered, 114 unregistered
[4.812s][info][gc,metaspace] GC(18) y: Metaspace: 9M used, 10M committed, 1088M reserved
[4.812s][info][gc,reloc    ] GC(18) y:                        Candidates     Selected     In-Place         Size        Empty    Relocated 
[4.812s][info][gc,reloc    ] GC(18) y: Small Pages:                    1            0            0           2M           0M           0M 
[4.812s][info][gc,reloc    ] GC(18) y: Medium Pages:                   3            1            2          20M           0M           0M 
[4.812s][info][gc,reloc    ] GC(18) y: Large Pages:                    0            0            0           0M           0M           0M 
[4.812s][info][gc,reloc    ] GC(18) y: Forwarding Usage: 0M
[4.812s][info][gc,reloc    ] GC(18) y: Age Table:
[4.812s][info][gc,reloc    ] GC(18) y:                    Live             Garbage             Small              Medium             Large        
[4.812s][info][gc,reloc    ] GC(18) y: Eden               0M (0%)            9M (4%)           1 / 0              1 / 0              0 / 0        
[4.812s][info][gc,reloc    ] GC(18) y: Survivor 1          -                 0M (0%)           0 / 0              0 / 0              0 / 0        
[4.812s][info][gc,reloc    ] GC(18) y: Survivor 2         4M (2%)            7M (3%)           0 / 0              2 / 1              0 / 0        
[4.812s][info][gc,heap     ] GC(18) y: Min Capacity: 8M(3%)
[4.812s][info][gc,heap     ] GC(18) y: Max Capacity: 256M(100%)
[4.812s][info][gc,heap     ] GC(18) y: Soft Max Capacity: 256M(100%)
[4.812s][info][gc,heap     ] GC(18) y: Heap Statistics:
[4.812s][info][gc,heap     ] GC(18) y:                Mark Start          Mark End        Relocate Start      Relocate End           High               Low         
[4.812s][info][gc,heap     ] GC(18) y:  Capacity:      256M (100%)        256M (100%)        256M (100%)        256M (100%)        256M (100%)        256M (100%)   
[4.812s][info][gc,heap     ] GC(18) y:      Free:        0M (0%)            0M (0%)            0M (0%)            0M (0%)            0M (0%)            0M (0%)     
[4.812s][info][gc,heap     ] GC(18) y:      Used:      256M (100%)        256M (100%)        256M (100%)        256M (100%)        256M (100%)        256M (100%)   
[4.812s][info][gc,heap     ] GC(18) y: Young Generation Statistics:
[4.812s][info][gc,heap     ] GC(18) y:                Mark Start          Mark End        Relocate Start      Relocate End    
[4.812s][info][gc,heap     ] GC(18) y:      Used:       22M (9%)           22M (9%)           22M (9%)           22M (9%)     
[4.812s][info][gc,heap     ] GC(18) y:      Live:         -                 5M (2%)            5M (2%)            5M (2%)     
[4.812s][info][gc,heap     ] GC(18) y:   Garbage:         -                16M (6%)           16M (6%)            2M (1%)     
[4.812s][info][gc,heap     ] GC(18) y: Allocated:         -                 0M (0%)            0M (0%)           14M (6%)     
[4.812s][info][gc,heap     ] GC(18) y: Reclaimed:         -                  -                 0M (0%)           14M (6%)     
[4.812s][info][gc,heap     ] GC(18) y:  Promoted:         -                  -                 0M (0%)            0M (0%)     
[4.812s][info][gc,heap     ] GC(18) y: Compacted:         -                  -                  -                 1M (1%)     
[4.812s][info][gc,phases   ] GC(18) y: Young Generation 256M(100%)->256M(100%) 0.003s
[4.812s][info][gc          ] GC(18) Minor Collection (Allocation Rate) 256M(100%)->256M(100%) 0.003s
[4.813s][info][gc          ] GC(19) Minor Collection (Allocation Stall)
[4.813s][info][gc,task     ] GC(19) Using 2 Workers for Young Generation
[4.813s][info][gc,phases   ] GC(19) y: Young Generation
[4.813s][info][gc,phases   ] GC(19) y: Pause Mark Start 0.004ms
[4.814s][info][gc,phases   ] GC(19) y: Concurrent Mark 1.202ms
[4.814s][info][gc,phases   ] GC(19) y: Pause Mark End 0.004ms
[4.814s][info][gc,phases   ] GC(19) y: Concurrent Mark Free 0.001ms
[4.814s][info][gc,phases   ] GC(19) y: Concurrent Reset Relocation Set 0.000ms
[4.814s][info][gc,reloc    ] GC(19) y: Using tenuring threshold: 4 (Computed)
[4.814s][info][gc,phases   ] GC(19) y: Concurrent Select Relocation Set 0.251ms
[4.814s][info][gc,phases   ] GC(19) y: Pause Relocate Start 0.004ms
[4.814s][info][gc,phases   ] GC(19) y: Concurrent Relocate 0.156ms
[4.815s][info][gc,alloc    ] GC(19) y:                         Mark Start        Mark End      Relocate Start    Relocate End   
[4.815s][info][gc,alloc    ] GC(19) y: Allocation Stalls:          1                1                1                1         
[4.815s][info][gc,load     ] GC(19) y: Load: 0.00 (0%) / 0.00 (0%) / 0.00 (0%)
[4.815s][info][gc,mmu      ] GC(19) y: MMU: 2ms/91.6%, 5ms/96.5%, 10ms/98.1%, 20ms/99.0%, 50ms/99.6%, 100ms/99.8%
[4.815s][info][gc,marking  ] GC(19) y: Mark: 2 stripe(s), 1 proactive flush(es), 1 terminate flush(es), 0 completion(s), 0 continuation(s) 
[4.815s][info][gc,nmethod  ] GC(19) y: NMethods: 1761 registered, 114 unregistered
[4.815s][info][gc,metaspace] GC(19) y: Metaspace: 9M used, 10M committed, 1088M reserved
[4.815s][info][gc,reloc    ] GC(19) y:                        Candidates     Selected     In-Place         Size        Empty    Relocated 
[4.815s][info][gc,reloc    ] GC(19) y: Small Pages:                    1            0            0           2M           0M           0M 
[4.815s][info][gc,reloc    ] GC(19) y: Medium Pages:                   3            1            2          20M           0M           0M 
[4.815s][info][gc,reloc    ] GC(19) y: Large Pages:                    0            0            0           0M           0M           0M 
[4.815s][info][gc,reloc    ] GC(19) y: Forwarding Usage: 0M
[4.815s][info][gc,reloc    ] GC(19) y: Age Table:
[4.815s][info][gc,reloc    ] GC(19) y:                    Live             Garbage             Small              Medium             Large        
[4.815s][info][gc,reloc    ] GC(19) y: Eden                -                 0M (0%)           0 / 0              0 / 0              0 / 0        
[4.815s][info][gc,reloc    ] GC(19) y: Survivor 1         0M (0%)            9M (4%)           1 / 0              1 / 0              0 / 0        
[4.815s][info][gc,reloc    ] GC(19) y: Survivor 2          -                 0M (0%)           0 / 0              0 / 0              0 / 0        
[4.815s][info][gc,reloc    ] GC(19) y: Survivor 3         4M (2%)            7M (3%)           0 / 0              2 / 1              0 / 0        
[4.815s][info][gc,heap     ] GC(19) y: Min Capacity: 8M(3%)
[4.815s][info][gc,heap     ] GC(19) y: Max Capacity: 256M(100%)
[4.815s][info][gc,heap     ] GC(19) y: Soft Max Capacity: 256M(100%)
[4.815s][info][gc,heap     ] GC(19) y: Heap Statistics:
[4.815s][info][gc,heap     ] GC(19) y:                Mark Start          Mark End        Relocate Start      Relocate End           High               Low         
[4.815s][info][gc,heap     ] GC(19) y:  Capacity:      256M (100%)        256M (100%)        256M (100%)        256M (100%)        256M (100%)        256M (100%)   
[4.815s][info][gc,heap     ] GC(19) y:      Free:        0M (0%)            0M (0%)            0M (0%)            0M (0%)            0M (0%)            0M (0%)     
[4.815s][info][gc,heap     ] GC(19) y:      Used:      256M (100%)        256M (100%)        256M (100%)        256M (100%)        256M (100%)        256M (100%)   
[4.815s][info][gc,heap     ] GC(19) y: Young Generation Statistics:
[4.815s][info][gc,heap     ] GC(19) y:                Mark Start          Mark End        Relocate Start      Relocate End    
[4.815s][info][gc,heap     ] GC(19) y:      Used:       22M (9%)           22M (9%)           22M (9%)           22M (9%)     
[4.815s][info][gc,heap     ] GC(19) y:      Live:         -                 5M (2%)            5M (2%)            5M (2%)     
[4.815s][info][gc,heap     ] GC(19) y:   Garbage:         -                16M (6%)           16M (6%)            2M (1%)     
[4.815s][info][gc,heap     ] GC(19) y: Allocated:         -                 0M (0%)            0M (0%)           14M (6%)     
[4.815s][info][gc,heap     ] GC(19) y: Reclaimed:         -                  -                 0M (0%)           14M (6%)     
[4.815s][info][gc,heap     ] GC(19) y:  Promoted:         -                  -                 0M (0%)            0M (0%)     
[4.815s][info][gc,heap     ] GC(19) y: Compacted:         -                  -                  -                 1M (1%)     
[4.815s][info][gc,phases   ] GC(19) y: Young Generation 256M(100%)->256M(100%) 0.002s
[4.815s][info][gc          ] GC(19) Minor Collection (Allocation Stall) 256M(100%)->256M(100%) 0.002s
[4.815s][info][gc          ] GC(20) Major Collection (Allocation Stall)
[4.815s][info][gc,task     ] GC(20) Using 2 Workers for Young Generation
[4.815s][info][gc,task     ] GC(20) Using 2 Workers for Old Generation
[4.815s][info][gc,phases   ] GC(20) Y: Young Generation (Promote All)
[4.815s][info][gc,phases   ] GC(20) Y: Pause Mark Start 0.004ms
[4.816s][info][gc,phases   ] GC(20) Y: Concurrent Mark 0.976ms
[4.816s][info][gc,phases   ] GC(20) Y: Pause Mark End 0.004ms
[4.816s][info][gc,phases   ] GC(20) Y: Concurrent Mark Free 0.001ms
[4.816s][info][gc,phases   ] GC(20) Y: Concurrent Reset Relocation Set 0.000ms
[4.816s][info][gc,reloc    ] GC(20) Y: Using tenuring threshold: 0 (Promote All)
[4.816s][info][gc,phases   ] GC(20) Y: Concurrent Select Relocation Set 0.140ms
[4.816s][info][gc,phases   ] GC(20) Y: Pause Relocate Start 0.003ms
[4.817s][info][gc,phases   ] GC(20) Y: Concurrent Relocate 0.207ms
[4.817s][info][gc,alloc    ] GC(20) Y:                         Mark Start        Mark End      Relocate Start    Relocate End   
[4.817s][info][gc,alloc    ] GC(20) Y: Allocation Stalls:          1                1                1                0         
[4.817s][info][gc          ] Allocation Stall (main) 6.722ms
[4.817s][info][gc,load     ] GC(20) Y: Load: 0.00 (0%) / 0.00 (0%) / 0.00 (0%)
[4.817s][info][gc,mmu      ] GC(20) Y: MMU: 2ms/91.6%, 5ms/96.5%, 10ms/98.1%, 20ms/99.0%, 50ms/99.6%, 100ms/99.8%
[4.817s][info][gc,marking  ] GC(20) Y: Mark: 2 stripe(s), 1 proactive flush(es), 1 terminate flush(es), 0 completion(s), 0 continuation(s) 
[4.817s][info][gc,nmethod  ] GC(20) Y: NMethods: 1761 registered, 114 unregistered
[4.817s][info][gc,metaspace] GC(20) Y: Metaspace: 9M used, 10M committed, 1088M reserved
[4.817s][info][gc,reloc    ] GC(20) Y:                        Candidates     Selected     In-Place         Size        Empty    Relocated 
[4.817s][info][gc,reloc    ] GC(20) Y: Small Pages:                    1            0            0           2M           0M           0M 
[4.817s][info][gc,reloc    ] GC(20) Y: Medium Pages:                   3            1            1          20M           0M           0M 
[4.817s][info][gc,reloc    ] GC(20) Y: Large Pages:                    0            0            0           0M           0M           0M 
[4.817s][info][gc,reloc    ] GC(20) Y: Forwarding Usage: 0M
[4.817s][info][gc,reloc    ] GC(20) Y: Age Table:
[4.817s][info][gc,reloc    ] GC(20) Y:                    Live             Garbage             Small              Medium             Large        
[4.817s][info][gc,reloc    ] GC(20) Y: Eden                -                 0M (0%)           0 / 0              0 / 0              0 / 0        
[4.817s][info][gc,reloc    ] GC(20) Y: Survivor 1          -                 0M (0%)           0 / 0              0 / 0              0 / 0        
[4.817s][info][gc,reloc    ] GC(20) Y: Survivor 2         0M (0%)            9M (4%)           1 / 0              1 / 0              0 / 0        
[4.817s][info][gc,reloc    ] GC(20) Y: Survivor 3          -                 0M (0%)           0 / 0              0 / 0              0 / 0        
[4.817s][info][gc,reloc    ] GC(20) Y: Survivor 4         4M (2%)            7M (3%)           0 / 0              2 / 1              0 / 0        
[4.817s][info][gc,heap     ] GC(20) Y: Min Capacity: 8M(3%)
[4.817s][info][gc,heap     ] GC(20) Y: Max Capacity: 256M(100%)
[4.817s][info][gc,heap     ] GC(20) Y: Soft Max Capacity: 256M(100%)
[4.817s][info][gc,heap     ] GC(20) Y: Heap Statistics:
[4.817s][info][gc,heap     ] GC(20) Y:                Mark Start          Mark End        Relocate Start      Relocate End           High               Low         
[4.817s][info][gc,heap     ] GC(20) Y:  Capacity:      256M (100%)        256M (100%)        256M (100%)        256M (100%)        256M (100%)        256M (100%)   
[4.817s][info][gc,heap     ] GC(20) Y:      Free:        0M (0%)            0M (0%)            0M (0%)            6M (2%)            8M (3%)            0M (0%)     
[4.817s][info][gc,heap     ] GC(20) Y:      Used:      256M (100%)        256M (100%)        256M (100%)        250M (98%)         256M (100%)        248M (97%)    
[4.817s][info][gc,heap     ] GC(20) Y: Young Generation Statistics:
[4.817s][info][gc,heap     ] GC(20) Y:                Mark Start          Mark End        Relocate Start      Relocate End    
[4.817s][info][gc,heap     ] GC(20) Y:      Used:       22M (9%)           22M (9%)           16M (6%)            0M (0%)     
[4.817s][info][gc,heap     ] GC(20) Y:      Live:         -                 5M (2%)            1M (1%)            0M (0%)     
[4.817s][info][gc,heap     ] GC(20) Y:   Garbage:         -                16M (6%)           14M (6%)            0M (0%)     
[4.817s][info][gc,heap     ] GC(20) Y: Allocated:         -                 0M (0%)            0M (0%)            0M (0%)     
[4.817s][info][gc,heap     ] GC(20) Y: Reclaimed:         -                  -                 2M (1%)           16M (6%)     
[4.817s][info][gc,heap     ] GC(20) Y:  Promoted:         -                  -                 3M (1%)            5M (2%)     
[4.817s][info][gc,heap     ] GC(20) Y: Compacted:         -                  -                  -                 0M (0%)     
[4.817s][info][gc,phases   ] GC(20) Y: Young Generation (Promote All) 256M(100%)->250M(98%) 0.002s
[4.817s][info][gc,phases   ] GC(20) Y: Young Generation (Collect Roots)
[4.817s][info][gc,phases   ] GC(20) Y: Pause Mark Start (Major) 0.005ms
[4.818s][info][gc,phases   ] GC(20) Y: Concurrent Mark 0.960ms
[4.818s][info][gc,phases   ] GC(20) Y: Pause Mark End 0.004ms
[4.818s][info][gc,phases   ] GC(20) Y: Concurrent Mark Free 0.001ms
[4.818s][info][gc,phases   ] GC(20) Y: Concurrent Reset Relocation Set 0.003ms
[4.818s][info][gc,reloc    ] GC(20) Y: Using tenuring threshold: 1 (Computed)
[4.818s][info][gc,phases   ] GC(20) Y: Concurrent Select Relocation Set 0.133ms
[4.818s][info][gc,phases   ] GC(20) Y: Pause Relocate Start 0.003ms
[4.818s][info][gc,phases   ] GC(20) Y: Concurrent Relocate 0.100ms
[4.818s][info][gc,alloc    ] GC(20) Y:                         Mark Start        Mark End      Relocate Start    Relocate End   
[4.818s][info][gc,alloc    ] GC(20) Y: Allocation Stalls:          0                0                0                0         
[4.818s][info][gc,load     ] GC(20) Y: Load: 0.00 (0%) / 0.00 (0%) / 0.00 (0%)
[4.818s][info][gc,mmu      ] GC(20) Y: MMU: 2ms/91.6%, 5ms/96.5%, 10ms/98.1%, 20ms/99.0%, 50ms/99.6%, 100ms/99.8%
[4.818s][info][gc,marking  ] GC(20) Y: Mark: 2 stripe(s), 2 proactive flush(es), 1 terminate flush(es), 0 completion(s), 0 continuation(s) 
[4.818s][info][gc,nmethod  ] GC(20) Y: NMethods: 1761 registered, 114 unregistered
[4.818s][info][gc,metaspace] GC(20) Y: Metaspace: 9M used, 10M committed, 1088M reserved
[4.818s][info][gc,reloc    ] GC(20) Y:                        Candidates     Selected     In-Place         Size        Empty    Relocated 
[4.818s][info][gc,reloc    ] GC(20) Y: Small Pages:                    1            0            0           2M           0M           0M 
[4.819s][info][gc,reloc    ] GC(20) Y: Medium Pages:                   0            0            0           0M           0M           0M 
[4.819s][info][gc,reloc    ] GC(20) Y: Large Pages:                    0            0            0           0M           0M           0M 
[4.819s][info][gc,reloc    ] GC(20) Y: Forwarding Usage: 0M
[4.819s][info][gc,reloc    ] GC(20) Y: Age Table:
[4.819s][info][gc,reloc    ] GC(20) Y:                    Live             Garbage             Small              Medium             Large        
[4.819s][info][gc,reloc    ] GC(20) Y: Eden               0M (0%)            1M (1%)           1 / 0              0 / 0              0 / 0        
[4.819s][info][gc,heap     ] GC(20) Y: Min Capacity: 8M(3%)
[4.819s][info][gc,heap     ] GC(20) Y: Max Capacity: 256M(100%)
[4.819s][info][gc,heap     ] GC(20) Y: Soft Max Capacity: 256M(100%)
[4.819s][info][gc,heap     ] GC(20) Y: Heap Statistics:
[4.819s][info][gc,heap     ] GC(20) Y:                Mark Start          Mark End        Relocate Start      Relocate End           High               Low         
[4.819s][info][gc,heap     ] GC(20) Y:  Capacity:      256M (100%)        256M (100%)        256M (100%)        256M (100%)        256M (100%)        256M (100%)   
[4.819s][info][gc,heap     ] GC(20) Y:      Free:        6M (2%)            4M (2%)            4M (2%)            4M (2%)            6M (2%)            4M (2%)     
[4.819s][info][gc,heap     ] GC(20) Y:      Used:      250M (98%)         252M (98%)         252M (98%)         252M (98%)         252M (98%)         250M (98%)    
[4.819s][info][gc,heap     ] GC(20) Y: Young Generation Statistics:
[4.819s][info][gc,heap     ] GC(20) Y:                Mark Start          Mark End        Relocate Start      Relocate End    
[4.819s][info][gc,heap     ] GC(20) Y:      Used:        2M (1%)            4M (2%)            4M (2%)            4M (2%)     
[4.819s][info][gc,heap     ] GC(20) Y:      Live:         -                 0M (0%)            0M (0%)            0M (0%)     
[4.819s][info][gc,heap     ] GC(20) Y:   Garbage:         -                 1M (1%)            1M (1%)            1M (1%)     
[4.819s][info][gc,heap     ] GC(20) Y: Allocated:         -                 2M (1%)            2M (1%)            2M (1%)     
[4.819s][info][gc,heap     ] GC(20) Y: Reclaimed:         -                  -                 0M (0%)            0M (0%)     
[4.819s][info][gc,heap     ] GC(20) Y:  Promoted:         -                  -                 0M (0%)            0M (0%)     
[4.819s][info][gc,heap     ] GC(20) Y: Compacted:         -                  -                  -                 0M (0%)     
[4.819s][info][gc,phases   ] GC(20) Y: Young Generation (Collect Roots) 250M(98%)->252M(98%) 0.002s
[4.819s][info][gc,phases   ] GC(20) O: Old Generation
[4.822s][info][gc,phases   ] GC(20) O: Concurrent Mark 3.721ms
[4.823s][info][gc,phases   ] GC(20) O: Pause Mark End 0.008ms
[4.823s][info][gc,phases   ] GC(20) O: Concurrent Mark Free 0.002ms
[4.823s][info][gc,ref      ] GC(20) O: Clearing All SoftReferences
[4.825s][info][gc,phases   ] GC(20) O: Concurrent Process Non-Strong 2.512ms
[4.825s][info][gc,phases   ] GC(20) O: Concurrent Reset Relocation Set 0.000ms
[4.825s][info][gc,phases   ] GC(20) O: Concurrent Select Relocation Set 0.132ms
[4.825s][info][gc,task     ] GC(20) O: Using 2 Workers for Old Generation
[4.826s][info][gc,task     ] GC(20) O: Using 2 Workers for Old Generation
[4.826s][info][gc,phases   ] GC(20) O: Concurrent Remap Roots 0.583ms
[4.826s][info][gc,phases   ] GC(20) O: Pause Relocate Start 0.006ms
[4.827s][info][gc,phases   ] GC(20) O: Concurrent Relocate 0.981ms
[4.827s][info][gc,alloc    ] GC(20) O:                         Mark Start        Mark End      Relocate Start    Relocate End   
[4.827s][info][gc,alloc    ] GC(20) O: Allocation Stalls:          0                0                0                0         
[4.827s][info][gc,load     ] GC(20) O: Load: 0.00 (0%) / 0.00 (0%) / 0.00 (0%)
[4.827s][info][gc,mmu      ] GC(20) O: MMU: 2ms/91.6%, 5ms/96.5%, 10ms/98.1%, 20ms/99.0%, 50ms/99.6%, 100ms/99.8%
[4.827s][info][gc,marking  ] GC(20) O: Mark: 2 stripe(s), 2 proactive flush(es), 1 terminate flush(es), 0 completion(s), 0 continuation(s) 
[4.827s][info][gc,nmethod  ] GC(20) O: NMethods: 1761 registered, 114 unregistered
[4.827s][info][gc,metaspace] GC(20) O: Metaspace: 9M used, 10M committed, 1088M reserved
[4.827s][info][gc,ref      ] GC(20) O:                       Encountered   Discovered     Enqueued 
[4.827s][info][gc,ref      ] GC(20) O: Soft References:              214          137           74 
[4.827s][info][gc,ref      ] GC(20) O: Weak References:              927          737           27 
[4.827s][info][gc,ref      ] GC(20) O: Final References:               0            0            0 
[4.827s][info][gc,ref      ] GC(20) O: Phantom References:             3            3            0 
[4.827s][info][gc,reloc    ] GC(20) O:                        Candidates     Selected     In-Place         Size        Empty    Relocated 
[4.827s][info][gc,reloc    ] GC(20) O: Small Pages:                    4            1            0           8M           0M           0M 
[4.827s][info][gc,reloc    ] GC(20) O: Medium Pages:                  31            1            1         240M           0M           1M 
[4.827s][info][gc,reloc    ] GC(20) O: Large Pages:                    0            0            0           0M           0M           0M 
[4.827s][info][gc,reloc    ] GC(20) O: Forwarding Usage: 0M
[4.827s][info][gc,heap     ] GC(20) O: Min Capacity: 8M(3%)
[4.827s][info][gc,heap     ] GC(20) O: Max Capacity: 256M(100%)
[4.827s][info][gc,heap     ] GC(20) O: Soft Max Capacity: 256M(100%)
[4.827s][info][gc,heap     ] GC(20) O: Heap Statistics:
[4.827s][info][gc,heap     ] GC(20) O:                Mark Start          Mark End        Relocate Start      Relocate End           High               Low         
[4.827s][info][gc,heap     ] GC(20) O:  Capacity:      256M (100%)        256M (100%)        256M (100%)        256M (100%)        256M (100%)        256M (100%)   
[4.827s][info][gc,heap     ] GC(20) O:      Free:        6M (2%)            4M (2%)            4M (2%)           14M (5%)           14M (5%)            2M (1%)     
[4.827s][info][gc,heap     ] GC(20) O:      Used:      250M (98%)         252M (98%)         252M (98%)         242M (95%)         254M (99%)         242M (95%)    
[4.827s][info][gc,heap     ] GC(20) O: Old Generation Statistics:
[4.827s][info][gc,heap     ] GC(20) O:                Mark Start          Mark End        Relocate Start      Relocate End    
[4.827s][info][gc,heap     ] GC(20) O:      Used:      248M (97%)         248M (97%)         248M (97%)         238M (93%)    
[4.827s][info][gc,heap     ] GC(20) O:      Live:         -               219M (86%)         219M (86%)         219M (86%)    
[4.827s][info][gc,heap     ] GC(20) O:   Garbage:         -                28M (11%)          28M (11%)          13M (5%)     
[4.827s][info][gc,heap     ] GC(20) O: Allocated:         -                 0M (0%)            0M (0%)            5M (2%)     
[4.827s][info][gc,heap     ] GC(20) O: Reclaimed:         -                  -                 0M (0%)           15M (6%)     
[4.827s][info][gc,heap     ] GC(20) O: Compacted:         -                  -                  -                 4M (2%)     
[4.827s][info][gc,phases   ] GC(20) O: Old Generation 252M(98%)->242M(95%) 0.008s
[4.827s][info][gc          ] GC(20) Major Collection (Allocation Stall) 256M(100%)->242M(95%) 0.012s
[4.989s][info][gc          ] GC(21) Minor Collection (Allocation Rate)
[4.989s][info][gc,task     ] GC(21) Using 2 Workers for Young Generation
[4.989s][info][gc,phases   ] GC(21) y: Young Generation
[4.989s][info][gc,phases   ] GC(21) y: Pause Mark Start 0.007ms
[4.991s][info][gc,phases   ] GC(21) y: Concurrent Mark 1.737ms
[4.991s][info][gc,phases   ] GC(21) y: Pause Mark End 0.007ms
[4.991s][info][gc,phases   ] GC(21) y: Concurrent Mark Free 0.001ms
[4.991s][info][gc,phases   ] GC(21) y: Concurrent Reset Relocation Set 0.000ms
[4.991s][info][gc,reloc    ] GC(21) y: Using tenuring threshold: 1 (Computed)
[4.991s][info][gc,phases   ] GC(21) y: Concurrent Select Relocation Set 0.373ms
[4.991s][info][gc,phases   ] GC(21) y: Pause Relocate Start 0.004ms
[4.991s][info][gc,phases   ] GC(21) y: Concurrent Relocate 0.124ms
[4.991s][info][gc,alloc    ] GC(21) y:                         Mark Start        Mark End      Relocate Start    Relocate End   
[4.991s][info][gc,alloc    ] GC(21) y: Allocation Stalls:          0                0                0                0         
[4.991s][info][gc,load     ] GC(21) y: Load: 0.00 (0%) / 0.00 (0%) / 0.00 (0%)
[4.991s][info][gc,mmu      ] GC(21) y: MMU: 2ms/91.6%, 5ms/96.5%, 10ms/98.1%, 20ms/99.0%, 50ms/99.6%, 100ms/99.8%
[4.991s][info][gc,marking  ] GC(21) y: Mark: 2 stripe(s), 2 proactive flush(es), 1 terminate flush(es), 0 completion(s), 0 continuation(s) 
[4.991s][info][gc,nmethod  ] GC(21) y: NMethods: 1761 registered, 114 unregistered
[4.991s][info][gc,metaspace] GC(21) y: Metaspace: 9M used, 10M committed, 1088M reserved
[4.991s][info][gc,reloc    ] GC(21) y:                        Candidates     Selected     In-Place         Size        Empty    Relocated 
[4.992s][info][gc,reloc    ] GC(21) y: Small Pages:                    2            0            0           4M           4M           0M 
[4.992s][info][gc,reloc    ] GC(21) y: Medium Pages:                   2            0            0          12M           0M           0M 
[4.992s][info][gc,reloc    ] GC(21) y: Large Pages:                    0            0            0           0M           0M           0M 
[4.992s][info][gc,reloc    ] GC(21) y: Forwarding Usage: 0M
[4.992s][info][gc,reloc    ] GC(21) y: Age Table:
[4.992s][info][gc,reloc    ] GC(21) y:                    Live             Garbage             Small              Medium             Large        
[4.992s][info][gc,reloc    ] GC(21) y: Eden               8M (3%)            5M (2%)           1 / 0              2 / 0              0 / 0        
[4.992s][info][gc,reloc    ] GC(21) y: Survivor 1          -                 2M (1%)           1 / 0              0 / 0              0 / 0        
[4.992s][info][gc,heap     ] GC(21) y: Min Capacity: 8M(3%)
[4.992s][info][gc,heap     ] GC(21) y: Max Capacity: 256M(100%)
[4.992s][info][gc,heap     ] GC(21) y: Soft Max Capacity: 256M(100%)
[4.992s][info][gc,heap     ] GC(21) y: Heap Statistics:
[4.992s][info][gc,heap     ] GC(21) y:                Mark Start          Mark End        Relocate Start      Relocate End           High               Low         
[4.992s][info][gc,heap     ] GC(21) y:  Capacity:      256M (100%)        256M (100%)        256M (100%)        256M (100%)        256M (100%)        256M (100%)   
[4.992s][info][gc,heap     ] GC(21) y:      Free:        2M (1%)            0M (0%)            4M (2%)            4M (2%)            4M (2%)            0M (0%)     
[4.992s][info][gc,heap     ] GC(21) y:      Used:      254M (99%)         256M (100%)        252M (98%)         252M (98%)         256M (100%)        252M (98%)    
[4.992s][info][gc,heap     ] GC(21) y: Young Generation Statistics:
[4.992s][info][gc,heap     ] GC(21) y:                Mark Start          Mark End        Relocate Start      Relocate End    
[4.992s][info][gc,heap     ] GC(21) y:      Used:       16M (6%)           18M (7%)           14M (5%)           14M (5%)     
[4.992s][info][gc,heap     ] GC(21) y:      Live:         -                 8M (3%)            8M (3%)            8M (3%)     
[4.992s][info][gc,heap     ] GC(21) y:   Garbage:         -                 7M (3%)            3M (1%)            3M (1%)     
[4.992s][info][gc,heap     ] GC(21) y: Allocated:         -                 2M (1%)            2M (1%)            2M (1%)     
[4.992s][info][gc,heap     ] GC(21) y: Reclaimed:         -                  -                 4M (2%)            4M (2%)     
[4.992s][info][gc,heap     ] GC(21) y:  Promoted:         -                  -                 0M (0%)            0M (0%)     
[4.992s][info][gc,heap     ] GC(21) y: Compacted:         -                  -                  -                 0M (0%)     
[4.992s][info][gc,phases   ] GC(21) y: Young Generation 254M(99%)->252M(98%) 0.003s
[4.992s][info][gc          ] GC(21) Minor Collection (Allocation Rate) 254M(99%)->252M(98%) 0.003s
[4.992s][info][gc          ] GC(22) Minor Collection (Allocation Rate)
[4.992s][info][gc,task     ] GC(22) Using 2 Workers for Young Generation
[4.992s][info][gc,phases   ] GC(22) y: Young Generation
[4.992s][info][gc,phases   ] GC(22) y: Pause Mark Start 0.005ms
[4.993s][info][gc,phases   ] GC(22) y: Concurrent Mark 1.208ms
[4.993s][info][gc,phases   ] GC(22) y: Pause Mark End 0.004ms
[4.993s][info][gc,phases   ] GC(22) y: Concurrent Mark Free 0.001ms
[4.993s][info][gc,phases   ] GC(22) y: Concurrent Reset Relocation Set 0.000ms
[4.993s][info][gc,reloc    ] GC(22) y: Using tenuring threshold: 2 (Computed)
[4.993s][info][gc,phases   ] GC(22) y: Concurrent Select Relocation Set 0.144ms
[4.994s][info][gc,phases   ] GC(22) y: Pause Relocate Start 0.003ms
[4.994s][info][gc,phases   ] GC(22) y: Concurrent Relocate 0.105ms
[4.994s][info][gc,alloc    ] GC(22) y:                         Mark Start        Mark End      Relocate Start    Relocate End   
[4.994s][info][gc,alloc    ] GC(22) y: Allocation Stalls:          0                0                0                0         
[4.994s][info][gc,load     ] GC(22) y: Load: 0.00 (0%) / 0.00 (0%) / 0.00 (0%)
[4.994s][info][gc,mmu      ] GC(22) y: MMU: 2ms/91.6%, 5ms/96.5%, 10ms/98.1%, 20ms/99.0%, 50ms/99.6%, 100ms/99.8%
[4.994s][info][gc,marking  ] GC(22) y: Mark: 2 stripe(s), 1 proactive flush(es), 1 terminate flush(es), 0 completion(s), 0 continuation(s) 
[4.994s][info][gc,nmethod  ] GC(22) y: NMethods: 1761 registered, 114 unregistered
[4.994s][info][gc,metaspace] GC(22) y: Metaspace: 9M used, 10M committed, 1088M reserved
[4.994s][info][gc,reloc    ] GC(22) y:                        Candidates     Selected     In-Place         Size        Empty    Relocated 
[4.994s][info][gc,reloc    ] GC(22) y: Small Pages:                    1            0            0           2M           2M           0M 
[4.994s][info][gc,reloc    ] GC(22) y: Medium Pages:                   2            0            0          12M           0M           0M 
[4.994s][info][gc,reloc    ] GC(22) y: Large Pages:                    0            0            0           0M           0M           0M 
[4.994s][info][gc,reloc    ] GC(22) y: Forwarding Usage: 0M
[4.994s][info][gc,reloc    ] GC(22) y: Age Table:
[4.994s][info][gc,reloc    ] GC(22) y:                    Live             Garbage             Small              Medium             Large        
[4.994s][info][gc,reloc    ] GC(22) y: Eden                -                 2M (1%)           1 / 0              0 / 0              0 / 0        
[4.994s][info][gc,reloc    ] GC(22) y: Survivor 1         8M (3%)            3M (1%)           0 / 0              2 / 0              0 / 0        
[4.994s][info][gc,heap     ] GC(22) y: Min Capacity: 8M(3%)
[4.994s][info][gc,heap     ] GC(22) y: Max Capacity: 256M(100%)
[4.994s][info][gc,heap     ] GC(22) y: Soft Max Capacity: 256M(100%)
[4.994s][info][gc,heap     ] GC(22) y: Heap Statistics:
[4.994s][info][gc,heap     ] GC(22) y:                Mark Start          Mark End        Relocate Start      Relocate End           High               Low         
[4.994s][info][gc,heap     ] GC(22) y:  Capacity:      256M (100%)        256M (100%)        256M (100%)        256M (100%)        256M (100%)        256M (100%)   
[4.994s][info][gc,heap     ] GC(22) y:      Free:        4M (2%)            4M (2%)            6M (2%)            6M (2%)            6M (2%)            4M (2%)     
[4.994s][info][gc,heap     ] GC(22) y:      Used:      252M (98%)         252M (98%)         250M (98%)         250M (98%)         252M (98%)         250M (98%)    
[4.994s][info][gc,heap     ] GC(22) y: Young Generation Statistics:
[4.994s][info][gc,heap     ] GC(22) y:                Mark Start          Mark End        Relocate Start      Relocate End    
[4.994s][info][gc,heap     ] GC(22) y:      Used:       14M (5%)           14M (5%)           12M (5%)           12M (5%)     
[4.994s][info][gc,heap     ] GC(22) y:      Live:         -                 8M (3%)            8M (3%)            8M (3%)     
[4.994s][info][gc,heap     ] GC(22) y:   Garbage:         -                 5M (2%)            3M (1%)            3M (1%)     
[4.994s][info][gc,heap     ] GC(22) y: Allocated:         -                 0M (0%)            0M (0%)            0M (0%)     
[4.994s][info][gc,heap     ] GC(22) y: Reclaimed:         -                  -                 2M (1%)            2M (1%)     
[4.994s][info][gc,heap     ] GC(22) y:  Promoted:         -                  -                 0M (0%)            0M (0%)     
[4.994s][info][gc,heap     ] GC(22) y: Compacted:         -                  -                  -                 0M (0%)     
[4.994s][info][gc,phases   ] GC(22) y: Young Generation 252M(98%)->250M(98%) 0.002s
[4.994s][info][gc          ] GC(22) Minor Collection (Allocation Rate) 252M(98%)->250M(98%) 0.002s
[5.008s][info][gc          ] GC(23) Major Collection (Allocation Rate)
[5.009s][info][gc,task     ] GC(23) Using 2 Workers for Young Generation
[5.009s][info][gc,task     ] GC(23) Using 1 Workers for Old Generation
[5.009s][info][gc,phases   ] GC(23) Y: Young Generation
[5.009s][info][gc,phases   ] GC(23) Y: Pause Mark Start (Major) 0.008ms
[5.010s][info][gc,phases   ] GC(23) Y: Concurrent Mark 1.025ms
[5.010s][info][gc,phases   ] GC(23) Y: Pause Mark End 0.007ms
[5.010s][info][gc,phases   ] GC(23) Y: Concurrent Mark Free 0.001ms
[5.010s][info][gc,phases   ] GC(23) Y: Concurrent Reset Relocation Set 0.000ms
[5.010s][info][gc,reloc    ] GC(23) Y: Using tenuring threshold: 3 (Computed)
[5.010s][info][gc,phases   ] GC(23) Y: Concurrent Select Relocation Set 0.075ms
[5.010s][info][gc,phases   ] GC(23) Y: Pause Relocate Start 0.004ms
[5.010s][info][gc,phases   ] GC(23) Y: Concurrent Relocate 0.055ms
[5.010s][info][gc,alloc    ] GC(23) Y:                         Mark Start        Mark End      Relocate Start    Relocate End   
[5.010s][info][gc,alloc    ] GC(23) Y: Allocation Stalls:          0                1                1                1         
[5.010s][info][gc,load     ] GC(23) Y: Load: 0.00 (0%) / 0.00 (0%) / 0.00 (0%)
[5.010s][info][gc,mmu      ] GC(23) Y: MMU: 2ms/91.6%, 5ms/96.5%, 10ms/98.1%, 20ms/99.0%, 50ms/99.6%, 100ms/99.8%
[5.010s][info][gc,marking  ] GC(23) Y: Mark: 2 stripe(s), 2 proactive flush(es), 1 terminate flush(es), 0 completion(s), 0 continuation(s) 
[5.010s][info][gc,nmethod  ] GC(23) Y: NMethods: 1761 registered, 114 unregistered
[5.010s][info][gc,metaspace] GC(23) Y: Metaspace: 9M used, 10M committed, 1088M reserved
[5.010s][info][gc,reloc    ] GC(23) Y:                        Candidates     Selected     In-Place         Size        Empty    Relocated 
[5.010s][info][gc,reloc    ] GC(23) Y: Small Pages:                    1            0            0           2M           0M           0M 
[5.010s][info][gc,reloc    ] GC(23) Y: Medium Pages:                   3            1            2          16M           0M           0M 
[5.010s][info][gc,reloc    ] GC(23) Y: Large Pages:                    0            0            0           0M           0M           0M 
[5.010s][info][gc,reloc    ] GC(23) Y: Forwarding Usage: 0M
[5.010s][info][gc,reloc    ] GC(23) Y: Age Table:
[5.010s][info][gc,reloc    ] GC(23) Y:                    Live             Garbage             Small              Medium             Large        
[5.010s][info][gc,reloc    ] GC(23) Y: Eden               0M (0%)            5M (2%)           1 / 0              1 / 0              0 / 0        
[5.010s][info][gc,reloc    ] GC(23) Y: Survivor 1          -                 0M (0%)           0 / 0              0 / 0              0 / 0        
[5.010s][info][gc,reloc    ] GC(23) Y: Survivor 2         8M (3%)            3M (1%)           0 / 0              2 / 1              0 / 0        
[5.010s][info][gc,heap     ] GC(23) Y: Min Capacity: 8M(3%)
[5.010s][info][gc,heap     ] GC(23) Y: Max Capacity: 256M(100%)
[5.010s][info][gc,heap     ] GC(23) Y: Soft Max Capacity: 256M(100%)
[5.010s][info][gc,heap     ] GC(23) Y: Heap Statistics:
[5.010s][info][gc,heap     ] GC(23) Y:                Mark Start          Mark End        Relocate Start      Relocate End           High               Low         
[5.010s][info][gc,heap     ] GC(23) Y:  Capacity:      256M (100%)        256M (100%)        256M (100%)        256M (100%)        256M (100%)        256M (100%)   
[5.010s][info][gc,heap     ] GC(23) Y:      Free:        0M (0%)            0M (0%)            0M (0%)            0M (0%)            0M (0%)            0M (0%)     
[5.010s][info][gc,heap     ] GC(23) Y:      Used:      256M (100%)        256M (100%)        256M (100%)        256M (100%)        256M (100%)        256M (100%)   
[5.010s][info][gc,heap     ] GC(23) Y: Young Generation Statistics:
[5.010s][info][gc,heap     ] GC(23) Y:                Mark Start          Mark End        Relocate Start      Relocate End    
[5.010s][info][gc,heap     ] GC(23) Y:      Used:       18M (7%)           18M (7%)           18M (7%)           18M (7%)     
[5.010s][info][gc,heap     ] GC(23) Y:      Live:         -                 9M (4%)            9M (4%)            9M (4%)     
[5.010s][info][gc,heap     ] GC(23) Y:   Garbage:         -                 8M (3%)            8M (3%)            2M (1%)     
[5.010s][info][gc,heap     ] GC(23) Y: Allocated:         -                 0M (0%)            0M (0%)            6M (2%)     
[5.010s][info][gc,heap     ] GC(23) Y: Reclaimed:         -                  -                 0M (0%)            6M (2%)     
[5.010s][info][gc,heap     ] GC(23) Y:  Promoted:         -                  -                 0M (0%)            0M (0%)     
[5.010s][info][gc,heap     ] GC(23) Y: Compacted:         -                  -                  -                 1M (1%)     
[5.010s][info][gc,phases   ] GC(23) Y: Young Generation 256M(100%)->256M(100%) 0.002s
[5.010s][info][gc,phases   ] GC(23) O: Old Generation
[5.010s][info][gc          ] GC(24) Minor Collection (Allocation Stall)
[5.010s][info][gc,task     ] GC(24) Using 2 Workers for Young Generation
[5.010s][info][gc,phases   ] GC(24) y: Young Generation
[5.011s][info][gc,phases   ] GC(24) y: Pause Mark Start 0.005ms
[5.012s][info][gc,phases   ] GC(24) y: Concurrent Mark 1.010ms
[5.012s][info][gc,phases   ] GC(24) y: Pause Mark End 0.007ms
[5.012s][info][gc,phases   ] GC(24) y: Concurrent Mark Free 0.001ms
[5.012s][info][gc,phases   ] GC(24) y: Concurrent Reset Relocation Set 0.001ms
[5.012s][info][gc,reloc    ] GC(24) y: Using tenuring threshold: 4 (Computed)
[5.012s][info][gc,phases   ] GC(24) y: Concurrent Select Relocation Set 0.076ms
[5.012s][info][gc,phases   ] GC(24) y: Pause Relocate Start 0.005ms
[5.012s][info][gc,phases   ] GC(24) y: Concurrent Relocate 0.064ms
[5.012s][info][gc,alloc    ] GC(24) y:                         Mark Start        Mark End      Relocate Start    Relocate End   
[5.012s][info][gc,alloc    ] GC(24) y: Allocation Stalls:          1                1                1                1         
[5.012s][info][gc,load     ] GC(24) y: Load: 0.00 (0%) / 0.00 (0%) / 0.00 (0%)
[5.012s][info][gc,mmu      ] GC(24) y: MMU: 2ms/91.6%, 5ms/96.5%, 10ms/98.1%, 20ms/99.0%, 50ms/99.6%, 100ms/99.8%
[5.012s][info][gc,marking  ] GC(24) y: Mark: 2 stripe(s), 1 proactive flush(es), 1 terminate flush(es), 0 completion(s), 0 continuation(s) 
[5.012s][info][gc,nmethod  ] GC(24) y: NMethods: 1761 registered, 114 unregistered
[5.012s][info][gc,metaspace] GC(24) y: Metaspace: 9M used, 10M committed, 1088M reserved
[5.012s][info][gc,reloc    ] GC(24) y:                        Candidates     Selected     In-Place         Size        Empty    Relocated 
[5.012s][info][gc,reloc    ] GC(24) y: Small Pages:                    1            0            0           2M           0M           0M 
[5.012s][info][gc,reloc    ] GC(24) y: Medium Pages:                   3            1            2          16M           0M           0M 
[5.012s][info][gc,reloc    ] GC(24) y: Large Pages:                    0            0            0           0M           0M           0M 
[5.012s][info][gc,reloc    ] GC(24) y: Forwarding Usage: 0M
[5.012s][info][gc,reloc    ] GC(24) y: Age Table:
[5.012s][info][gc,reloc    ] GC(24) y:                    Live             Garbage             Small              Medium             Large        
[5.012s][info][gc,reloc    ] GC(24) y: Eden                -                 0M (0%)           0 / 0              0 / 0              0 / 0        
[5.012s][info][gc,reloc    ] GC(24) y: Survivor 1         0M (0%)            5M (2%)           1 / 0              1 / 0              0 / 0        
[5.012s][info][gc,reloc    ] GC(24) y: Survivor 2          -                 0M (0%)           0 / 0              0 / 0              0 / 0        
[5.012s][info][gc,reloc    ] GC(24) y: Survivor 3         8M (3%)            3M (1%)           0 / 0              2 / 1              0 / 0        
[5.012s][info][gc,heap     ] GC(24) y: Min Capacity: 8M(3%)
[5.012s][info][gc,heap     ] GC(24) y: Max Capacity: 256M(100%)
[5.012s][info][gc,heap     ] GC(24) y: Soft Max Capacity: 256M(100%)
[5.012s][info][gc,heap     ] GC(24) y: Heap Statistics:
[5.012s][info][gc,heap     ] GC(24) y:                Mark Start          Mark End        Relocate Start      Relocate End           High               Low         
[5.012s][info][gc,heap     ] GC(24) y:  Capacity:      256M (100%)        256M (100%)        256M (100%)        256M (100%)        256M (100%)        256M (100%)   
[5.012s][info][gc,heap     ] GC(24) y:      Free:        0M (0%)            0M (0%)            0M (0%)            0M (0%)            0M (0%)            0M (0%)     
[5.012s][info][gc,heap     ] GC(24) y:      Used:      256M (100%)        256M (100%)        256M (100%)        256M (100%)        256M (100%)        256M (100%)   
[5.012s][info][gc,heap     ] GC(24) y: Young Generation Statistics:
[5.012s][info][gc,heap     ] GC(24) y:                Mark Start          Mark End        Relocate Start      Relocate End    
[5.012s][info][gc,heap     ] GC(24) y:      Used:       18M (7%)           18M (7%)           18M (7%)           18M (7%)     
[5.012s][info][gc,heap     ] GC(24) y:      Live:         -                 9M (4%)            9M (4%)            9M (4%)     
[5.012s][info][gc,heap     ] GC(24) y:   Garbage:         -                 8M (3%)            8M (3%)            2M (1%)     
[5.012s][info][gc,heap     ] GC(24) y: Allocated:         -                 0M (0%)            0M (0%)            6M (2%)     
[5.012s][info][gc,heap     ] GC(24) y: Reclaimed:         -                  -                 0M (0%)            6M (2%)     
[5.012s][info][gc,heap     ] GC(24) y:  Promoted:         -                  -                 0M (0%)            0M (0%)     
[5.012s][info][gc,heap     ] GC(24) y: Compacted:         -                  -                  -                 1M (1%)     
[5.012s][info][gc,phases   ] GC(24) y: Young Generation 256M(100%)->256M(100%) 0.001s
[5.012s][info][gc          ] GC(24) Minor Collection (Allocation Stall) 256M(100%)->256M(100%) 0.002s
[5.012s][info][gc,task     ] Adjusting Workers for Old Generation: 1 -> 2
[5.012s][info][gc          ] GC(25) Minor Collection (High Usage)
[5.012s][info][gc,task     ] GC(25) Using 2 Workers for Young Generation
[5.012s][info][gc,phases   ] GC(25) y: Young Generation
[5.012s][info][gc,phases   ] GC(25) y: Pause Mark Start 0.005ms
[5.013s][info][gc,phases   ] GC(25) y: Concurrent Mark 0.996ms
[5.013s][info][gc,phases   ] GC(25) y: Pause Mark End 0.006ms
[5.013s][info][gc,phases   ] GC(25) y: Concurrent Mark Free 0.001ms
[5.013s][info][gc,phases   ] GC(25) y: Concurrent Reset Relocation Set 0.001ms
[5.013s][info][gc,reloc    ] GC(25) y: Using tenuring threshold: 5 (Computed)
[5.014s][info][gc,phases   ] GC(25) y: Concurrent Select Relocation Set 0.075ms
[5.014s][info][gc,phases   ] GC(25) y: Pause Relocate Start 0.004ms
[5.014s][info][gc,phases   ] GC(25) y: Concurrent Relocate 0.063ms
[5.014s][info][gc,alloc    ] GC(25) y:                         Mark Start        Mark End      Relocate Start    Relocate End   
[5.014s][info][gc,alloc    ] GC(25) y: Allocation Stalls:          1                1                1                1         
[5.014s][info][gc,load     ] GC(25) y: Load: 0.00 (0%) / 0.00 (0%) / 0.00 (0%)
[5.014s][info][gc,mmu      ] GC(25) y: MMU: 2ms/91.6%, 5ms/96.5%, 10ms/98.1%, 20ms/99.0%, 50ms/99.6%, 100ms/99.8%
[5.014s][info][gc,marking  ] GC(25) y: Mark: 2 stripe(s), 1 proactive flush(es), 1 terminate flush(es), 0 completion(s), 0 continuation(s) 
[5.014s][info][gc,nmethod  ] GC(25) y: NMethods: 1761 registered, 114 unregistered
[5.014s][info][gc,metaspace] GC(25) y: Metaspace: 9M used, 10M committed, 1088M reserved
[5.014s][info][gc,reloc    ] GC(25) y:                        Candidates     Selected     In-Place         Size        Empty    Relocated 
[5.014s][info][gc,reloc    ] GC(25) y: Small Pages:                    1            0            0           2M           0M           0M 
[5.014s][info][gc,reloc    ] GC(25) y: Medium Pages:                   3            1            2          16M           0M           0M 
[5.014s][info][gc,reloc    ] GC(25) y: Large Pages:                    0            0            0           0M           0M           0M 
[5.014s][info][gc,reloc    ] GC(25) y: Forwarding Usage: 0M
[5.014s][info][gc,reloc    ] GC(25) y: Age Table:
[5.014s][info][gc,reloc    ] GC(25) y:                    Live             Garbage             Small              Medium             Large        
[5.014s][info][gc,reloc    ] GC(25) y: Eden                -                 0M (0%)           0 / 0              0 / 0              0 / 0        
[5.014s][info][gc,reloc    ] GC(25) y: Survivor 1          -                 0M (0%)           0 / 0              0 / 0              0 / 0        
[5.014s][info][gc,reloc    ] GC(25) y: Survivor 2         0M (0%)            5M (2%)           1 / 0              1 / 0              0 / 0        
[5.014s][info][gc,reloc    ] GC(25) y: Survivor 3          -                 0M (0%)           0 / 0              0 / 0              0 / 0        
[5.014s][info][gc,reloc    ] GC(25) y: Survivor 4         8M (3%)            3M (1%)           0 / 0              2 / 1              0 / 0        
[5.014s][info][gc,heap     ] GC(25) y: Min Capacity: 8M(3%)
[5.014s][info][gc,heap     ] GC(25) y: Max Capacity: 256M(100%)
[5.014s][info][gc,heap     ] GC(25) y: Soft Max Capacity: 256M(100%)
[5.014s][info][gc,heap     ] GC(25) y: Heap Statistics:
[5.014s][info][gc,heap     ] GC(25) y:                Mark Start          Mark End        Relocate Start      Relocate End           High               Low         
[5.014s][info][gc,heap     ] GC(25) y:  Capacity:      256M (100%)        256M (100%)        256M (100%)        256M (100%)        256M (100%)        256M (100%)   
[5.014s][info][gc,heap     ] GC(25) y:      Free:        0M (0%)            0M (0%)            0M (0%)            0M (0%)            0M (0%)            0M (0%)     
[5.014s][info][gc,heap     ] GC(25) y:      Used:      256M (100%)        256M (100%)        256M (100%)        256M (100%)        256M (100%)        256M (100%)   
[5.014s][info][gc,heap     ] GC(25) y: Young Generation Statistics:
[5.014s][info][gc,heap     ] GC(25) y:                Mark Start          Mark End        Relocate Start      Relocate End    
[5.014s][info][gc,heap     ] GC(25) y:      Used:       18M (7%)           18M (7%)           18M (7%)           18M (7%)     
[5.014s][info][gc,heap     ] GC(25) y:      Live:         -                 9M (4%)            9M (4%)            9M (4%)     
[5.014s][info][gc,heap     ] GC(25) y:   Garbage:         -                 8M (3%)            8M (3%)            2M (1%)     
[5.014s][info][gc,heap     ] GC(25) y: Allocated:         -                 0M (0%)            0M (0%)            6M (2%)     
[5.014s][info][gc,heap     ] GC(25) y: Reclaimed:         -                  -                 0M (0%)            6M (2%)     
[5.014s][info][gc,heap     ] GC(25) y:  Promoted:         -                  -                 0M (0%)            0M (0%)     
[5.014s][info][gc,heap     ] GC(25) y: Compacted:         -                  -                  -                 1M (1%)     
[5.014s][info][gc,phases   ] GC(25) y: Young Generation 256M(100%)->256M(100%) 0.001s
[5.014s][info][gc          ] GC(25) Minor Collection (High Usage) 256M(100%)->256M(100%) 0.002s
[5.014s][info][gc          ] GC(26) Minor Collection (High Usage)
[5.014s][info][gc,task     ] GC(26) Using 2 Workers for Young Generation
[5.014s][info][gc,phases   ] GC(26) y: Young Generation
[5.014s][info][gc,phases   ] GC(26) y: Pause Mark Start 0.005ms
[5.015s][info][gc,phases   ] GC(23) O: Concurrent Mark 4.916ms
[5.015s][info][gc,phases   ] GC(26) y: Concurrent Mark 1.214ms
[5.015s][info][gc,phases   ] GC(23) O: Pause Mark End 0.008ms
[5.016s][info][gc,phases   ] GC(23) O: Concurrent Mark Free 0.002ms
[5.016s][info][gc,phases   ] GC(26) y: Pause Mark End 0.005ms
[5.016s][info][gc,phases   ] GC(26) y: Concurrent Mark Free 0.001ms
[5.016s][info][gc,phases   ] GC(26) y: Concurrent Reset Relocation Set 0.001ms
[5.016s][info][gc,reloc    ] GC(26) y: Using tenuring threshold: 5 (Computed)
[5.016s][info][gc,phases   ] GC(26) y: Concurrent Select Relocation Set 0.161ms
[5.016s][info][gc,phases   ] GC(26) y: Pause Relocate Start 0.005ms
[5.016s][info][gc,phases   ] GC(26) y: Concurrent Relocate 0.325ms
[5.016s][info][gc,alloc    ] GC(26) y:                         Mark Start        Mark End      Relocate Start    Relocate End   
[5.016s][info][gc,alloc    ] GC(26) y: Allocation Stalls:          1                1                1                1         
[5.016s][info][gc,load     ] GC(26) y: Load: 0.00 (0%) / 0.00 (0%) / 0.00 (0%)
[5.016s][info][gc,mmu      ] GC(26) y: MMU: 2ms/91.6%, 5ms/96.5%, 10ms/98.1%, 20ms/99.0%, 50ms/99.6%, 100ms/99.8%
[5.016s][info][gc,marking  ] GC(26) y: Mark: 2 stripe(s), 1 proactive flush(es), 1 terminate flush(es), 0 completion(s), 0 continuation(s) 
[5.016s][info][gc,nmethod  ] GC(26) y: NMethods: 1761 registered, 114 unregistered
[5.016s][info][gc,metaspace] GC(26) y: Metaspace: 9M used, 10M committed, 1088M reserved
[5.016s][info][gc,reloc    ] GC(26) y:                        Candidates     Selected     In-Place         Size        Empty    Relocated 
[5.016s][info][gc,reloc    ] GC(26) y: Small Pages:                    1            0            0           2M           0M           0M 
[5.016s][info][gc,reloc    ] GC(26) y: Medium Pages:                   3            1            2          16M           0M           0M 
[5.016s][info][gc,reloc    ] GC(26) y: Large Pages:                    0            0            0           0M           0M           0M 
[5.016s][info][gc,reloc    ] GC(26) y: Forwarding Usage: 0M
[5.017s][info][gc,reloc    ] GC(26) y: Age Table:
[5.017s][info][gc,reloc    ] GC(26) y:                    Live             Garbage             Small              Medium             Large        
[5.017s][info][gc,reloc    ] GC(26) y: Eden                -                 0M (0%)           0 / 0              0 / 0              0 / 0        
[5.017s][info][gc,reloc    ] GC(26) y: Survivor 1          -                 0M (0%)           0 / 0              0 / 0              0 / 0        
[5.017s][info][gc,reloc    ] GC(26) y: Survivor 2          -                 0M (0%)           0 / 0              0 / 0              0 / 0        
[5.017s][info][gc,reloc    ] GC(26) y: Survivor 3         0M (0%)            5M (2%)           1 / 0              1 / 0              0 / 0        
[5.017s][info][gc,reloc    ] GC(26) y: Survivor 4          -                 0M (0%)           0 / 0              0 / 0              0 / 0        
[5.017s][info][gc,reloc    ] GC(26) y: Survivor 5         8M (3%)            3M (1%)           0 / 0              2 / 1              0 / 0        
[5.017s][info][gc,heap     ] GC(26) y: Min Capacity: 8M(3%)
[5.017s][info][gc,heap     ] GC(26) y: Max Capacity: 256M(100%)
[5.017s][info][gc,heap     ] GC(26) y: Soft Max Capacity: 256M(100%)
[5.017s][info][gc,heap     ] GC(26) y: Heap Statistics:
[5.017s][info][gc,heap     ] GC(26) y:                Mark Start          Mark End        Relocate Start      Relocate End           High               Low         
[5.017s][info][gc,heap     ] GC(26) y:  Capacity:      256M (100%)        256M (100%)        256M (100%)        256M (100%)        256M (100%)        256M (100%)   
[5.017s][info][gc,heap     ] GC(26) y:      Free:        0M (0%)            0M (0%)            0M (0%)            0M (0%)            0M (0%)            0M (0%)     
[5.017s][info][gc,heap     ] GC(26) y:      Used:      256M (100%)        256M (100%)        256M (100%)        256M (100%)        256M (100%)        256M (100%)   
[5.017s][info][gc,heap     ] GC(26) y: Young Generation Statistics:
[5.017s][info][gc,heap     ] GC(26) y:                Mark Start          Mark End        Relocate Start      Relocate End    
[5.017s][info][gc,heap     ] GC(26) y:      Used:       18M (7%)           18M (7%)           10M (4%)            6M (2%)     
[5.017s][info][gc,heap     ] GC(26) y:      Live:         -                 9M (4%)            1M (1%)            0M (0%)     
[5.017s][info][gc,heap     ] GC(26) y:   Garbage:         -                 8M (3%)            8M (3%)            1M (1%)     
[5.017s][info][gc,heap     ] GC(26) y: Allocated:         -                 0M (0%)            0M (0%)            3M (1%)     
[5.017s][info][gc,heap     ] GC(26) y: Reclaimed:         -                  -                 0M (0%)            6M (3%)     
[5.017s][info][gc,heap     ] GC(26) y:  Promoted:         -                  -                 7M (3%)            8M (3%)     
[5.017s][info][gc,heap     ] GC(26) y: Compacted:         -                  -                  -                 0M (0%)     
[5.017s][info][gc,phases   ] GC(26) y: Young Generation 256M(100%)->256M(100%) 0.002s
[5.017s][info][gc          ] GC(26) Minor Collection (High Usage) 256M(100%)->256M(100%) 0.003s
[5.017s][info][gc,phases   ] GC(23) O: Concurrent Process Non-Strong 1.683ms
[5.017s][info][gc,phases   ] GC(23) O: Concurrent Reset Relocation Set 0.001ms
[5.017s][info][gc,phases   ] GC(23) O: Concurrent Select Relocation Set 0.100ms
[5.017s][info][gc,task     ] GC(23) O: Using 2 Workers for Old Generation
[5.018s][info][gc,task     ] GC(23) O: Using 2 Workers for Old Generation
[5.018s][info][gc,phases   ] GC(23) O: Concurrent Remap Roots 0.825ms
[5.018s][info][gc,phases   ] GC(23) O: Pause Relocate Start 0.006ms
[5.018s][info][gc,phases   ] GC(23) O: Concurrent Relocate 0.039ms
[5.018s][info][gc,alloc    ] GC(23) O:                         Mark Start        Mark End      Relocate Start    Relocate End   
[5.018s][info][gc,alloc    ] GC(23) O: Allocation Stalls:          0                1                1                1         
[5.018s][info][gc,load     ] GC(23) O: Load: 0.00 (0%) / 0.00 (0%) / 0.00 (0%)
[5.018s][info][gc,mmu      ] GC(23) O: MMU: 2ms/91.6%, 5ms/96.5%, 10ms/98.1%, 20ms/99.0%, 50ms/99.6%, 100ms/99.8%
[5.018s][info][gc,marking  ] GC(23) O: Mark: 1 stripe(s), 2 proactive flush(es), 1 terminate flush(es), 0 completion(s), 0 continuation(s) 
[5.018s][info][gc,nmethod  ] GC(23) O: NMethods: 1761 registered, 114 unregistered
[5.019s][info][gc,metaspace] GC(23) O: Metaspace: 9M used, 10M committed, 1088M reserved
[5.019s][info][gc,ref      ] GC(23) O:                       Encountered   Discovered     Enqueued 
[5.019s][info][gc,ref      ] GC(23) O: Soft References:              140            0            0 
[5.019s][info][gc,ref      ] GC(23) O: Weak References:              900          802            0 
[5.019s][info][gc,ref      ] GC(23) O: Final References:               0            0            0 
[5.019s][info][gc,ref      ] GC(23) O: Phantom References:             3            3            0 
[5.019s][info][gc,reloc    ] GC(23) O:                        Candidates     Selected     In-Place         Size        Empty    Relocated 
[5.019s][info][gc,reloc    ] GC(23) O: Small Pages:                    3            0            0           6M           0M           0M 
[5.019s][info][gc,reloc    ] GC(23) O: Medium Pages:                  30            0            0         232M           0M           0M 
[5.019s][info][gc,reloc    ] GC(23) O: Large Pages:                    0            0            0           0M           0M           0M 
[5.019s][info][gc,reloc    ] GC(23) O: Forwarding Usage: 0M
[5.019s][info][gc,heap     ] GC(23) O: Min Capacity: 8M(3%)
[5.019s][info][gc,heap     ] GC(23) O: Max Capacity: 256M(100%)
[5.019s][info][gc,heap     ] GC(23) O: Soft Max Capacity: 256M(100%)
[5.019s][info][gc,heap     ] GC(23) O: Heap Statistics:
[5.019s][info][gc,heap     ] GC(23) O:                Mark Start          Mark End        Relocate Start      Relocate End           High               Low         
[5.019s][info][gc,heap     ] GC(23) O:  Capacity:      256M (100%)        256M (100%)        256M (100%)        256M (100%)        256M (100%)        256M (100%)   
[5.019s][info][gc,heap     ] GC(23) O:      Free:        0M (0%)            0M (0%)            0M (0%)            0M (0%)            0M (0%)            0M (0%)     
[5.019s][info][gc,heap     ] GC(23) O:      Used:      256M (100%)        256M (100%)        256M (100%)        256M (100%)        256M (100%)        256M (100%)   
[5.019s][info][gc,heap     ] GC(23) O: Old Generation Statistics:
[5.019s][info][gc,heap     ] GC(23) O:                Mark Start          Mark End        Relocate Start      Relocate End    
[5.019s][info][gc,heap     ] GC(23) O:      Used:      238M (93%)         238M (93%)         250M (98%)         250M (98%)    
[5.019s][info][gc,heap     ] GC(23) O:      Live:         -               219M (86%)         219M (86%)         219M (86%)    
[5.019s][info][gc,heap     ] GC(23) O:   Garbage:         -                18M (7%)           18M (7%)           18M (7%)     
[5.019s][info][gc,heap     ] GC(23) O: Allocated:         -                 0M (0%)           12M (5%)           12M (5%)     
[5.019s][info][gc,heap     ] GC(23) O: Reclaimed:         -                  -                 0M (0%)            0M (0%)     
[5.019s][info][gc,heap     ] GC(23) O: Compacted:         -                  -                  -                 0M (0%)     
[5.019s][info][gc,phases   ] GC(23) O: Old Generation 256M(100%)->256M(100%) 0.008s
[5.019s][info][gc          ] GC(23) Major Collection (Allocation Rate) 254M(99%)->256M(100%) 0.010s
[5.019s][info][gc          ] GC(27) Major Collection (Allocation Stall)
[5.019s][info][gc,task     ] GC(27) Using 2 Workers for Young Generation
[5.019s][info][gc,task     ] GC(27) Using 2 Workers for Old Generation
[5.019s][info][gc,phases   ] GC(27) Y: Young Generation (Promote All)
[5.019s][info][gc,phases   ] GC(27) Y: Pause Mark Start 0.005ms
[5.020s][info][gc,phases   ] GC(27) Y: Concurrent Mark 1.524ms
[5.020s][info][gc,phases   ] GC(27) Y: Pause Mark End 0.006ms
[5.021s][info][gc,phases   ] GC(27) Y: Concurrent Mark Free 0.001ms
[5.021s][info][gc,phases   ] GC(27) Y: Concurrent Reset Relocation Set 0.002ms
[5.021s][info][gc,reloc    ] GC(27) Y: Using tenuring threshold: 0 (Promote All)
[5.021s][info][gc,phases   ] GC(27) Y: Concurrent Select Relocation Set 0.512ms
[5.021s][info][gc,phases   ] GC(27) Y: Pause Relocate Start 0.005ms
[5.021s][info][gc,phases   ] GC(27) Y: Concurrent Relocate 0.054ms
[5.021s][info][gc,alloc    ] GC(27) Y:                         Mark Start        Mark End      Relocate Start    Relocate End   
[5.021s][info][gc,alloc    ] GC(27) Y: Allocation Stalls:          1                1                1                1         
[5.021s][info][gc,load     ] GC(27) Y: Load: 0.00 (0%) / 0.00 (0%) / 0.00 (0%)
[5.021s][info][gc,mmu      ] GC(27) Y: MMU: 2ms/91.6%, 5ms/96.5%, 10ms/98.1%, 20ms/99.0%, 50ms/99.6%, 100ms/99.8%
[5.021s][info][gc,marking  ] GC(27) Y: Mark: 2 stripe(s), 1 proactive flush(es), 1 terminate flush(es), 0 completion(s), 0 continuation(s) 
[5.021s][info][gc,nmethod  ] GC(27) Y: NMethods: 1761 registered, 114 unregistered
[5.021s][info][gc,metaspace] GC(27) Y: Metaspace: 9M used, 10M committed, 1088M reserved
[5.021s][info][gc,reloc    ] GC(27) Y:                        Candidates     Selected     In-Place         Size        Empty    Relocated 
[5.021s][info][gc,reloc    ] GC(27) Y: Small Pages:                    1            0            0           2M           0M           0M 
[5.021s][info][gc,reloc    ] GC(27) Y: Medium Pages:                   1            0            0           4M           0M           0M 
[5.021s][info][gc,reloc    ] GC(27) Y: Large Pages:                    0            0            0           0M           0M           0M 
[5.021s][info][gc,reloc    ] GC(27) Y: Forwarding Usage: 0M
[5.021s][info][gc,reloc    ] GC(27) Y: Age Table:
[5.021s][info][gc,reloc    ] GC(27) Y:                    Live             Garbage             Small              Medium             Large        
[5.021s][info][gc,reloc    ] GC(27) Y: Eden                -                 0M (0%)           0 / 0              0 / 0              0 / 0        
[5.021s][info][gc,reloc    ] GC(27) Y: Survivor 1          -                 0M (0%)           0 / 0              0 / 0              0 / 0        
[5.021s][info][gc,reloc    ] GC(27) Y: Survivor 2          -                 0M (0%)           0 / 0              0 / 0              0 / 0        
[5.021s][info][gc,reloc    ] GC(27) Y: Survivor 3          -                 0M (0%)           0 / 0              0 / 0              0 / 0        
[5.021s][info][gc,reloc    ] GC(27) Y: Survivor 4         0M (0%)            5M (2%)           1 / 0              1 / 0              0 / 0        
[5.021s][info][gc,heap     ] GC(27) Y: Min Capacity: 8M(3%)
[5.021s][info][gc,heap     ] GC(27) Y: Max Capacity: 256M(100%)
[5.021s][info][gc,heap     ] GC(27) Y: Soft Max Capacity: 256M(100%)
[5.021s][info][gc,heap     ] GC(27) Y: Heap Statistics:
[5.021s][info][gc,heap     ] GC(27) Y:                Mark Start          Mark End        Relocate Start      Relocate End           High               Low         
[5.021s][info][gc,heap     ] GC(27) Y:  Capacity:      256M (100%)        256M (100%)        256M (100%)        256M (100%)        256M (100%)        256M (100%)   
[5.021s][info][gc,heap     ] GC(27) Y:      Free:        0M (0%)            0M (0%)            0M (0%)            0M (0%)            0M (0%)            0M (0%)     
[5.021s][info][gc,heap     ] GC(27) Y:      Used:      256M (100%)        256M (100%)        256M (100%)        256M (100%)        256M (100%)        256M (100%)   
[5.021s][info][gc,heap     ] GC(27) Y: Young Generation Statistics:
[5.021s][info][gc,heap     ] GC(27) Y:                Mark Start          Mark End        Relocate Start      Relocate End    
[5.021s][info][gc,heap     ] GC(27) Y:      Used:        6M (2%)            6M (2%)            0M (0%)            0M (0%)     
[5.021s][info][gc,heap     ] GC(27) Y:      Live:         -                 0M (0%)            0M (0%)            0M (0%)     
[5.021s][info][gc,heap     ] GC(27) Y:   Garbage:         -                 5M (2%)            0M (0%)            0M (0%)     
[5.021s][info][gc,heap     ] GC(27) Y: Allocated:         -                 0M (0%)            0M (0%)            0M (0%)     
[5.021s][info][gc,heap     ] GC(27) Y: Reclaimed:         -                  -                 5M (2%)            5M (2%)     
[5.022s][info][gc,heap     ] GC(27) Y:  Promoted:         -                  -                 0M (0%)            0M (0%)     
[5.022s][info][gc,heap     ] GC(27) Y: Compacted:         -                  -                  -                 0M (0%)     
[5.022s][info][gc,phases   ] GC(27) Y: Young Generation (Promote All) 256M(100%)->256M(100%) 0.002s
[5.022s][info][gc,phases   ] GC(27) Y: Young Generation (Collect Roots)
[5.022s][info][gc,phases   ] GC(27) Y: Pause Mark Start (Major) 0.008ms
[5.023s][info][gc,phases   ] GC(27) Y: Concurrent Mark 1.016ms
[5.023s][info][gc,phases   ] GC(27) Y: Pause Mark End 0.009ms
[5.023s][info][gc,phases   ] GC(27) Y: Concurrent Mark Free 0.000ms
[5.023s][info][gc,phases   ] GC(27) Y: Concurrent Reset Relocation Set 0.005ms
[5.023s][info][gc,reloc    ] GC(27) Y: Using tenuring threshold: 0 (Computed)
[5.023s][info][gc,phases   ] GC(27) Y: Concurrent Select Relocation Set 0.089ms
[5.023s][info][gc,phases   ] GC(27) Y: Pause Relocate Start 0.014ms
[5.023s][info][gc,phases   ] GC(27) Y: Concurrent Relocate 0.055ms
[5.023s][info][gc,alloc    ] GC(27) Y:                         Mark Start        Mark End      Relocate Start    Relocate End   
[5.023s][info][gc,alloc    ] GC(27) Y: Allocation Stalls:          1                1                1                1         
[5.023s][info][gc,load     ] GC(27) Y: Load: 0.00 (0%) / 0.00 (0%) / 0.00 (0%)
[5.023s][info][gc,mmu      ] GC(27) Y: MMU: 2ms/91.6%, 5ms/96.5%, 10ms/98.1%, 20ms/99.0%, 50ms/99.6%, 100ms/99.8%
[5.023s][info][gc,marking  ] GC(27) Y: Mark: 2 stripe(s), 1 proactive flush(es), 1 terminate flush(es), 0 completion(s), 0 continuation(s) 
[5.023s][info][gc,nmethod  ] GC(27) Y: NMethods: 1761 registered, 114 unregistered
[5.023s][info][gc,metaspace] GC(27) Y: Metaspace: 9M used, 10M committed, 1088M reserved
[5.023s][info][gc,heap     ] GC(27) Y: Min Capacity: 8M(3%)
[5.023s][info][gc,heap     ] GC(27) Y: Max Capacity: 256M(100%)
[5.023s][info][gc,heap     ] GC(27) Y: Soft Max Capacity: 256M(100%)
[5.023s][info][gc,heap     ] GC(27) Y: Heap Statistics:
[5.023s][info][gc,heap     ] GC(27) Y:                Mark Start          Mark End        Relocate Start      Relocate End           High               Low         
[5.023s][info][gc,heap     ] GC(27) Y:  Capacity:      256M (100%)        256M (100%)        256M (100%)        256M (100%)        256M (100%)        256M (100%)   
[5.023s][info][gc,heap     ] GC(27) Y:      Free:        0M (0%)            0M (0%)            0M (0%)            0M (0%)            0M (0%)            0M (0%)     
[5.023s][info][gc,heap     ] GC(27) Y:      Used:      256M (100%)        256M (100%)        256M (100%)        256M (100%)        256M (100%)        256M (100%)   
[5.023s][info][gc,heap     ] GC(27) Y: Young Generation Statistics:
[5.023s][info][gc,heap     ] GC(27) Y:                Mark Start          Mark End        Relocate Start      Relocate End    
[5.023s][info][gc,heap     ] GC(27) Y:      Used:        0M (0%)            0M (0%)            0M (0%)            0M (0%)     
[5.023s][info][gc,heap     ] GC(27) Y:      Live:         -                 0M (0%)            0M (0%)            0M (0%)     
[5.023s][info][gc,heap     ] GC(27) Y:   Garbage:         -                 0M (0%)            0M (0%)            0M (0%)     
[5.023s][info][gc,heap     ] GC(27) Y: Allocated:         -                 0M (0%)            0M (0%)            0M (0%)     
[5.023s][info][gc,heap     ] GC(27) Y: Reclaimed:         -                  -                 0M (0%)            0M (0%)     
[5.023s][info][gc,heap     ] GC(27) Y:  Promoted:         -                  -                 0M (0%)            0M (0%)     
[5.023s][info][gc,heap     ] GC(27) Y: Compacted:         -                  -                  -                 0M (0%)     
[5.023s][info][gc,phases   ] GC(27) Y: Young Generation (Collect Roots) 256M(100%)->256M(100%) 0.001s
[5.023s][info][gc,phases   ] GC(27) O: Old Generation
[5.027s][info][gc,phases   ] GC(27) O: Concurrent Mark 3.476ms
[5.027s][info][gc,phases   ] GC(27) O: Pause Mark End 0.010ms
[5.027s][info][gc,phases   ] GC(27) O: Concurrent Mark Free 0.001ms
[5.027s][info][gc,ref      ] GC(27) O: Clearing All SoftReferences
[5.028s][info][gc,phases   ] GC(27) O: Concurrent Process Non-Strong 1.219ms
[5.028s][info][gc,phases   ] GC(27) O: Concurrent Reset Relocation Set 0.000ms
[5.028s][info][gc,phases   ] GC(27) O: Concurrent Select Relocation Set 0.106ms
[5.028s][info][gc,task     ] GC(27) O: Using 2 Workers for Old Generation
[5.029s][info][gc,task     ] GC(27) O: Using 2 Workers for Old Generation
[5.029s][info][gc,phases   ] GC(27) O: Concurrent Remap Roots 0.875ms
[5.029s][info][gc,phases   ] GC(27) O: Pause Relocate Start 0.009ms
[5.029s][info][gc          ] Relocation Stall (main) 0.020ms
[5.030s][info][gc          ] Allocation Stall (main) 20.685ms
[5.031s][info][gc,phases   ] GC(27) O: Concurrent Relocate 1.322ms
[5.031s][info][gc,alloc    ] GC(27) O:                         Mark Start        Mark End      Relocate Start    Relocate End   
[5.031s][info][gc,alloc    ] GC(27) O: Allocation Stalls:          1                1                1                0         
[5.031s][info][gc,load     ] GC(27) O: Load: 0.00 (0%) / 0.00 (0%) / 0.00 (0%)
[5.031s][info][gc,mmu      ] GC(27) O: MMU: 2ms/91.6%, 5ms/96.5%, 10ms/98.1%, 20ms/99.0%, 50ms/99.6%, 100ms/99.8%
[5.031s][info][gc,marking  ] GC(27) O: Mark: 2 stripe(s), 1 proactive flush(es), 1 terminate flush(es), 0 completion(s), 0 continuation(s) 
[5.031s][info][gc,nmethod  ] GC(27) O: NMethods: 1761 registered, 114 unregistered
[5.031s][info][gc,metaspace] GC(27) O: Metaspace: 9M used, 10M committed, 1088M reserved
[5.031s][info][gc,ref      ] GC(27) O:                       Encountered   Discovered     Enqueued 
[5.031s][info][gc,ref      ] GC(27) O: Soft References:              140           66            0 
[5.031s][info][gc,ref      ] GC(27) O: Weak References:              900          753            0 
[5.031s][info][gc,ref      ] GC(27) O: Final References:               0            0            0 
[5.031s][info][gc,ref      ] GC(27) O: Phantom References:             3            2            0 
[5.031s][info][gc,reloc    ] GC(27) O:                        Candidates     Selected     In-Place         Size        Empty    Relocated 
[5.031s][info][gc,reloc    ] GC(27) O: Small Pages:                    4            1            0           8M           0M           0M 
[5.031s][info][gc,reloc    ] GC(27) O: Medium Pages:                  33            2            2         248M           0M           4M 
[5.031s][info][gc,reloc    ] GC(27) O: Large Pages:                    0            0            0           0M           0M           0M 
[5.031s][info][gc,reloc    ] GC(27) O: Forwarding Usage: 0M
[5.031s][info][gc,heap     ] GC(27) O: Min Capacity: 8M(3%)
[5.031s][info][gc,heap     ] GC(27) O: Max Capacity: 256M(100%)
[5.031s][info][gc,heap     ] GC(27) O: Soft Max Capacity: 256M(100%)
[5.031s][info][gc,heap     ] GC(27) O: Heap Statistics:
[5.031s][info][gc,heap     ] GC(27) O:                Mark Start          Mark End        Relocate Start      Relocate End           High               Low         
[5.031s][info][gc,heap     ] GC(27) O:  Capacity:      256M (100%)        256M (100%)        256M (100%)        256M (100%)        256M (100%)        256M (100%)   
[5.031s][info][gc,heap     ] GC(27) O:      Free:        0M (0%)            0M (0%)            0M (0%)            2M (1%)            4M (2%)            0M (0%)     
[5.031s][info][gc,heap     ] GC(27) O:      Used:      256M (100%)        256M (100%)        256M (100%)        254M (99%)         256M (100%)        252M (98%)    
[5.031s][info][gc,heap     ] GC(27) O: Old Generation Statistics:
[5.031s][info][gc,heap     ] GC(27) O:                Mark Start          Mark End        Relocate Start      Relocate End    
[5.031s][info][gc,heap     ] GC(27) O:      Used:      256M (100%)        256M (100%)        256M (100%)        252M (98%)    
[5.031s][info][gc,heap     ] GC(27) O:      Live:         -               229M (89%)         229M (89%)         229M (89%)    
[5.031s][info][gc,heap     ] GC(27) O:   Garbage:         -                26M (11%)          26M (11%)          13M (5%)     
[5.031s][info][gc,heap     ] GC(27) O: Allocated:         -                 0M (0%)            0M (0%)            9M (4%)     
[5.031s][info][gc,heap     ] GC(27) O: Reclaimed:         -                  -                 0M (0%)           13M (5%)     
[5.031s][info][gc,heap     ] GC(27) O: Compacted:         -                  -                  -                 6M (2%)     
[5.031s][info][gc,phases   ] GC(27) O: Old Generation 256M(100%)->254M(99%) 0.007s
[5.031s][info][gc          ] GC(27) Major Collection (Allocation Stall) 256M(100%)->254M(99%) 0.012s
[5.087s][info][gc          ] GC(28) Minor Collection (Allocation Stall)
[5.087s][info][gc,task     ] GC(28) Using 2 Workers for Young Generation
[5.087s][info][gc,phases   ] GC(28) y: Young Generation
[5.088s][info][gc,phases   ] GC(28) y: Pause Mark Start 0.007ms
[5.089s][info][gc,phases   ] GC(28) y: Concurrent Mark 1.434ms
[5.089s][info][gc,phases   ] GC(28) y: Pause Mark End 0.005ms
[5.089s][info][gc,phases   ] GC(28) y: Concurrent Mark Free 0.001ms
[5.089s][info][gc,phases   ] GC(28) y: Concurrent Reset Relocation Set 0.000ms
[5.089s][info][gc,reloc    ] GC(28) y: Using tenuring threshold: 1 (Computed)
[5.090s][info][gc,phases   ] GC(28) y: Concurrent Select Relocation Set 0.360ms
[5.090s][info][gc,phases   ] GC(28) y: Pause Relocate Start 0.003ms
[5.090s][info][gc,phases   ] GC(28) y: Concurrent Relocate 0.219ms
[5.090s][info][gc,alloc    ] GC(28) y:                         Mark Start        Mark End      Relocate Start    Relocate End   
[5.090s][info][gc,alloc    ] GC(28) y: Allocation Stalls:          1                1                1                1         
[5.090s][info][gc,load     ] GC(28) y: Load: 0.00 (0%) / 0.00 (0%) / 0.00 (0%)
[5.090s][info][gc,mmu      ] GC(28) y: MMU: 2ms/91.6%, 5ms/96.5%, 10ms/98.1%, 20ms/99.0%, 50ms/99.6%, 100ms/99.8%
[5.090s][info][gc,marking  ] GC(28) y: Mark: 2 stripe(s), 1 proactive flush(es), 1 terminate flush(es), 0 completion(s), 0 continuation(s) 
[5.090s][info][gc,nmethod  ] GC(28) y: NMethods: 1761 registered, 114 unregistered
[5.090s][info][gc,metaspace] GC(28) y: Metaspace: 9M used, 10M committed, 1088M reserved
[5.090s][info][gc,reloc    ] GC(28) y:                        Candidates     Selected     In-Place         Size        Empty    Relocated 
[5.090s][info][gc,reloc    ] GC(28) y: Small Pages:                    1            0            0           2M           2M           0M 
[5.090s][info][gc,reloc    ] GC(28) y: Medium Pages:                   1            0            0           2M           0M           0M 
[5.090s][info][gc,reloc    ] GC(28) y: Large Pages:                    0            0            0           0M           0M           0M 
[5.090s][info][gc,reloc    ] GC(28) y: Forwarding Usage: 0M
[5.090s][info][gc,reloc    ] GC(28) y: Age Table:
[5.090s][info][gc,reloc    ] GC(28) y:                    Live             Garbage             Small              Medium             Large        
[5.090s][info][gc,reloc    ] GC(28) y: Eden               1M (1%)            2M (1%)           1 / 0              1 / 0              0 / 0        
[5.090s][info][gc,heap     ] GC(28) y: Min Capacity: 8M(3%)
[5.090s][info][gc,heap     ] GC(28) y: Max Capacity: 256M(100%)
[5.090s][info][gc,heap     ] GC(28) y: Soft Max Capacity: 256M(100%)
[5.090s][info][gc,heap     ] GC(28) y: Heap Statistics:
[5.090s][info][gc,heap     ] GC(28) y:                Mark Start          Mark End        Relocate Start      Relocate End           High               Low         
[5.090s][info][gc,heap     ] GC(28) y:  Capacity:      256M (100%)        256M (100%)        256M (100%)        256M (100%)        256M (100%)        256M (100%)   
[5.090s][info][gc,heap     ] GC(28) y:      Free:        0M (0%)            0M (0%)            2M (1%)            2M (1%)            2M (1%)            0M (0%)     
[5.090s][info][gc,heap     ] GC(28) y:      Used:      256M (100%)        256M (100%)        254M (99%)         254M (99%)         256M (100%)        254M (99%)    
[5.090s][info][gc,heap     ] GC(28) y: Young Generation Statistics:
[5.090s][info][gc,heap     ] GC(28) y:                Mark Start          Mark End        Relocate Start      Relocate End    
[5.090s][info][gc,heap     ] GC(28) y:      Used:        4M (2%)            4M (2%)            2M (1%)            2M (1%)     
[5.090s][info][gc,heap     ] GC(28) y:      Live:         -                 1M (1%)            1M (1%)            1M (1%)     
[5.090s][info][gc,heap     ] GC(28) y:   Garbage:         -                 2M (1%)            0M (0%)            0M (0%)     
[5.090s][info][gc,heap     ] GC(28) y: Allocated:         -                 0M (0%)            0M (0%)            0M (0%)     
[5.090s][info][gc,heap     ] GC(28) y: Reclaimed:         -                  -                 2M (1%)            2M (1%)     
[5.090s][info][gc,heap     ] GC(28) y:  Promoted:         -                  -                 0M (0%)            0M (0%)     
[5.090s][info][gc,heap     ] GC(28) y: Compacted:         -                  -                  -                 0M (0%)     
[5.090s][info][gc,phases   ] GC(28) y: Young Generation 256M(100%)->254M(99%) 0.002s
[5.090s][info][gc          ] GC(28) Minor Collection (Allocation Stall) 256M(100%)->254M(99%) 0.003s
[5.090s][info][gc          ] GC(29) Major Collection (Allocation Stall)
[5.090s][info][gc,task     ] GC(29) Using 2 Workers for Young Generation
[5.090s][info][gc,task     ] GC(29) Using 2 Workers for Old Generation
[5.090s][info][gc,phases   ] GC(29) Y: Young Generation (Promote All)
[5.090s][info][gc,phases   ] GC(29) Y: Pause Mark Start 0.004ms
[5.092s][info][gc,phases   ] GC(29) Y: Concurrent Mark 1.119ms
[5.092s][info][gc,phases   ] GC(29) Y: Pause Mark End 0.004ms
[5.092s][info][gc,phases   ] GC(29) Y: Concurrent Mark Free 0.000ms
[5.092s][info][gc,phases   ] GC(29) Y: Concurrent Reset Relocation Set 0.000ms
[5.092s][info][gc,reloc    ] GC(29) Y: Using tenuring threshold: 0 (Promote All)
[5.092s][info][gc,phases   ] GC(29) Y: Concurrent Select Relocation Set 0.333ms
[5.092s][info][gc,phases   ] GC(29) Y: Pause Relocate Start 0.003ms
[5.092s][info][gc,phases   ] GC(29) Y: Concurrent Relocate 0.239ms
[5.092s][info][gc,alloc    ] GC(29) Y:                         Mark Start        Mark End      Relocate Start    Relocate End   
[5.092s][info][gc,alloc    ] GC(29) Y: Allocation Stalls:          1                1                1                1         
[5.092s][info][gc,load     ] GC(29) Y: Load: 0.00 (0%) / 0.00 (0%) / 0.00 (0%)
[5.092s][info][gc,mmu      ] GC(29) Y: MMU: 2ms/91.6%, 5ms/96.5%, 10ms/98.1%, 20ms/99.0%, 50ms/99.6%, 100ms/99.8%
[5.092s][info][gc,marking  ] GC(29) Y: Mark: 2 stripe(s), 1 proactive flush(es), 1 terminate flush(es), 0 completion(s), 0 continuation(s) 
[5.092s][info][gc,nmethod  ] GC(29) Y: NMethods: 1761 registered, 114 unregistered
[5.092s][info][gc,metaspace] GC(29) Y: Metaspace: 9M used, 10M committed, 1088M reserved
[5.092s][info][gc,reloc    ] GC(29) Y:                        Candidates     Selected     In-Place         Size        Empty    Relocated 
[5.092s][info][gc,reloc    ] GC(29) Y: Small Pages:                    0            0            0           0M           0M           0M 
[5.092s][info][gc,reloc    ] GC(29) Y: Medium Pages:                   1            0            0           2M           0M           0M 
[5.092s][info][gc,reloc    ] GC(29) Y: Large Pages:                    0            0            0           0M           0M           0M 
[5.093s][info][gc,reloc    ] GC(29) Y: Forwarding Usage: 0M
[5.093s][info][gc,reloc    ] GC(29) Y: Age Table:
[5.093s][info][gc,reloc    ] GC(29) Y:                    Live             Garbage             Small              Medium             Large        
[5.093s][info][gc,reloc    ] GC(29) Y: Eden                -                 0M (0%)           0 / 0              0 / 0              0 / 0        
[5.093s][info][gc,reloc    ] GC(29) Y: Survivor 1         1M (1%)            0M (0%)           0 / 0              1 / 0              0 / 0        
[5.093s][info][gc,heap     ] GC(29) Y: Min Capacity: 8M(3%)
[5.093s][info][gc,heap     ] GC(29) Y: Max Capacity: 256M(100%)
[5.093s][info][gc,heap     ] GC(29) Y: Soft Max Capacity: 256M(100%)
[5.093s][info][gc,heap     ] GC(29) Y: Heap Statistics:
[5.093s][info][gc,heap     ] GC(29) Y:                Mark Start          Mark End        Relocate Start      Relocate End           High               Low         
[5.093s][info][gc,heap     ] GC(29) Y:  Capacity:      256M (100%)        256M (100%)        256M (100%)        256M (100%)        256M (100%)        256M (100%)   
[5.093s][info][gc,heap     ] GC(29) Y:      Free:        2M (1%)            2M (1%)            2M (1%)            2M (1%)            2M (1%)            2M (1%)     
[5.093s][info][gc,heap     ] GC(29) Y:      Used:      254M (99%)         254M (99%)         254M (99%)         254M (99%)         254M (99%)         254M (99%)    
[5.093s][info][gc,heap     ] GC(29) Y: Young Generation Statistics:
[5.093s][info][gc,heap     ] GC(29) Y:                Mark Start          Mark End        Relocate Start      Relocate End    
[5.093s][info][gc,heap     ] GC(29) Y:      Used:        2M (1%)            2M (1%)            0M (0%)            0M (0%)     
[5.093s][info][gc,heap     ] GC(29) Y:      Live:         -                 1M (1%)            0M (0%)            0M (0%)     
[5.093s][info][gc,heap     ] GC(29) Y:   Garbage:         -                 0M (0%)            0M (0%)            0M (0%)     
[5.093s][info][gc,heap     ] GC(29) Y: Allocated:         -                 0M (0%)            0M (0%)            0M (0%)     
[5.093s][info][gc,heap     ] GC(29) Y: Reclaimed:         -                  -                 0M (0%)            0M (0%)     
[5.093s][info][gc,heap     ] GC(29) Y:  Promoted:         -                  -                 1M (1%)            1M (1%)     
[5.093s][info][gc,heap     ] GC(29) Y: Compacted:         -                  -                  -                 0M (0%)     
[5.093s][info][gc,phases   ] GC(29) Y: Young Generation (Promote All) 254M(99%)->254M(99%) 0.002s
[5.093s][info][gc,phases   ] GC(29) Y: Young Generation (Collect Roots)
[5.093s][info][gc,phases   ] GC(29) Y: Pause Mark Start (Major) 0.005ms
[5.094s][info][gc,phases   ] GC(29) Y: Concurrent Mark 1.121ms
[5.094s][info][gc,phases   ] GC(29) Y: Pause Mark End 0.006ms
[5.094s][info][gc,phases   ] GC(29) Y: Concurrent Mark Free 0.001ms
[5.094s][info][gc,phases   ] GC(29) Y: Concurrent Reset Relocation Set 0.001ms
[5.094s][info][gc,reloc    ] GC(29) Y: Using tenuring threshold: 0 (Computed)
[5.094s][info][gc,phases   ] GC(29) Y: Concurrent Select Relocation Set 0.289ms
[5.094s][info][gc,phases   ] GC(29) Y: Pause Relocate Start 0.004ms
[5.095s][info][gc,phases   ] GC(29) Y: Concurrent Relocate 0.134ms
[5.095s][info][gc,alloc    ] GC(29) Y:                         Mark Start        Mark End      Relocate Start    Relocate End   
[5.095s][info][gc,alloc    ] GC(29) Y: Allocation Stalls:          1                1                1                1         
[5.095s][info][gc,load     ] GC(29) Y: Load: 0.00 (0%) / 0.00 (0%) / 0.00 (0%)
[5.095s][info][gc,mmu      ] GC(29) Y: MMU: 2ms/91.6%, 5ms/96.5%, 10ms/98.1%, 20ms/99.0%, 50ms/99.6%, 100ms/99.8%
[5.095s][info][gc,marking  ] GC(29) Y: Mark: 2 stripe(s), 1 proactive flush(es), 1 terminate flush(es), 0 completion(s), 0 continuation(s) 
[5.095s][info][gc,nmethod  ] GC(29) Y: NMethods: 1761 registered, 114 unregistered
[5.095s][info][gc,metaspace] GC(29) Y: Metaspace: 9M used, 10M committed, 1088M reserved
[5.095s][info][gc,heap     ] GC(29) Y: Min Capacity: 8M(3%)
[5.095s][info][gc,heap     ] GC(29) Y: Max Capacity: 256M(100%)
[5.095s][info][gc,heap     ] GC(29) Y: Soft Max Capacity: 256M(100%)
[5.095s][info][gc,heap     ] GC(29) Y: Heap Statistics:
[5.095s][info][gc,heap     ] GC(29) Y:                Mark Start          Mark End        Relocate Start      Relocate End           High               Low         
[5.095s][info][gc,heap     ] GC(29) Y:  Capacity:      256M (100%)        256M (100%)        256M (100%)        256M (100%)        256M (100%)        256M (100%)   
[5.095s][info][gc,heap     ] GC(29) Y:      Free:        2M (1%)            2M (1%)            2M (1%)            2M (1%)            2M (1%)            2M (1%)     
[5.095s][info][gc,heap     ] GC(29) Y:      Used:      254M (99%)         254M (99%)         254M (99%)         254M (99%)         254M (99%)         254M (99%)    
[5.095s][info][gc,heap     ] GC(29) Y: Young Generation Statistics:
[5.095s][info][gc,heap     ] GC(29) Y:                Mark Start          Mark End        Relocate Start      Relocate End    
[5.095s][info][gc,heap     ] GC(29) Y:      Used:        0M (0%)            0M (0%)            0M (0%)            0M (0%)     
[5.095s][info][gc,heap     ] GC(29) Y:      Live:         -                 0M (0%)            0M (0%)            0M (0%)     
[5.095s][info][gc,heap     ] GC(29) Y:   Garbage:         -                 0M (0%)            0M (0%)            0M (0%)     
[5.095s][info][gc,heap     ] GC(29) Y: Allocated:         -                 0M (0%)            0M (0%)            0M (0%)     
[5.095s][info][gc,heap     ] GC(29) Y: Reclaimed:         -                  -                 0M (0%)            0M (0%)     
[5.095s][info][gc,heap     ] GC(29) Y:  Promoted:         -                  -                 0M (0%)            0M (0%)     
[5.095s][info][gc,heap     ] GC(29) Y: Compacted:         -                  -                  -                 0M (0%)     
[5.095s][info][gc,phases   ] GC(29) Y: Young Generation (Collect Roots) 254M(99%)->254M(99%) 0.002s
[5.095s][info][gc,phases   ] GC(29) O: Old Generation
[5.098s][info][gc,phases   ] GC(29) O: Concurrent Mark 3.641ms
[5.099s][info][gc,phases   ] GC(29) O: Pause Mark End 0.005ms
[5.099s][info][gc,phases   ] GC(29) O: Concurrent Mark Free 0.001ms
[5.099s][info][gc,ref      ] GC(29) O: Clearing All SoftReferences
[5.100s][info][gc,phases   ] GC(29) O: Concurrent Process Non-Strong 1.453ms
[5.100s][info][gc,phases   ] GC(29) O: Concurrent Reset Relocation Set 0.001ms
[5.100s][info][gc,phases   ] GC(29) O: Concurrent Select Relocation Set 0.100ms
[5.100s][info][gc,task     ] GC(29) O: Using 2 Workers for Old Generation
[5.101s][info][gc,task     ] GC(29) O: Using 2 Workers for Old Generation
[5.101s][info][gc,phases   ] GC(29) O: Concurrent Remap Roots 0.582ms
[5.101s][info][gc,phases   ] GC(29) O: Pause Relocate Start 0.007ms
[5.102s][info][gc,phases   ] GC(29) O: Concurrent Relocate 0.720ms
[5.102s][info][gc,alloc    ] GC(29) O:                         Mark Start        Mark End      Relocate Start    Relocate End   
[5.102s][info][gc,alloc    ] GC(29) O: Allocation Stalls:          1                1                1                1         
[5.102s][info][gc,load     ] GC(29) O: Load: 0.00 (0%) / 0.00 (0%) / 0.00 (0%)
[5.102s][info][gc,mmu      ] GC(29) O: MMU: 2ms/91.6%, 5ms/96.5%, 10ms/98.1%, 20ms/99.0%, 50ms/99.6%, 100ms/99.8%
[5.102s][info][gc,marking  ] GC(29) O: Mark: 2 stripe(s), 1 proactive flush(es), 1 terminate flush(es), 0 completion(s), 0 continuation(s) 
[5.102s][info][gc,nmethod  ] GC(29) O: NMethods: 1761 registered, 114 unregistered
[5.102s][info][gc,metaspace] GC(29) O: Metaspace: 9M used, 10M committed, 1088M reserved
[5.102s][info][gc,ref      ] GC(29) O:                       Encountered   Discovered     Enqueued 
[5.102s][info][gc,ref      ] GC(29) O: Soft References:              140           45            0 
[5.102s][info][gc,ref      ] GC(29) O: Weak References:              900          591            0 
[5.102s][info][gc,ref      ] GC(29) O: Final References:               0            0            0 
[5.102s][info][gc,ref      ] GC(29) O: Phantom References:             3            2            0 
[5.102s][info][gc,reloc    ] GC(29) O:                        Candidates     Selected     In-Place         Size        Empty    Relocated 
[5.102s][info][gc,reloc    ] GC(29) O: Small Pages:                    4            1            1           8M           0M           0M 
[5.102s][info][gc,reloc    ] GC(29) O: Medium Pages:                  33            0            0         246M           0M           0M 
[5.102s][info][gc,reloc    ] GC(29) O: Large Pages:                    0            0            0           0M           0M           0M 
[5.102s][info][gc,reloc    ] GC(29) O: Forwarding Usage: 0M
[5.102s][info][gc,heap     ] GC(29) O: Min Capacity: 8M(3%)
[5.102s][info][gc,heap     ] GC(29) O: Max Capacity: 256M(100%)
[5.102s][info][gc,heap     ] GC(29) O: Soft Max Capacity: 256M(100%)
[5.102s][info][gc,heap     ] GC(29) O: Heap Statistics:
[5.102s][info][gc,heap     ] GC(29) O:                Mark Start          Mark End        Relocate Start      Relocate End           High               Low         
[5.102s][info][gc,heap     ] GC(29) O:  Capacity:      256M (100%)        256M (100%)        256M (100%)        256M (100%)        256M (100%)        256M (100%)   
[5.102s][info][gc,heap     ] GC(29) O:      Free:        2M (1%)            2M (1%)            2M (1%)            2M (1%)            2M (1%)            0M (0%)     
[5.102s][info][gc,heap     ] GC(29) O:      Used:      254M (99%)         254M (99%)         254M (99%)         254M (99%)         256M (100%)        254M (99%)    
[5.102s][info][gc,heap     ] GC(29) O: Old Generation Statistics:
[5.102s][info][gc,heap     ] GC(29) O:                Mark Start          Mark End        Relocate Start      Relocate End    
[5.102s][info][gc,heap     ] GC(29) O:      Used:      254M (99%)         254M (99%)         254M (99%)         254M (99%)    
[5.102s][info][gc,heap     ] GC(29) O:      Live:         -               230M (90%)         230M (90%)         230M (90%)    
[5.102s][info][gc,heap     ] GC(29) O:   Garbage:         -                23M (9%)           23M (9%)           19M (8%)     
[5.102s][info][gc,heap     ] GC(29) O: Allocated:         -                 0M (0%)            0M (0%)            3M (1%)     
[5.102s][info][gc,heap     ] GC(29) O: Reclaimed:         -                  -                 0M (0%)            3M (1%)     
[5.102s][info][gc,heap     ] GC(29) O: Compacted:         -                  -                  -                 0M (0%)     
[5.102s][info][gc,phases   ] GC(29) O: Old Generation 254M(99%)->254M(99%) 0.007s
[5.102s][info][gc          ] GC(29) Major Collection (Allocation Stall) 254M(99%)->254M(99%) 0.012s
[5.102s][info][gc          ] Allocation Stall (main) 14.739ms
[5.102s][info][gc          ] Out Of Memory (main)
[5.105s][info][gc,exit     ] Stopping ZGC
[5.105s][info][gc,stats    ] === Garbage Collection Statistics =======================================================================================================================
[5.106s][info][gc,stats    ]                                                              Last 10s              Last 10m              Last 10h                Total
[5.106s][info][gc,stats    ]                                                              Avg / Max             Avg / Max             Avg / Max             Avg / Max
[5.106s][info][gc,stats    ]        Contention: Mark Segment Reset Contention                     3 / 13                3 / 13                3 / 13                3 / 13          ops/s
[5.106s][info][gc,stats    ]        Contention: Mark SeqNum Reset Contention                      2 / 8                 2 / 8                 2 / 8                 2 / 8           ops/s
[5.106s][info][gc,stats    ]          Critical: Allocation Stall                                  0 / 2                 0 / 2                 0 / 2                 0 / 2           ops/s
[5.106s][info][gc,stats    ]          Critical: Allocation Stall                             13.704 / 20.685       13.704 / 20.685       13.704 / 20.685       13.704 / 20.685      ms
[5.106s][info][gc,stats    ]          Critical: JNI Critical Stall                                0 / 0                 0 / 0                 0 / 0                 0 / 0           ops/s
[5.106s][info][gc,stats    ]          Critical: JNI Critical Stall                            0.000 / 0.000         0.000 / 0.000         0.000 / 0.000         0.000 / 0.000       ms
[5.106s][info][gc,stats    ]          Critical: Relocation Stall                                  0 / 1                 0 / 1                 0 / 1                 0 / 1           ops/s
[5.106s][info][gc,stats    ]          Critical: Relocation Stall                              0.020 / 0.020         0.020 / 0.020         0.020 / 0.020         0.020 / 0.020       ms
[5.106s][info][gc,stats    ]  Major Collection: Major Collection                             14.544 / 24.577       14.544 / 24.577       14.544 / 24.577       14.544 / 24.577      ms
[5.106s][info][gc,stats    ]            Memory: Allocation Rate                                  76 / 128              76 / 128              76 / 128              76 / 128         MB/s
[5.106s][info][gc,stats    ]            Memory: Defragment                                        0 / 0                 0 / 0                 0 / 0                 0 / 0           ops/s
[5.106s][info][gc,stats    ]            Memory: Mapped Cache Harvest                              4 / 20                4 / 20                4 / 20                4 / 20          MB/s
[5.106s][info][gc,stats    ]            Memory: Out Of Memory                                     0 / 0                 0 / 0                 0 / 0                 0 / 0           ops/s
[5.106s][info][gc,stats    ]            Memory: Uncommit                                          0 / 0                 0 / 0                 0 / 0                 0 / 0           MB/s
[5.106s][info][gc,stats    ]            Memory: Undo Object Allocation Failed                     0 / 0                 0 / 0                 0 / 0                 0 / 0           ops/s
[5.106s][info][gc,stats    ]            Memory: Undo Object Allocation Succeeded                  0 / 0                 0 / 0                 0 / 0                 0 / 0           ops/s
[5.106s][info][gc,stats    ]            Memory: Undo Page Allocation                              0 / 0                 0 / 0                 0 / 0                 0 / 0           ops/s
[5.106s][info][gc,stats    ]  Minor Collection: Minor Collection                              3.079 / 6.232         3.079 / 6.232         3.079 / 6.232         3.079 / 6.232       ms
[5.106s][info][gc,stats    ]    Old Generation: Old Generation                                8.756 / 14.470        8.756 / 14.470        8.756 / 14.470        8.756 / 14.470      ms
[5.106s][info][gc,stats    ]         Old Pause: Pause Mark End                                0.008 / 0.010         0.008 / 0.010         0.008 / 0.010         0.008 / 0.010       ms
[5.106s][info][gc,stats    ]         Old Pause: Pause Relocate Start                          0.018 / 0.169         0.018 / 0.169         0.018 / 0.169         0.018 / 0.169       ms
[5.106s][info][gc,stats    ]         Old Phase: Concurrent Mark                               4.288 / 7.518         4.288 / 7.518         4.288 / 7.518         4.288 / 7.518       ms
[5.106s][info][gc,stats    ]         Old Phase: Concurrent Mark Continue                      0.000 / 0.000         0.000 / 0.000         0.000 / 0.000         0.000 / 0.000       ms
[5.106s][info][gc,stats    ]         Old Phase: Concurrent Mark Free                          0.001 / 0.002         0.001 / 0.002         0.001 / 0.002         0.001 / 0.002       ms
[5.106s][info][gc,stats    ]         Old Phase: Concurrent Process Non-Strong                 2.286 / 3.230         2.286 / 3.230         2.286 / 3.230         2.286 / 3.230       ms
[5.106s][info][gc,stats    ]         Old Phase: Concurrent Relocate                           0.609 / 1.956         0.609 / 1.956         0.609 / 1.956         0.609 / 1.956       ms
[5.106s][info][gc,stats    ]         Old Phase: Concurrent Remap Roots                        0.705 / 1.232         0.705 / 1.232         0.705 / 1.232         0.705 / 1.232       ms
[5.106s][info][gc,stats    ]         Old Phase: Concurrent Reset Relocation Set               0.000 / 0.001         0.000 / 0.001         0.000 / 0.001         0.000 / 0.001       ms
[5.106s][info][gc,stats    ]         Old Phase: Concurrent Select Relocation Set              0.099 / 0.164         0.099 / 0.164         0.099 / 0.164         0.099 / 0.164       ms
[5.106s][info][gc,stats    ]      Old Subphase: Concurrent Classes Purge                      0.026 / 0.148         0.026 / 0.148         0.026 / 0.148         0.026 / 0.148       ms
[5.106s][info][gc,stats    ]      Old Subphase: Concurrent Classes Unlink                     1.579 / 1.976         1.579 / 1.976         1.579 / 1.976         1.579 / 1.976       ms
[5.106s][info][gc,stats    ]      Old Subphase: Concurrent Mark Follow                        4.170 / 7.413         4.170 / 7.413         4.170 / 7.413         4.170 / 7.413       ms
[5.106s][info][gc,stats    ]      Old Subphase: Concurrent Mark Root Colored                  0.021 / 0.058         0.021 / 0.058         0.021 / 0.058         0.021 / 0.058       ms
[5.106s][info][gc,stats    ]      Old Subphase: Concurrent Mark Root Uncolored                0.031 / 0.064         0.031 / 0.064         0.031 / 0.064         0.031 / 0.064       ms
[5.106s][info][gc,stats    ]      Old Subphase: Concurrent Mark Roots                         0.115 / 0.160         0.115 / 0.160         0.115 / 0.160         0.115 / 0.160       ms
[5.106s][info][gc,stats    ]      Old Subphase: Concurrent References Enqueue                 0.001 / 0.003         0.001 / 0.003         0.001 / 0.003         0.001 / 0.003       ms
[5.106s][info][gc,stats    ]      Old Subphase: Concurrent References Process                 0.120 / 0.261         0.120 / 0.261         0.120 / 0.261         0.120 / 0.261       ms
[5.106s][info][gc,stats    ]      Old Subphase: Concurrent Remap Remembered                   0.164 / 0.704         0.164 / 0.704         0.164 / 0.704         0.164 / 0.704       ms
[5.106s][info][gc,stats    ]      Old Subphase: Concurrent Remap Roots Colored                0.194 / 0.287         0.194 / 0.287         0.194 / 0.287         0.194 / 0.287       ms
[5.106s][info][gc,stats    ]      Old Subphase: Concurrent Remap Roots Uncolored              0.213 / 0.340         0.213 / 0.340         0.213 / 0.340         0.213 / 0.340       ms
[5.106s][info][gc,stats    ]      Old Subphase: Concurrent Roots ClassLoaderDataGraph         0.098 / 0.251         0.098 / 0.251         0.098 / 0.251         0.098 / 0.251       ms
[5.106s][info][gc,stats    ]      Old Subphase: Concurrent Roots CodeCache                    0.208 / 0.337         0.208 / 0.337         0.208 / 0.337         0.208 / 0.337       ms
[5.106s][info][gc,stats    ]      Old Subphase: Concurrent Roots JavaThreads                  0.011 / 0.064         0.011 / 0.064         0.011 / 0.064         0.011 / 0.064       ms
[5.106s][info][gc,stats    ]      Old Subphase: Concurrent Roots OopStorageSet                0.003 / 0.011         0.003 / 0.011         0.003 / 0.011         0.003 / 0.011       ms
[5.106s][info][gc,stats    ]      Old Subphase: Concurrent Weak Roots OopStorageSet           0.118 / 0.505         0.118 / 0.505         0.118 / 0.505         0.118 / 0.505       ms
[5.106s][info][gc,stats    ]            System: Java Threads                                     11 / 13               11 / 13               11 / 13               11 / 13          threads
[5.106s][info][gc,stats    ]  Young Generation: Young Generation                              5.363 / 19.129        5.363 / 19.129        5.363 / 19.129        5.363 / 19.129      ms
[5.106s][info][gc,stats    ]  Young Generation: Young Generation                              2.735 / 5.882         2.735 / 5.882         2.735 / 5.882         2.735 / 5.882       ms
[5.106s][info][gc,stats    ]  Young Generation: Young Generation (Collect Roots)              1.498 / 1.538         1.498 / 1.538         1.498 / 1.538         1.498 / 1.538       ms
[5.106s][info][gc,stats    ]  Young Generation: Young Generation (Promote All)                2.042 / 2.432         2.042 / 2.432         2.042 / 2.432         2.042 / 2.432       ms
[5.106s][info][gc,stats    ]       Young Pause: Pause Mark End                                0.006 / 0.012         0.006 / 0.012         0.006 / 0.012         0.006 / 0.012       ms
[5.106s][info][gc,stats    ]       Young Pause: Pause Mark Start                              0.005 / 0.008         0.005 / 0.008         0.005 / 0.008         0.005 / 0.008       ms
[5.106s][info][gc,stats    ]       Young Pause: Pause Mark Start (Major)                      0.007 / 0.010         0.007 / 0.010         0.007 / 0.010         0.007 / 0.010       ms
[5.106s][info][gc,stats    ]       Young Pause: Pause Relocate Start                          0.005 / 0.014         0.005 / 0.014         0.005 / 0.014         0.005 / 0.014       ms
[5.106s][info][gc,stats    ]       Young Phase: Concurrent Mark                               1.971 / 8.786         1.971 / 8.786         1.971 / 8.786         1.971 / 8.786       ms
[5.106s][info][gc,stats    ]       Young Phase: Concurrent Mark Continue                      0.000 / 0.000         0.000 / 0.000         0.000 / 0.000         0.000 / 0.000       ms
[5.106s][info][gc,stats    ]       Young Phase: Concurrent Mark Free                          0.001 / 0.002         0.001 / 0.002         0.001 / 0.002         0.001 / 0.002       ms
[5.106s][info][gc,stats    ]       Young Phase: Concurrent Relocate                           0.665 / 7.152         0.665 / 7.152         0.665 / 7.152         0.665 / 7.152       ms
[5.106s][info][gc,stats    ]       Young Phase: Concurrent Reset Relocation Set               0.001 / 0.006         0.001 / 0.006         0.001 / 0.006         0.001 / 0.006       ms
[5.106s][info][gc,stats    ]       Young Phase: Concurrent Select Relocation Set              0.419 / 2.696         0.419 / 2.696         0.419 / 2.696         0.419 / 2.696       ms
[5.106s][info][gc,stats    ]    Young Subphase: Concurrent Mark Follow                        1.248 / 7.769         1.248 / 7.769         1.248 / 7.769         1.248 / 7.769       ms
[5.106s][info][gc,stats    ]    Young Subphase: Concurrent Mark Root Colored                  0.332 / 0.679         0.332 / 0.679         0.332 / 0.679         0.332 / 0.679       ms
[5.106s][info][gc,stats    ]    Young Subphase: Concurrent Mark Root Uncolored                0.305 / 0.546         0.305 / 0.546         0.305 / 0.546         0.305 / 0.546       ms
[5.106s][info][gc,stats    ]    Young Subphase: Concurrent Mark Roots                         0.722 / 1.101         0.722 / 1.101         0.722 / 1.101         0.722 / 1.101       ms
[5.106s][info][gc,stats    ]    Young Subphase: Concurrent Relocate Remset FP                 0.095 / 1.418         0.095 / 1.418         0.095 / 1.418         0.095 / 1.418       ms
[5.106s][info][gc,stats    ]    Young Subphase: Concurrent Roots ClassLoaderDataGraph         0.196 / 0.373         0.196 / 0.373         0.196 / 0.373         0.196 / 0.373       ms
[5.106s][info][gc,stats    ]    Young Subphase: Concurrent Roots CodeCache                    0.277 / 0.501         0.277 / 0.501         0.277 / 0.501         0.277 / 0.501       ms
[5.106s][info][gc,stats    ]    Young Subphase: Concurrent Roots JavaThreads                  0.017 / 0.381         0.017 / 0.381         0.017 / 0.381         0.017 / 0.381       ms
[5.106s][info][gc,stats    ]    Young Subphase: Concurrent Roots OopStorageSet                0.005 / 0.053         0.005 / 0.053         0.005 / 0.053         0.005 / 0.053       ms
[5.106s][info][gc,stats    ]    Young Subphase: Concurrent Weak Roots OopStorageSet           0.130 / 0.445         0.130 / 0.445         0.130 / 0.445         0.130 / 0.445       ms
[5.106s][info][gc,stats    ] =========================================================================================================================================================
[5.106s][info][gc,exit     ] Heap
[5.106s][info][gc,exit     ]  ZHeap           used 256M, capacity 256M, max capacity 256M
[5.106s][info][gc,exit     ]   Cache          0M (0)
[5.106s][info][gc,exit     ]  Metaspace       used 10079K, committed 10304K, reserved 1114112K
[5.106s][info][gc,exit     ]   class space    used 1023K, committed 1088K, reserved 1048576K
